Archive member included to satisfy reference by file (symbol)

C:/devkitPro/libnds/lib\libdswifi9.a(dswifi9.o)
                              main.o (Wifi_InitDefault)
C:/devkitPro/libnds/lib\libdswifi9.a(sgIP_DHCP.o)
                              C:/devkitPro/libnds/lib\libdswifi9.a(dswifi9.o) (gethostid)
C:/devkitPro/libnds/lib\libdswifi9.a(sgIP_DNS.o)
                              C:/devkitPro/libnds/lib\libdswifi9.a(sgIP_DHCP.o) (sgIP_DNS_FindDNSRecord)
C:/devkitPro/libnds/lib\libdswifi9.a(sgIP_sockets.o)
                              main.o (socket)
C:/devkitPro/libnds/lib\libdswifi9.a(wfc.o)
                              C:/devkitPro/libnds/lib\libdswifi9.a(sgIP_DHCP.o) (sgIP_malloc)
C:/devkitPro/libnds/lib\libdswifi9.a(wpa.twl.o)
                              C:/devkitPro/libnds/lib\libdswifi9.a(wfc.o) (_wpaDerivePmk)
C:/devkitPro/libnds/lib\libdswifi9.a(sgIP.o)
                              C:/devkitPro/libnds/lib\libdswifi9.a(wfc.o) (sgIP_Init)
C:/devkitPro/libnds/lib\libdswifi9.a(sgIP_memblock.o)
                              C:/devkitPro/libnds/lib\libdswifi9.a(sgIP.o) (sgIP_memblock_Init)
C:/devkitPro/libnds/lib\libdswifi9.a(sgIP_Hub.o)
                              C:/devkitPro/libnds/lib\libdswifi9.a(sgIP.o) (sgIP_Hub_Init)
C:/devkitPro/libnds/lib\libdswifi9.a(sgIP_IP.o)
                              C:/devkitPro/libnds/lib\libdswifi9.a(sgIP.o) (sgIP_IP_ReceivePacket)
C:/devkitPro/libnds/lib\libdswifi9.a(sgIP_ARP.o)
                              C:/devkitPro/libnds/lib\libdswifi9.a(sgIP.o) (sgIP_ARP_Init)
C:/devkitPro/libnds/lib\libdswifi9.a(sgIP_ICMP.o)
                              C:/devkitPro/libnds/lib\libdswifi9.a(sgIP_IP.o) (sgIP_ICMP_ReceivePacket)
C:/devkitPro/libnds/lib\libdswifi9.a(sgIP_TCP.o)
                              C:/devkitPro/libnds/lib\libdswifi9.a(sgIP.o) (sgIP_TCP_Init)
C:/devkitPro/libnds/lib\libdswifi9.a(sgIP_UDP.o)
                              C:/devkitPro/libnds/lib\libdswifi9.a(sgIP.o) (sgIP_UDP_Init)
C:/devkitPro/libnds/lib\libnds9.a(console.o)
                              main.o (consoleDemoInit)
C:/devkitPro/libnds/lib\libnds9.a(keys.o)
                              main.o (scanKeys)
C:/devkitPro/libnds/lib\libnds9.a(default_font.bin.o)
                              C:/devkitPro/libnds/lib\libnds9.a(console.o) (default_font_bin)
C:/devkitPro/libnds/lib\libnds9.a(background.o)
                              C:/devkitPro/libnds/lib\libnds9.a(console.o) (bgState)
C:/devkitPro/libnds/lib\libnds9.a(trig.o)
                              C:/devkitPro/libnds/lib\libnds9.a(background.o) (sinLerp)
C:/devkitPro/calico/lib\libcalico_ds9.a(irq.o)
                              main.o (irqSet)
C:/devkitPro/calico/lib\libcalico_ds9.a(tick.o)
                              C:/devkitPro/libnds/lib\libdswifi9.a(wfc.o) (tickTaskStart)
C:/devkitPro/calico/lib\libcalico_ds9.a(thread_cold.o)
                              C:/devkitPro/libnds/lib\libdswifi9.a(wfc.o) (threadPrepare)
C:/devkitPro/calico/lib\libcalico_ds9.a(thread_hot.32.o)
                              C:/devkitPro/libnds/lib\libdswifi9.a(sgIP_DNS.o) (__sched_state)
C:/devkitPro/calico/lib\libcalico_ds9.a(mutex.o)
                              C:/devkitPro/libnds/lib\libdswifi9.a(sgIP_DNS.o) (mutexLock)
C:/devkitPro/calico/lib\libcalico_ds9.a(mailbox.o)
                              C:/devkitPro/libnds/lib\libdswifi9.a(wfc.o) (mailboxTrySend)
C:/devkitPro/calico/lib\libcalico_ds9.a(newlib_syscalls.o)
                              C:/devkitPro/libnds/lib\libdswifi9.a(sgIP_DHCP.o) (__errno)
C:/devkitPro/calico/lib\libcalico_ds9.a(arm-copy-fill.32.o)
                              C:/devkitPro/calico/lib\libcalico_ds9.a(thread_cold.o) (armCopyMem32)
C:/devkitPro/calico/lib\libcalico_ds9.a(arm-context.32.o)
                              C:/devkitPro/calico/lib\libcalico_ds9.a(thread_cold.o) (armContextSave)
C:/devkitPro/calico/lib\libcalico_ds9.a(arm-shims.32.o)
                              C:/devkitPro/calico/lib\libcalico_ds9.a(thread_cold.o) (armWaitForIrq)
C:/devkitPro/calico/lib\libcalico_ds9.a(startup.crt0.o)
                              C:/devkitPro/libnds/lib\libdswifi9.a(wfc.o) (g_isTwlMode)
C:/devkitPro/calico/lib\libcalico_ds9.a(utils.crt0.o)
                              C:/devkitPro/calico/lib\libcalico_ds9.a(startup.crt0.o) (crt0CopyMem32)
C:/devkitPro/calico/lib\libcalico_ds9.a(bios.o)
                              main.o (svcWaitByLoop)
C:/devkitPro/calico/lib\libcalico_ds9.a(bios.twl.o)
                              C:/devkitPro/libnds/lib\libdswifi9.a(wpa.twl.o) (svcSha1InitTWL)
C:/devkitPro/calico/lib\libcalico_ds9.a(pxi.o)
                              C:/devkitPro/calico/lib\libcalico_ds9.a(startup.crt0.o) (_pxiInit)
C:/devkitPro/calico/lib\libcalico_ds9.a(keypad.o)
                              C:/devkitPro/libnds/lib\libnds9.a(keys.o) (keypadGetState)
C:/devkitPro/calico/lib\libcalico_ds9.a(netbuf.o)
                              C:/devkitPro/libnds/lib\libdswifi9.a(wfc.o) (netbufAlloc)
[...]
Memory Configuration

Name             Origin             Length             Attributes
lma9             0x02004000         0x0027c000
lma9i            0x02400000         0x00280000
vectors          0x00000000         0x00000020
itcm             0x01ff8020         0x00007fe0
main             0x02001000         0x00f7f000
dtcm             0x02ff0000         0x00003e80
dldi             0x0380b000         0x00004000
stub             0x0e000000         0x00004000
tls              0x00000000         0x00000400
*default*        0x00000000         0xffffffff

Linker script and memory map

                0x00000000                        __sync_synchronize = __sync_synchronize_none
LOAD C:/devkitPro/devkitARM/bin/../lib/gcc/arm-none-eabi/15.2.0/thumb/crti.o
LOAD C:/devkitPro/devkitARM/bin/../lib/gcc/arm-none-eabi/15.2.0/thumb/crtbegin.o
LOAD main.o
LOAD C:/devkitPro/libnds/lib\libdswifi9.a
LOAD C:/devkitPro/libnds/lib\libnds9.a
LOAD C:/devkitPro/calico/lib\libcalico_ds9.a
START GROUP
LOAD C:/devkitPro/devkitARM/bin/../lib/gcc/arm-none-eabi/15.2.0/thumb\libgcc.a
LOAD C:/devkitPro/devkitARM/bin/../lib/gcc/arm-none-eabi/15.2.0/../../../../arm-none-eabi/lib/thumb\libg.a
LOAD C:/devkitPro/devkitARM/bin/../lib/gcc/arm-none-eabi/15.2.0/../../../../arm-none-eabi/lib/thumb\libc.a
LOAD C:/devkitPro/devkitARM/bin/../lib/gcc/arm-none-eabi/15.2.0/../../../../arm-none-eabi/lib/thumb\libsysbase.a
END GROUP
LOAD C:/devkitPro/devkitARM/bin/../lib/gcc/arm-none-eabi/15.2.0/thumb/crtend.o
LOAD C:/devkitPro/devkitARM/bin/../lib/gcc/arm-none-eabi/15.2.0/thumb/crtn.o
                0x02ff3e80                        PROVIDE (__sp_usr = (ORIGIN (dtcm) + LENGTH (dtcm)))
                0x02ff3f80                        PROVIDE (__sp_irq = (__sp_usr + 0x100))
                0x02ff3fc0                        PROVIDE (__sp_svc = (__sp_irq + 0x40))
                0x02ff3ff8                        PROVIDE (__irq_flags = (__sp_svc + 0x38))
                [!provide]                        PROVIDE (__irq_vector = (__sp_svc + 0x3c))
                [!provide]                        PROVIDE (__arm_excpt_rst = 0xffff0000)
                [!provide]                        PROVIDE (__arm_excpt_und = 0xffff0004)
                0xffff0008                        PROVIDE (__arm_excpt_svc = 0xffff0008)
                [!provide]                        PROVIDE (__arm_excpt_pabt = 0xffff000c)
                [!provide]                        PROVIDE (__arm_excpt_dabt = 0xffff0010)
                [!provide]                        PROVIDE (__arm_excpt_irq = 0xffff0018)
                [!provide]                        PROVIDE (__arm_excpt_fiq = 0xffff001c)
                0x00000000                        PROVIDE (__end__ = 0x0)

.secure         0x0e000000      0x800 load address 0x02004000
                0x0e0007fc                        . = (. + 0x7fc)
 *fill*         0x0e000000      0x7fc 00000000
                0x0e0007fc        0x4 LONG 0x0

.bootstub       0x0e000800      0x198 load address 0x02004800
 *(.bootstub .bootstub.*)
 .bootstub.__ds9_bootstub
                0x0e000800      0x198 C:/devkitPro/calico/lib\libcalico_ds9.a(bootstub_arm9.o)
                0x0e000800                __ds9_bootstub
                0x0e000998                        . = ALIGN (0x4)

.crt0           0x02001000      0x3c0 load address 0x02004998
 *(.crt0 .crt0.*)
 .crt0.__ds9_bootstub_trampoline
                0x02001000       0x60 C:/devkitPro/calico/lib\libcalico_ds9.a(bootstub_arm9.o)
 *.crt0.*(.text .stub .text.* .gnu.linkonce.t.*)
 .text.crt0ProcessLoadList
                0x02001060       0x74 C:/devkitPro/calico/lib\libcalico_ds9.a(startup.crt0.o)
                0x02001060                crt0ProcessLoadList
 .text.crt0Startup
                0x020010d4      0x180 C:/devkitPro/calico/lib\libcalico_ds9.a(startup.crt0.o)
                0x020010d4                crt0Startup
 .text.crt0CopyMem32
                0x02001254       0x4c C:/devkitPro/calico/lib\libcalico_ds9.a(utils.crt0.o)
                0x02001254                crt0CopyMem32
 .text.crt0FillMem32
                0x020012a0       0x58 C:/devkitPro/calico/lib\libcalico_ds9.a(utils.crt0.o)
                0x020012a0                crt0FillMem32
 .text.crt0SetupMPU
                0x020012f8       0xb4 C:/devkitPro/calico/lib\libcalico_ds9.a(mpu_setup.crt0.o)
                0x020012f8                crt0SetupMPU
 *.crt0.*(.glue_7t .glue_7 .vfp11_veneer .v4_bx)
 *.crt0.*(.rodata .rodata.* .gnu.linkonce.r.*)
 *.crt0.*(.rodata1)
                0x020013c0                        . = ALIGN (0x20)
 *fill*         0x020013ac       0x14 ff
                0x02004998                        PROVIDE (__crt0_lma = LOADADDR (.crt0))
                0x02001000                        PROVIDE (__crt0_start = ADDR (.crt0))
                0x020013c0                        PROVIDE (__crt0_end = (ADDR (.crt0) + SIZEOF (.crt0)))
                0x00000001                        ASSERT (((__crt0_end <= LOADADDR (.bootstub)) || (__crt0_start >= (LOADADDR (.bootstub) + SIZEOF (.bootstub)))), Error: crt0 section overlaps initial bootstrap)

.dldi           0x0380b000        0x0 load address 0x02004d58
 *(.dldi)
                0x00000000                        PROVIDE (__dldi_lma = SIZEOF (.dldi)?LOADADDR (.dldi):0x0)

.vectors        0x00000000       0x20 load address 0x02004d58
 *(.vectors)
 .vectors       0x00000000       0x20 C:/devkitPro/calico/lib\libcalico_ds9.a(bootstub_arm9.o)

.itcm           0x01ff8020      0x8bc load address 0x02004d78
 *(.itcm .itcm.*)
 .itcm          0x01ff8020       0x30 C:/devkitPro/calico/lib\libcalico_ds9.a(bootstub_arm9.o)
                0x01ff8038                __excpt_vectors
 *.itcm.*(.text .stub .text.* .gnu.linkonce.t.*)
 *.32.o(.text .stub .text.* .gnu.linkonce.t.*)
 .text.threadReschedule
                0x01ff8050       0x88 C:/devkitPro/calico/lib\libcalico_ds9.a(thread_hot.32.o)
 .text.threadBlock
                0x01ff80d8       0xd8 C:/devkitPro/calico/lib\libcalico_ds9.a(thread_hot.32.o)
                0x01ff80d8                threadBlock
 .text.threadUnblockOneByValue
                0x01ff81b0       0xc0 C:/devkitPro/calico/lib\libcalico_ds9.a(thread_hot.32.o)
                0x01ff81b0                threadUnblockOneByValue
 .text.threadUnblockAllByValue
                0x01ff8270      0x130 C:/devkitPro/calico/lib\libcalico_ds9.a(thread_hot.32.o)
                0x01ff8270                threadUnblockAllByValue
 .text.threadUnblockAllByMask
                0x01ff83a0      0x134 C:/devkitPro/calico/lib\libcalico_ds9.a(thread_hot.32.o)
                0x01ff83a0                threadUnblockAllByMask
 .text.armCopyMem32
                0x01ff84d4       0x4c C:/devkitPro/calico/lib\libcalico_ds9.a(arm-copy-fill.32.o)
                0x01ff84d4                armCopyMem32
 .text.armFillMem32
                0x01ff8520       0x58 C:/devkitPro/calico/lib\libcalico_ds9.a(arm-copy-fill.32.o)
                0x01ff8520                armFillMem32
 .text.armContextSave
                0x01ff8578       0x2c C:/devkitPro/calico/lib\libcalico_ds9.a(arm-context.32.o)
                0x01ff8578                armContextSave
 .text.armContextLoad
                0x01ff85a4       0x20 C:/devkitPro/calico/lib\libcalico_ds9.a(arm-context.32.o)
                0x01ff85a4                armContextLoad
                0x01ff85a8                armContextLoadFromSvc
 .text.armWaitForIrq
                0x01ff85c4        0x8 C:/devkitPro/calico/lib\libcalico_ds9.a(arm-shims.32.o)
                0x01ff85c4                armWaitForIrq
 .text.__excpt_entry
                0x01ff85cc       0x50 C:/devkitPro/calico/lib\libcalico_ds9.a(excpt_handler.32.o)
                0x01ff85cc                __arm_excpt_rst
                0x01ff85d0                __arm_excpt_pabt
                0x01ff85d4                __arm_excpt_und
                0x01ff85e0                __arm_excpt_dabt
 .text.armDrainWriteBuffer
                0x01ff861c        0xc C:/devkitPro/calico/lib\libcalico_ds9.a(arm-cache.32.o)
                0x01ff861c                armDrainWriteBuffer
 .text.armDCacheFlushAll
                0x01ff8628       0x28 C:/devkitPro/calico/lib\libcalico_ds9.a(arm-cache.32.o)
                0x01ff8628                armDCacheFlushAll
 .text.armDCacheFlush
                0x01ff8650       0x1c C:/devkitPro/calico/lib\libcalico_ds9.a(arm-cache.32.o)
                0x01ff8650                armDCacheFlush
 .text.armDCacheInvalidate
                0x01ff866c       0x1c C:/devkitPro/calico/lib\libcalico_ds9.a(arm-cache.32.o)
                0x01ff866c                armDCacheInvalidate
 .text.armICacheInvalidateAll
                0x01ff8688        0xc C:/devkitPro/calico/lib\libcalico_ds9.a(arm-cache.32.o)
                0x01ff8688                armICacheInvalidateAll
 .text.__arm_excpt_irq
                0x01ff8694       0xe4 C:/devkitPro/calico/lib\libcalico_ds9.a(irq_handler.32.o)
                0x01ff8694                __arm_excpt_irq
 .text.smutexLock
                0x01ff8778       0xbc C:/devkitPro/calico/lib\libcalico_ds9.a(smutex.32.o)
                0x01ff8778                smutexLock
 .text.smutexUnlock
                0x01ff8834       0xa8 C:/devkitPro/calico/lib\libcalico_ds9.a(smutex.32.o)
                0x01ff8834                smutexUnlock
 *.itcm.*(.glue_7t .glue_7 .vfp11_veneer .v4_bx)
 *.32.o(.glue_7t .glue_7 .vfp11_veneer .v4_bx)
 *.itcm.*(.rodata .rodata.* .gnu.linkonce.r.*)
 *.32.o(.rodata .rodata.* .gnu.linkonce.r.*)
 *.itcm.*(.rodata1)
 *.32.o(.rodata1)
                0x01ff88dc                        . = ALIGN (0x4)
                0x02004d58                        PROVIDE (__itcm_lma = LOADADDR (.vectors))
                0x01ff8000                        PROVIDE (__itcm_start = (ADDR (.itcm) - SIZEOF (.vectors)))
                0x01ff88dc                        PROVIDE (__itcm_end = (ADDR (.itcm) + SIZEOF (.itcm)))
                0x00000001                        ASSERT (((__itcm_lma + SIZEOF (.vectors)) == LOADADDR (.itcm)), Error: gap between vectors and itcm)

.dtcm           0x02ff0000        0x0 load address 0x02005634
 *(.dtcm .dtcm.*)
 *.32.o(.data .data.* .gnu.linkonce.d.*)
 *.32.o(.data1)
                0x02ff0000                        . = ALIGN (0x4)
                [!provide]                        PROVIDE (__dtcm_lma = LOADADDR (.dtcm))
                0x02ff0000                        PROVIDE (__dtcm_start = ADDR (.dtcm))
                0x02ff0000                        PROVIDE (__dtcm_end = (ADDR (.dtcm) + SIZEOF (.dtcm)))

.dtcm.bss       0x02ff0000       0xa0 load address 0x02005634
 *(.sbss .sbss.*)
 *.32.o(.dynbss)
 *.32.o(.bss .bss.* .gnu.linkonce.b.*)
 .bss.__irq_table
                0x02ff0000       0x80 C:/devkitPro/calico/lib\libcalico_ds9.a(thread_hot.32.o)
                0x02ff0000                __irq_table
 .bss.__sched_state
                0x02ff0080       0x18 C:/devkitPro/calico/lib\libcalico_ds9.a(thread_hot.32.o)
                0x02ff0080                __sched_state
 .bss.s_smutexWaitList
                0x02ff0098        0x8 C:/devkitPro/calico/lib\libcalico_ds9.a(smutex.32.o)
 *.32.o(COMMON)
                0x02ff00a0                        . = ALIGN (0x4)
                [!provide]                        PROVIDE (__dtcm_bss_start = ADDR (.dtcm.bss))
                0x02ff00a0                        PROVIDE (__dtcm_bss_end = (ADDR (.dtcm.bss) + SIZEOF (.dtcm.bss)))

.main           0x020013c0    0x1e80c load address 0x02005634
 *(SORT_NONE(.init))
 .init          0x020013c0        0x4 C:/devkitPro/devkitARM/bin/../lib/gcc/arm-none-eabi/15.2.0/thumb/crti.o
                0x020013c0                _init
 .init          0x020013c4        0x8 C:/devkitPro/devkitARM/bin/../lib/gcc/arm-none-eabi/15.2.0/thumb/crtn.o
 EXCLUDE_FILE(*.twl.*) *(.text.unlikely .text.*_unlikely .text.unlikely.*)
 EXCLUDE_FILE(*.twl.*) *(.text.exit .text.exit.*)
 .text.exit     0x020013cc       0x24 C:/devkitPro/devkitARM/bin/../lib/gcc/arm-none-eabi/15.2.0/../../../../arm-none-eabi/lib/thumb\libg.a(libc_a-exit.o)
                0x020013cc                exit
 EXCLUDE_FILE(*.twl.*) *(.text.startup .text.startup.*)
 .text.startup  0x020013f0      0x268 main.o
                0x020013f0                main
 EXCLUDE_FILE(*.twl.*) *(.text.hot .text.hot.*)
 EXCLUDE_FILE(*.twl.*) *(.text .iplt .stub .text.* .gnu.linkonce.t.*)
 .text.__do_global_dtors_aux
                0x02001658       0x2c C:/devkitPro/devkitARM/bin/../lib/gcc/arm-none-eabi/15.2.0/thumb/crtbegin.o
 .text.frame_dummy
                0x02001684       0x24 C:/devkitPro/devkitARM/bin/../lib/gcc/arm-none-eabi/15.2.0/thumb/crtbegin.o
 .iplt          0x020016a8        0x0 C:/devkitPro/devkitARM/bin/../lib/gcc/arm-none-eabi/15.2.0/thumb/crtbegin.o
 .text          0x020016a8      0x3d8 main.o
                0x020016a8                vblankHandler
                0x020016b8                connectWifi
                0x0200171c                httpGet
                0x020018fc                extractHttpBody
                0x02001928                displayTemperatures
 .text.Wifi_InitDefault
                0x02001a80       0x70 C:/devkitPro/libnds/lib\libdswifi9.a(dswifi9.o)
                0x02001a80                Wifi_InitDefault
 .text.Wifi_AutoConnect
                0x02001af0       0x10 C:/devkitPro/libnds/lib\libdswifi9.a(dswifi9.o)
                0x02001af0                Wifi_AutoConnect
 .text.Wifi_AssocStatus
                0x02001b00        0xc C:/devkitPro/libnds/lib\libdswifi9.a(dswifi9.o)
                0x02001b00                Wifi_AssocStatus
 .text.Wifi_GetIPInfo
                0x02001b0c        0x4 C:/devkitPro/libnds/lib\libdswifi9.a(dswifi9.o)
                0x02001b0c                Wifi_GetIPInfo
 .text.sgIP_DHCP_Init
                0x02001b10       0x6c C:/devkitPro/libnds/lib\libdswifi9.a(sgIP_DHCP.o)
                0x02001b10                sgIP_DHCP_Init
 .text.sgIP_DHCP_SendDgram
                0x02001b7c       0xa0 C:/devkitPro/libnds/lib\libdswifi9.a(sgIP_DHCP.o)
                0x02001b7c                sgIP_DHCP_SendDgram
 .text.sgIP_DHCP_BeginDgram
                0x02001c1c      0x28c C:/devkitPro/libnds/lib\libdswifi9.a(sgIP_DHCP.o)
                0x02001c1c                sgIP_DHCP_BeginDgram
 .text.sgIP_DHCP_Start
                0x02001ea8      0x15c C:/devkitPro/libnds/lib\libdswifi9.a(sgIP_DHCP.o)
                0x02001ea8                sgIP_DHCP_Start
 .text.sgIP_DHCP_Update
                0x02002004      0x550 C:/devkitPro/libnds/lib\libdswifi9.a(sgIP_DHCP.o)
                0x02002004                sgIP_DHCP_Update
 .text.sgIP_ntoa
                0x02002554       0xbc C:/devkitPro/libnds/lib\libdswifi9.a(sgIP_DNS.o)
 .text.sgIP_DNS_Init
                0x02002610       0x44 C:/devkitPro/libnds/lib\libdswifi9.a(sgIP_DNS.o)
                0x02002610                sgIP_DNS_Init
 .text.sgIP_DNS_Timer1000ms
                0x02002654       0x5c C:/devkitPro/libnds/lib\libdswifi9.a(sgIP_DNS.o)
                0x02002654                sgIP_DNS_Timer1000ms
 .text.sgIP_DNS_isipaddress
                0x020026b0      0x2b4 C:/devkitPro/libnds/lib\libdswifi9.a(sgIP_DNS.o)
                0x020026b0                sgIP_DNS_isipaddress
 .text.inet_aton
                0x02002964       0x28 C:/devkitPro/libnds/lib\libdswifi9.a(sgIP_DNS.o)
                0x02002964                inet_aton
 .text.inet_ntoa
                0x0200298c       0x14 C:/devkitPro/libnds/lib\libdswifi9.a(sgIP_DNS.o)
                0x0200298c                inet_ntoa
 .text.sgIP_sockets_Init
                0x020029a0       0x24 C:/devkitPro/libnds/lib\libdswifi9.a(sgIP_sockets.o)
                0x020029a0                sgIP_sockets_Init
 .text.socket   0x020029c4      0x140 C:/devkitPro/libnds/lib\libdswifi9.a(sgIP_sockets.o)
                0x020029c4                socket
 .text.forceclosesocket
                0x02002b04      0x100 C:/devkitPro/libnds/lib\libdswifi9.a(sgIP_sockets.o)
                0x02002b04                forceclosesocket
 .text.sgIP_sockets_Timer1000ms
                0x02002c04       0xd8 C:/devkitPro/libnds/lib\libdswifi9.a(sgIP_sockets.o)
                0x02002c04                sgIP_sockets_Timer1000ms
 .text.bind     0x02002cdc      0x100 C:/devkitPro/libnds/lib\libdswifi9.a(sgIP_sockets.o)
                0x02002cdc                bind
 .text.connect  0x02002ddc      0x1a8 C:/devkitPro/libnds/lib\libdswifi9.a(sgIP_sockets.o)
                0x02002ddc                connect
 .text.send     0x02002f84      0x190 C:/devkitPro/libnds/lib\libdswifi9.a(sgIP_sockets.o)
                0x02002f84                send
 .text.recv     0x02003114      0x190 C:/devkitPro/libnds/lib\libdswifi9.a(sgIP_sockets.o)
                0x02003114                recv
 .text.sendto   0x020032a4      0x134 C:/devkitPro/libnds/lib\libdswifi9.a(sgIP_sockets.o)
                0x020032a4                sendto
 .text.recvfrom
                0x020033d8      0x1b4 C:/devkitPro/libnds/lib\libdswifi9.a(sgIP_sockets.o)
                0x020033d8                recvfrom
 .text.shutdown
                0x0200358c       0xe8 C:/devkitPro/libnds/lib\libdswifi9.a(sgIP_sockets.o)
                0x0200358c                shutdown
 .text.closesocket
                0x02003674      0x158 C:/devkitPro/libnds/lib\libdswifi9.a(sgIP_sockets.o)
                0x02003674                closesocket
 .text.ioctl    0x020037cc      0x1a0 C:/devkitPro/libnds/lib\libdswifi9.a(sgIP_sockets.o)
                0x020037cc                ioctl
 .text.setsockopt
                0x0200396c        0x8 C:/devkitPro/libnds/lib\libdswifi9.a(sgIP_sockets.o)
                0x0200396c                setsockopt
 .text._wfcRecv
                0x02003974       0xc0 C:/devkitPro/libnds/lib\libdswifi9.a(wfc.o)
 .text._wfcIPThreadMain
                0x02003a34      0x114 C:/devkitPro/libnds/lib\libdswifi9.a(wfc.o)
 .text._wfcSend
                0x02003b48       0x80 C:/devkitPro/libnds/lib\libdswifi9.a(wfc.o)
 .text._wfcIPTimerTask
                0x02003bc8       0x20 C:/devkitPro/libnds/lib\libdswifi9.a(wfc.o)
 .text._wfcOnEvent.part.0
                0x02003be8      0x478 C:/devkitPro/libnds/lib\libdswifi9.a(wfc.o)
 .text._wfcOnEvent
                0x02004060       0x4c C:/devkitPro/libnds/lib\libdswifi9.a(wfc.o)
 .text.sgIP_malloc
                0x020040ac        0xc C:/devkitPro/libnds/lib\libdswifi9.a(wfc.o)
                0x020040ac                sgIP_malloc
 .text.sgIP_free
                0x020040b8        0x4 C:/devkitPro/libnds/lib\libdswifi9.a(wfc.o)
                0x020040b8                sgIP_free
 .text.sgIP_IntrWaitEvent
                0x020040bc       0x10 C:/devkitPro/libnds/lib\libdswifi9.a(wfc.o)
                0x020040bc                sgIP_IntrWaitEvent
 .text.wfcInit  0x020040cc       0x98 C:/devkitPro/libnds/lib\libdswifi9.a(wfc.o)
                0x020040cc                wfcInit
 .text.wfcLoadSlotEx
                0x02004164       0x64 C:/devkitPro/libnds/lib\libdswifi9.a(wfc.o)
                0x02004164                wfcLoadSlotEx
 .text.wfcLoadFromNvram
                0x020041c8      0x194 C:/devkitPro/libnds/lib\libdswifi9.a(wfc.o)
                0x020041c8                wfcLoadFromNvram
 .text.wfcBeginAutoConnect
                0x0200435c       0x60 C:/devkitPro/libnds/lib\libdswifi9.a(wfc.o)
                0x0200435c                wfcBeginAutoConnect
 .text.wfcGetStatus
                0x020043bc       0x54 C:/devkitPro/libnds/lib\libdswifi9.a(wfc.o)
                0x020043bc                wfcGetStatus
 .text.wfcGetIPConfig
                0x02004410       0x78 C:/devkitPro/libnds/lib\libdswifi9.a(wfc.o)
                0x02004410                wfcGetIPConfig
 .text.sgIP_Init
                0x02004488       0x4c C:/devkitPro/libnds/lib\libdswifi9.a(sgIP.o)
                0x02004488                sgIP_Init
 .text.sgIP_Timer
                0x020044d4       0x88 C:/devkitPro/libnds/lib\libdswifi9.a(sgIP.o)
                0x020044d4                sgIP_Timer
 .text.sgIP_memblock_Init
                0x0200455c        0x4 C:/devkitPro/libnds/lib\libdswifi9.a(sgIP_memblock.o)
                0x0200455c                sgIP_memblock_Init
 .text.sgIP_memblock_alloc
                0x02004560       0x34 C:/devkitPro/libnds/lib\libdswifi9.a(sgIP_memblock.o)
                0x02004560                sgIP_memblock_alloc
 .text.sgIP_memblock_free
                0x02004594       0xa0 C:/devkitPro/libnds/lib\libdswifi9.a(sgIP_memblock.o)
                0x02004594                sgIP_memblock_free
 .text.sgIP_memblock_exposeheader
                0x02004634       0x48 C:/devkitPro/libnds/lib\libdswifi9.a(sgIP_memblock.o)
                0x02004634                sgIP_memblock_exposeheader
 .text.sgIP_memblock_trimsize
                0x0200467c       0x5c C:/devkitPro/libnds/lib\libdswifi9.a(sgIP_memblock.o)
                0x0200467c                sgIP_memblock_trimsize
 .text.sgIP_memblock_IPChecksum
                0x020046d8      0x170 C:/devkitPro/libnds/lib\libdswifi9.a(sgIP_memblock.o)
                0x020046d8                sgIP_memblock_IPChecksum
 .text.sgIP_memblock_CopyToLinear
                0x02004848       0xa8 C:/devkitPro/libnds/lib\libdswifi9.a(sgIP_memblock.o)
                0x02004848                sgIP_memblock_CopyToLinear
 .text.sgIP_memblock_CopyFromLinear
                0x020048f0       0xa8 C:/devkitPro/libnds/lib\libdswifi9.a(sgIP_memblock.o)
                0x020048f0                sgIP_memblock_CopyFromLinear
 .text.sgIP_Hub_Init
                0x02004998       0x20 C:/devkitPro/libnds/lib\libdswifi9.a(sgIP_Hub.o)
                0x02004998                sgIP_Hub_Init
 .text.sgIP_Hub_AddProtocolInterface
                0x020049b8       0x6c C:/devkitPro/libnds/lib\libdswifi9.a(sgIP_Hub.o)
                0x020049b8                sgIP_Hub_AddProtocolInterface
 .text.sgIP_Hub_AddHardwareInterface
                0x02004a24       0x68 C:/devkitPro/libnds/lib\libdswifi9.a(sgIP_Hub.o)
                0x02004a24                sgIP_Hub_AddHardwareInterface
 .text.sgIP_Hub_ReceiveHardwarePacket
                0x02004a8c       0x94 C:/devkitPro/libnds/lib\libdswifi9.a(sgIP_Hub.o)
                0x02004a8c                sgIP_Hub_ReceiveHardwarePacket
 .text.sgIP_Hub_SendProtocolPacket
                0x02004b20       0x78 C:/devkitPro/libnds/lib\libdswifi9.a(sgIP_Hub.o)
                0x02004b20                sgIP_Hub_SendProtocolPacket
 .text.sgIP_Hub_SendRawPacket
                0x02004b98       0x3c C:/devkitPro/libnds/lib\libdswifi9.a(sgIP_Hub.o)
                0x02004b98                sgIP_Hub_SendRawPacket
 .text.sgIP_Hub_IPMaxMessageSize
                0x02004bd4        0xc C:/devkitPro/libnds/lib\libdswifi9.a(sgIP_Hub.o)
                0x02004bd4                sgIP_Hub_IPMaxMessageSize
 .text.sgIP_Hub_GetCompatibleIP
                0x02004be0       0x18 C:/devkitPro/libnds/lib\libdswifi9.a(sgIP_Hub.o)
                0x02004be0                sgIP_Hub_GetCompatibleIP
 .text.sgIP_IP_ReceivePacket
                0x02004bf8       0xfc C:/devkitPro/libnds/lib\libdswifi9.a(sgIP_IP.o)
                0x02004bf8                sgIP_IP_ReceivePacket
 .text.sgIP_IP_MaxContentsSize
                0x02004cf4       0x10 C:/devkitPro/libnds/lib\libdswifi9.a(sgIP_IP.o)
                0x02004cf4                sgIP_IP_MaxContentsSize
 .text.sgIP_IP_RequiredHeaderSize
                0x02004d04        0x8 C:/devkitPro/libnds/lib\libdswifi9.a(sgIP_IP.o)
                0x02004d04                sgIP_IP_RequiredHeaderSize
 .text.sgIP_IP_SendViaIP
                0x02004d0c       0xc8 C:/devkitPro/libnds/lib\libdswifi9.a(sgIP_IP.o)
                0x02004d0c                sgIP_IP_SendViaIP
 .text.sgIP_IP_GetLocalBindAddr
                0x02004dd4       0x10 C:/devkitPro/libnds/lib\libdswifi9.a(sgIP_IP.o)
                0x02004dd4                sgIP_IP_GetLocalBindAddr
 .text.sgIP_GetArpSlot
                0x02004de4       0x7c C:/devkitPro/libnds/lib\libdswifi9.a(sgIP_ARP.o)
                0x02004de4                sgIP_GetArpSlot
 .text.sgIP_ARP_Init
                0x02004e60       0x2c C:/devkitPro/libnds/lib\libdswifi9.a(sgIP_ARP.o)
                0x02004e60                sgIP_ARP_Init
 .text.sgIP_ARP_SendARPResponse
                0x02004e8c      0x15c C:/devkitPro/libnds/lib\libdswifi9.a(sgIP_ARP.o)
                0x02004e8c                sgIP_ARP_SendARPResponse
 .text.sgIP_ARP_SendGratARP
                0x02004fe8      0x158 C:/devkitPro/libnds/lib\libdswifi9.a(sgIP_ARP.o)
                0x02004fe8                sgIP_ARP_SendGratARP
 .text.sgIP_ARP_SendARPRequest
                0x02005140      0x14c C:/devkitPro/libnds/lib\libdswifi9.a(sgIP_ARP.o)
                0x02005140                sgIP_ARP_SendARPRequest
 .text.sgIP_ARP_Timer100ms
                0x0200528c       0x98 C:/devkitPro/libnds/lib\libdswifi9.a(sgIP_ARP.o)
                0x0200528c                sgIP_ARP_Timer100ms
 .text.sgIP_ARP_SendProtocolFrame
                0x02005324      0x19c C:/devkitPro/libnds/lib\libdswifi9.a(sgIP_ARP.o)
                0x02005324                sgIP_ARP_SendProtocolFrame
 .text.sgIP_ARP_ProcessARPFrame
                0x020054c0      0x174 C:/devkitPro/libnds/lib\libdswifi9.a(sgIP_ARP.o)
                0x020054c0                sgIP_ARP_ProcessARPFrame
 .text.sgIP_ICMP_ReceivePacket
                0x02005634       0x98 C:/devkitPro/libnds/lib\libdswifi9.a(sgIP_ICMP.o)
                0x02005634                sgIP_ICMP_ReceivePacket
 .text.sgIP_TCP_FixChecksum.part.0
                0x020056cc       0x8c C:/devkitPro/libnds/lib\libdswifi9.a(sgIP_TCP.o)
 .text.sgIP_TCP_Init
                0x02005758       0x4c C:/devkitPro/libnds/lib\libdswifi9.a(sgIP_TCP.o)
                0x02005758                sgIP_TCP_Init
 .text.sgIP_TCP_GetUnusedOutgoingPort
                0x020057a4       0xa8 C:/devkitPro/libnds/lib\libdswifi9.a(sgIP_TCP.o)
                0x020057a4                sgIP_TCP_GetUnusedOutgoingPort
 .text.sgIP_TCP_CalcChecksum
                0x0200584c       0x88 C:/devkitPro/libnds/lib\libdswifi9.a(sgIP_TCP.o)
                0x0200584c                sgIP_TCP_CalcChecksum
 .text.sgIP_TCP_GenHeader
                0x020058d4      0x130 C:/devkitPro/libnds/lib\libdswifi9.a(sgIP_TCP.o)
                0x020058d4                sgIP_TCP_GenHeader
 .text.sgIP_TCP_SendPacket
                0x02005a04      0x158 C:/devkitPro/libnds/lib\libdswifi9.a(sgIP_TCP.o)
                0x02005a04                sgIP_TCP_SendPacket
 .text.sgIP_TCP_SendSynReply
                0x02005b5c      0x148 C:/devkitPro/libnds/lib\libdswifi9.a(sgIP_TCP.o)
                0x02005b5c                sgIP_TCP_SendSynReply
 .text.sgIP_TCP_Timer
                0x02005ca4      0x32c C:/devkitPro/libnds/lib\libdswifi9.a(sgIP_TCP.o)
                0x02005ca4                sgIP_TCP_Timer
 .text.sgIP_TCP_AllocRecord
                0x02005fd0       0xd0 C:/devkitPro/libnds/lib\libdswifi9.a(sgIP_TCP.o)
                0x02005fd0                sgIP_TCP_AllocRecord
 .text.sgIP_TCP_ReceivePacket
                0x020060a0      0x8e0 C:/devkitPro/libnds/lib\libdswifi9.a(sgIP_TCP.o)
                0x020060a0                sgIP_TCP_ReceivePacket
 .text.sgIP_TCP_FreeRecord
                0x02006980      0x194 C:/devkitPro/libnds/lib\libdswifi9.a(sgIP_TCP.o)
                0x02006980                sgIP_TCP_FreeRecord
 .text.sgIP_TCP_Bind
                0x02006b14       0xac C:/devkitPro/libnds/lib\libdswifi9.a(sgIP_TCP.o)
                0x02006b14                sgIP_TCP_Bind
 .text.sgIP_TCP_Close
                0x02006bc0       0xa8 C:/devkitPro/libnds/lib\libdswifi9.a(sgIP_TCP.o)
                0x02006bc0                sgIP_TCP_Close
 .text.sgIP_TCP_Connect
                0x02006c68      0x1bc C:/devkitPro/libnds/lib\libdswifi9.a(sgIP_TCP.o)
                0x02006c68                sgIP_TCP_Connect
 .text.sgIP_TCP_Send
                0x02006e24      0x20c C:/devkitPro/libnds/lib\libdswifi9.a(sgIP_TCP.o)
                0x02006e24                sgIP_TCP_Send
 .text.sgIP_TCP_Recv
                0x02007030      0x1bc C:/devkitPro/libnds/lib\libdswifi9.a(sgIP_TCP.o)
                0x02007030                sgIP_TCP_Recv
 .text.sgIP_UDP_Init
                0x020071ec       0x24 C:/devkitPro/libnds/lib\libdswifi9.a(sgIP_UDP.o)
                0x020071ec                sgIP_UDP_Init
 .text.sgIP_UDP_GetUnusedOutgoingPort
                0x02007210       0x98 C:/devkitPro/libnds/lib\libdswifi9.a(sgIP_UDP.o)
                0x02007210                sgIP_UDP_GetUnusedOutgoingPort
 .text.sgIP_UDP_CalcChecksum
                0x020072a8       0x90 C:/devkitPro/libnds/lib\libdswifi9.a(sgIP_UDP.o)
                0x020072a8                sgIP_UDP_CalcChecksum
 .text.sgIP_UDP_ReceivePacket
                0x02007338      0x160 C:/devkitPro/libnds/lib\libdswifi9.a(sgIP_UDP.o)
                0x02007338                sgIP_UDP_ReceivePacket
 .text.sgIP_UDP_SendPacket
                0x02007498      0x1a8 C:/devkitPro/libnds/lib\libdswifi9.a(sgIP_UDP.o)
                0x02007498                sgIP_UDP_SendPacket
 .text.sgIP_UDP_AllocRecord
                0x02007640       0xac C:/devkitPro/libnds/lib\libdswifi9.a(sgIP_UDP.o)
                0x02007640                sgIP_UDP_AllocRecord
 .text.sgIP_UDP_FreeRecord
                0x020076ec       0xd0 C:/devkitPro/libnds/lib\libdswifi9.a(sgIP_UDP.o)
                0x020076ec                sgIP_UDP_FreeRecord
 .text.sgIP_UDP_Bind
                0x020077bc       0xe8 C:/devkitPro/libnds/lib\libdswifi9.a(sgIP_UDP.o)
                0x020077bc                sgIP_UDP_Bind
 .text.sgIP_UDP_RecvFrom
                0x020078a4      0x1f8 C:/devkitPro/libnds/lib\libdswifi9.a(sgIP_UDP.o)
                0x020078a4                sgIP_UDP_RecvFrom
 .text.sgIP_UDP_SendTo
                0x02007a9c        0xc C:/devkitPro/libnds/lib\libdswifi9.a(sgIP_UDP.o)
                0x02007a9c                sgIP_UDP_SendTo
 .text.newRow   0x02007aa8       0xe0 C:/devkitPro/libnds/lib\libnds9.a(console.o)
 .text.consolePrintChar
                0x02007b88       0xe0 C:/devkitPro/libnds/lib\libnds9.a(console.o)
                0x02007b88                consolePrintChar
 .text.con_write
                0x02007c68      0x344 C:/devkitPro/libnds/lib\libnds9.a(console.o)
                0x02007c68                con_write
 .text.consoleLoadFont
                0x02007fac      0x2e8 C:/devkitPro/libnds/lib\libnds9.a(console.o)
                0x02007fac                consoleLoadFont
 .text.consoleInit
                0x02008294      0x170 C:/devkitPro/libnds/lib\libnds9.a(console.o)
                0x02008294                consoleInit
 .text.consoleDemoInit
                0x02008404       0x40 C:/devkitPro/libnds/lib\libnds9.a(console.o)
                0x02008404                consoleDemoInit
 .text.consoleClear
                0x02008444       0x10 C:/devkitPro/libnds/lib\libnds9.a(console.o)
                0x02008444                consoleClear
 .text.scanKeys
                0x02008454       0x6c C:/devkitPro/libnds/lib\libnds9.a(keys.o)
                0x02008454                scanKeys
 .text.keysDown
                0x020084c0       0x10 C:/devkitPro/libnds/lib\libnds9.a(keys.o)
                0x020084c0                keysDown
 .text.checkIfText
                0x020084d0       0x6c C:/devkitPro/libnds/lib\libnds9.a(background.o)
                0x020084d0                checkIfText
 .text.bgUpdate
                0x0200853c       0xe8 C:/devkitPro/libnds/lib\libnds9.a(background.o)
                0x0200853c                bgUpdate
 .text.bgInit_call
                0x02008624       0xa8 C:/devkitPro/libnds/lib\libnds9.a(background.o)
                0x02008624                bgInit_call
 .text.bgInitSub_call
                0x020086cc       0xb0 C:/devkitPro/libnds/lib\libnds9.a(background.o)
                0x020086cc                bgInitSub_call
 .text.sinLutLookup
                0x0200877c       0x4c C:/devkitPro/libnds/lib\libnds9.a(trig.o)
                0x0200877c                sinLutLookup
 .text.sinLerp  0x020087c8       0x38 C:/devkitPro/libnds/lib\libnds9.a(trig.o)
                0x020087c8                sinLerp
 .text.cosLerp  0x02008800       0x44 C:/devkitPro/libnds/lib\libnds9.a(trig.o)
                0x02008800                cosLerp
 .text.irqSet   0x02008844       0x64 C:/devkitPro/calico/lib\libcalico_ds9.a(irq.o)
                0x02008844                irqSet
 .text._tickCountIsr
                0x020088a8       0x1c C:/devkitPro/calico/lib\libcalico_ds9.a(tick.o)
 .text._tickTaskSchedule.part.0.isra.0
                0x020088c4       0x84 C:/devkitPro/calico/lib\libcalico_ds9.a(tick.o)
 .text.tickInit
                0x02008948       0xa0 C:/devkitPro/calico/lib\libcalico_ds9.a(tick.o)
                0x02008948                tickInit
 .text.tickGetCount
                0x020089e8       0x5c C:/devkitPro/calico/lib\libcalico_ds9.a(tick.o)
                0x020089e8                tickGetCount
 .text._tickTaskIsr
                0x02008a44      0x110 C:/devkitPro/calico/lib\libcalico_ds9.a(tick.o)
 .text.tickTaskStart
                0x02008b54      0x144 C:/devkitPro/calico/lib\libcalico_ds9.a(tick.o)
                0x02008b54                tickTaskStart
 .text.tickTaskStop
                0x02008c98       0xc0 C:/devkitPro/calico/lib\libcalico_ds9.a(tick.o)
                0x02008c98                tickTaskStop
 .text.threadExit
                0x02008d58       0x9c C:/devkitPro/calico/lib\libcalico_ds9.a(thread_cold.o)
                0x02008d58                threadExit
 .text._threadTickTask
                0x02008df4       0x10 C:/devkitPro/calico/lib\libcalico_ds9.a(thread_cold.o)
 .text._threadInit
                0x02008e04       0x98 C:/devkitPro/calico/lib\libcalico_ds9.a(thread_cold.o)
                0x02008e04                _threadInit
 .text.threadPrepare
                0x02008e9c       0xa4 C:/devkitPro/calico/lib\libcalico_ds9.a(thread_cold.o)
                0x02008e9c                threadPrepare
 .text.threadAttachLocalStorage
                0x02008f40      0x120 C:/devkitPro/calico/lib\libcalico_ds9.a(thread_cold.o)
                0x02008f40                threadAttachLocalStorage
 .text.threadStart
                0x02009060       0xc8 C:/devkitPro/calico/lib\libcalico_ds9.a(thread_cold.o)
                0x02009060                threadStart
 .text.threadJoin
                0x02009128       0x58 C:/devkitPro/calico/lib\libcalico_ds9.a(thread_cold.o)
                0x02009128                threadJoin
 .text.threadIrqWait
                0x02009180       0xa0 C:/devkitPro/calico/lib\libcalico_ds9.a(thread_cold.o)
                0x02009180                threadIrqWait
 .text.threadSleepTicks
                0x02009220       0x58 C:/devkitPro/calico/lib\libcalico_ds9.a(thread_cold.o)
                0x02009220                threadSleepTicks
 .text.threadUpdateDynamicPrio
                0x02009278      0x1cc C:/devkitPro/calico/lib\libcalico_ds9.a(mutex.o)
 .text.threadRemoveWaiter
                0x02009444      0x1c8 C:/devkitPro/calico/lib\libcalico_ds9.a(mutex.o)
 .text.mutexLock
                0x0200960c      0x150 C:/devkitPro/calico/lib\libcalico_ds9.a(mutex.o)
                0x0200960c                mutexLock
 .text.mutexUnlock
                0x0200975c       0xd0 C:/devkitPro/calico/lib\libcalico_ds9.a(mutex.o)
                0x0200975c                mutexUnlock
 .text.mailboxTrySend
                0x0200982c       0x98 C:/devkitPro/calico/lib\libcalico_ds9.a(mailbox.o)
                0x0200982c                mailboxTrySend
 .text.mailboxRecv
                0x020098c4       0x98 C:/devkitPro/calico/lib\libcalico_ds9.a(mailbox.o)
                0x020098c4                mailboxRecv
 .text.__syscall_getreent
                0x0200995c       0x14 C:/devkitPro/calico/lib\libcalico_ds9.a(newlib_syscalls.o)
                0x0200995c                __syscall_getreent
 .text.__errno  0x02009970       0x24 C:/devkitPro/calico/lib\libcalico_ds9.a(newlib_syscalls.o)
                0x02009970                __errno
 .text.__syscall_lock_acquire
                0x02009994        0x4 C:/devkitPro/calico/lib\libcalico_ds9.a(newlib_syscalls.o)
                0x02009994                __syscall_lock_acquire
 .text.__syscall_lock_release
                0x02009998        0x4 C:/devkitPro/calico/lib\libcalico_ds9.a(newlib_syscalls.o)
                0x02009998                __syscall_lock_release
 .text.__syscall_lock_acquire_recursive
                0x0200999c       0x4c C:/devkitPro/calico/lib\libcalico_ds9.a(newlib_syscalls.o)
                0x0200999c                __syscall_lock_acquire_recursive
 .text.__syscall_lock_release_recursive
                0x020099e8       0x18 C:/devkitPro/calico/lib\libcalico_ds9.a(newlib_syscalls.o)
                0x020099e8                __syscall_lock_release_recursive
 .text.svcWaitByLoop
                0x02009a00        0x4 C:/devkitPro/calico/lib\libcalico_ds9.a(bios.o)
                0x02009a00                svcWaitByLoop
 .text.svcGetCRC16
                0x02009a04        0x4 C:/devkitPro/calico/lib\libcalico_ds9.a(bios.o)
                0x02009a04                svcGetCRC16
 .text._pxiMailboxHandler
                0x02009a08        0x4 C:/devkitPro/calico/lib\libcalico_ds9.a(pxi.o)
 .text._pxiRecvUnhandled
                0x02009a0c        0x4 C:/devkitPro/calico/lib\libcalico_ds9.a(pxi.o)
                0x02009a0c                _pxiRecvUnhandled
 .text._pxiRecvIrqHandler
                0x02009a10      0x154 C:/devkitPro/calico/lib\libcalico_ds9.a(pxi.o)
 .text._pxiInit
                0x02009b64       0x58 C:/devkitPro/calico/lib\libcalico_ds9.a(pxi.o)
                0x02009b64                _pxiInit
 .text.pxiWaitForPing
                0x02009bbc        0xc C:/devkitPro/calico/lib\libcalico_ds9.a(pxi.o)
                0x02009bbc                pxiWaitForPing
 .text.pxiSetHandler
                0x02009bc8       0x74 C:/devkitPro/calico/lib\libcalico_ds9.a(pxi.o)
                0x02009bc8                pxiSetHandler
 .text.pxiSetMailbox
                0x02009c3c       0x68 C:/devkitPro/calico/lib\libcalico_ds9.a(pxi.o)
                0x02009c3c                pxiSetMailbox
 .text.pxiWaitRemote
                0x02009ca4       0x38 C:/devkitPro/calico/lib\libcalico_ds9.a(pxi.o)
                0x02009ca4                pxiWaitRemote
 .text.pxiSendPacket
                0x02009cdc       0x50 C:/devkitPro/calico/lib\libcalico_ds9.a(pxi.o)
                0x02009cdc                pxiSendPacket
 .text.pxiSendExtPacket
                0x02009d2c       0x98 C:/devkitPro/calico/lib\libcalico_ds9.a(pxi.o)
                0x02009d2c                pxiSendExtPacket
 .text.pxiBeginReceive
                0x02009dc4       0x2c C:/devkitPro/calico/lib\libcalico_ds9.a(pxi.o)
                0x02009dc4                pxiBeginReceive
 .text.pxiEndReceive
                0x02009df0       0xac C:/devkitPro/calico/lib\libcalico_ds9.a(pxi.o)
                0x02009df0                pxiEndReceive
 .text.keypadGetState
                0x02009e9c       0x28 C:/devkitPro/calico/lib\libcalico_ds9.a(keypad.o)
                0x02009e9c                keypadGetState
 .text._netbufPoolInit
                0x02009ec4       0xf8 C:/devkitPro/calico/lib\libcalico_ds9.a(netbuf.o)
 .text._netbufPrvInitPools
                0x02009fbc       0x68 C:/devkitPro/calico/lib\libcalico_ds9.a(netbuf.o)
                0x02009fbc                _netbufPrvInitPools
 .text.netbufAlloc
                0x0200a024       0xd8 C:/devkitPro/calico/lib\libcalico_ds9.a(netbuf.o)
                0x0200a024                netbufAlloc
 .text.netbufFlush
                0x0200a0fc        0xc C:/devkitPro/calico/lib\libcalico_ds9.a(netbuf.o)
                0x0200a0fc                netbufFlush
 .text.netbufFree
                0x0200a108       0xa4 C:/devkitPro/calico/lib\libcalico_ds9.a(netbuf.o)
                0x0200a108                netbufFree
 .text.systemUserStartup
                0x0200a1ac        0x4 C:/devkitPro/calico/lib\libcalico_ds9.a(sys_startup.o)
                0x0200a1ac                systemUserStartup
 .text.systemStartup
                0x0200a1b0      0x104 C:/devkitPro/calico/lib\libcalico_ds9.a(sys_startup.o)
                0x0200a1b0                systemStartup
 .text.pmReadNvram
                0x0200a2b4       0x4c C:/devkitPro/calico/lib\libcalico_ds9.a(pm_arm9.o)
                0x0200a2b4                pmReadNvram
 .text.touchRead
                0x0200a300       0x58 C:/devkitPro/calico/lib\libcalico_ds9.a(touch.o)
                0x0200a300                touchRead
 .text._wlmgrThreadMain
                0x0200a358      0x124 C:/devkitPro/calico/lib\libcalico_ds9.a(wlmgr.o)
 .text._wlmgrRxPxiHandler
                0x0200a47c       0x44 C:/devkitPro/calico/lib\libcalico_ds9.a(wlmgr.o)
 .text.wlmgrInit
                0x0200a4c0      0x178 C:/devkitPro/calico/lib\libcalico_ds9.a(wlmgr.o)
                0x0200a4c0                wlmgrInit
 .text.wlmgrSetEventHandler
                0x0200a638       0x28 C:/devkitPro/calico/lib\libcalico_ds9.a(wlmgr.o)
                0x0200a638                wlmgrSetEventHandler
 .text.wlmgrGetState
                0x0200a660       0x10 C:/devkitPro/calico/lib\libcalico_ds9.a(wlmgr.o)
                0x0200a660                wlmgrGetState
 .text.wlmgrStart
                0x0200a670       0x1c C:/devkitPro/calico/lib\libcalico_ds9.a(wlmgr.o)
                0x0200a670                wlmgrStart
 .text.wlmgrStartScan
                0x0200a68c       0x54 C:/devkitPro/calico/lib\libcalico_ds9.a(wlmgr.o)
                0x0200a68c                wlmgrStartScan
 .text.wlmgrAssociate
                0x0200a6e0       0x68 C:/devkitPro/calico/lib\libcalico_ds9.a(wlmgr.o)
                0x0200a6e0                wlmgrAssociate
 .text.wlmgrDisassociate
                0x0200a748       0x1c C:/devkitPro/calico/lib\libcalico_ds9.a(wlmgr.o)
                0x0200a748                wlmgrDisassociate
 .text.wlmgrSetRawRxHandler
                0x0200a764       0x28 C:/devkitPro/calico/lib\libcalico_ds9.a(wlmgr.o)
                0x0200a764                wlmgrSetRawRxHandler
 .text.wlmgrRawTx
                0x0200a78c       0x30 C:/devkitPro/calico/lib\libcalico_ds9.a(wlmgr.o)
                0x0200a78c                wlmgrRawTx
 .text._pmCallEventHandlers
                0x0200a7bc       0x40 C:/devkitPro/calico/lib\libcalico_ds9.a(pm.o)
 .text._pmPxiThreadMain
                0x0200a7fc       0xa0 C:/devkitPro/calico/lib\libcalico_ds9.a(pm.o)
 .text._pmResetPxiHandler
                0x0200a89c       0x28 C:/devkitPro/calico/lib\libcalico_ds9.a(pm.o)
 .text.systemUserExit
                0x0200a8c4        0x4 C:/devkitPro/calico/lib\libcalico_ds9.a(pm.o)
                0x0200a8c4                systemUserExit
 .text.systemErrorExit
                0x0200a8c8        0x4 C:/devkitPro/calico/lib\libcalico_ds9.a(pm.o)
                0x0200a8c8                systemErrorExit
 .text.__syscall_exit
                0x0200a8cc      0x138 C:/devkitPro/calico/lib\libcalico_ds9.a(pm.o)
                0x0200a8cc                __syscall_exit
 .text.pmInit   0x0200aa04       0x58 C:/devkitPro/calico/lib\libcalico_ds9.a(pm.o)
                0x0200aa04                pmInit
 .text          0x0200aa5c      0x150 C:/devkitPro/devkitARM/bin/../lib/gcc/arm-none-eabi/15.2.0/thumb\libgcc.a(_divsi3.o)
                0x0200aa5c                __divsi3
                0x0200aa5c                __aeabi_idiv
                0x0200ab8c                __aeabi_idivmod
 .text          0x0200abac        0x4 C:/devkitPro/devkitARM/bin/../lib/gcc/arm-none-eabi/15.2.0/thumb\libgcc.a(_dvmd_tls.o)
                0x0200abac                __aeabi_idiv0
                0x0200abac                __aeabi_ldiv0
 .text          0x0200abb0      0x114 C:/devkitPro/devkitARM/bin/../lib/gcc/arm-none-eabi/15.2.0/thumb\libgcc.a(_arm_cmpsf2.o)
                0x0200abb0                __gesf2
                0x0200abb0                __gtsf2
                0x0200abb8                __lesf2
                0x0200abb8                __ltsf2
                0x0200abc0                __nesf2
                0x0200abc0                __eqsf2
                0x0200abc0                __cmpsf2
                0x0200ac24                __aeabi_cfrcmple
                0x0200ac34                __aeabi_cfcmpeq
                0x0200ac34                __aeabi_cfcmple
                0x0200ac4c                __aeabi_fcmpeq
                0x0200ac64                __aeabi_fcmplt
                0x0200ac7c                __aeabi_fcmple
                0x0200ac94                __aeabi_fcmpge
                0x0200acac                __aeabi_fcmpgt
 .text          0x0200acc4       0x3c C:/devkitPro/devkitARM/bin/../lib/gcc/arm-none-eabi/15.2.0/thumb\libgcc.a(_aeabi_uldivmod.o)
                0x0200acc4                __aeabi_uldivmod
 .text.__udivmoddi4
                0x0200ad00      0x194 C:/devkitPro/devkitARM/bin/../lib/gcc/arm-none-eabi/15.2.0/thumb\libgcc.a(_udivmoddi4.o)
                0x0200ad00                __udivmoddi4
 .text          0x0200ae94       0x28 C:/devkitPro/devkitARM/bin/../lib/gcc/arm-none-eabi/15.2.0/thumb\libgcc.a(_clzdi2.o)
                0x0200ae94                __clzdi2
 .text          0x0200aebc       0x48 C:/devkitPro/devkitARM/bin/../lib/gcc/arm-none-eabi/15.2.0/thumb\libgcc.a(_clzsi2.o)
                0x0200aebc                __clzsi2
 .text.strchr   0x0200af04       0xbc C:/devkitPro/devkitARM/bin/../lib/gcc/arm-none-eabi/15.2.0/../../../../arm-none-eabi/lib/thumb\libg.a(libc_a-strchr.o)
                0x0200af04                strchr
 .text.memmove  0x0200afc0       0xcc C:/devkitPro/devkitARM/bin/../lib/gcc/arm-none-eabi/15.2.0/../../../../arm-none-eabi/lib/thumb\libg.a(libc_a-memmove.o)
                0x0200afc0                memmove
 .text.strlen   0x0200b08c       0x60 C:/devkitPro/devkitARM/bin/../lib/gcc/arm-none-eabi/15.2.0/../../../../arm-none-eabi/lib/thumb\libg.a(libc_a-strlen.o)
                0x0200b08c                strlen
 .text.sprintf  0x0200b0ec       0x44 C:/devkitPro/devkitARM/bin/../lib/gcc/arm-none-eabi/15.2.0/../../../../arm-none-eabi/lib/thumb\libg.a(libc_a-sprintf.o)
                0x0200b0ec                sprintf
 .text.__libc_init_array
                0x0200b130       0x54 C:/devkitPro/devkitARM/bin/../lib/gcc/arm-none-eabi/15.2.0/../../../../arm-none-eabi/lib/thumb\libg.a(libc_a-init.o)
                0x0200b130                __libc_init_array
 .text.siscanf  0x0200b184       0x50 C:/devkitPro/devkitARM/bin/../lib/gcc/arm-none-eabi/15.2.0/../../../../arm-none-eabi/lib/thumb\libg.a(libc_a-siscanf.o)
                0x0200b184                siscanf
 .text._malloc_r
                0x0200b1d4      0x550 C:/devkitPro/devkitARM/bin/../lib/gcc/arm-none-eabi/15.2.0/../../../../arm-none-eabi/lib/thumb\libg.a(libc_a-mallocr.o)
                0x0200b1d4                _malloc_r
 .text._malloc_trim_r
                0x0200b724       0xac C:/devkitPro/devkitARM/bin/../lib/gcc/arm-none-eabi/15.2.0/../../../../arm-none-eabi/lib/thumb\libg.a(libc_a-freer.o)
                0x0200b724                _malloc_trim_r
 .text._free_r  0x0200b7d0      0x1d8 C:/devkitPro/devkitARM/bin/../lib/gcc/arm-none-eabi/15.2.0/../../../../arm-none-eabi/lib/thumb\libg.a(libc_a-freer.o)
                0x0200b7d0                _free_r
 .text.strtok   0x0200b9a8       0x20 C:/devkitPro/devkitARM/bin/../lib/gcc/arm-none-eabi/15.2.0/../../../../arm-none-eabi/lib/thumb\libg.a(libc_a-strtok.o)
                0x0200b9a8                strtok
 .text.get_arg  0x0200b9c8      0x404 C:/devkitPro/devkitARM/bin/../lib/gcc/arm-none-eabi/15.2.0/../../../../arm-none-eabi/lib/thumb\libg.a(libc_a-svfprintf.o)
 .text._svfprintf_r
                0x0200bdcc     0x22d8 C:/devkitPro/devkitARM/bin/../lib/gcc/arm-none-eabi/15.2.0/../../../../arm-none-eabi/lib/thumb\libg.a(libc_a-svfprintf.o)
                0x0200bdcc                _svfprintf_r
 .text.strnlen  0x0200e0a4       0x20 C:/devkitPro/devkitARM/bin/../lib/gcc/arm-none-eabi/15.2.0/../../../../arm-none-eabi/lib/thumb\libg.a(libc_a-strnlen.o)
                0x0200e0a4                strnlen
 .text.malloc   0x0200e0c4       0x28 C:/devkitPro/devkitARM/bin/../lib/gcc/arm-none-eabi/15.2.0/../../../../arm-none-eabi/lib/thumb\libg.a(libc_a-malloc.o)
                0x0200e0c4                malloc
 .text.free     0x0200e0ec       0x14 C:/devkitPro/devkitARM/bin/../lib/gcc/arm-none-eabi/15.2.0/../../../../arm-none-eabi/lib/thumb\libg.a(libc_a-malloc.o)
                0x0200e0ec                free
 .text.critical_factorization
                0x0200e100       0xcc C:/devkitPro/devkitARM/bin/../lib/gcc/arm-none-eabi/15.2.0/../../../../arm-none-eabi/lib/thumb\libg.a(libc_a-strstr.o)
 .text.two_way_long_needle
                0x0200e1cc      0x204 C:/devkitPro/devkitARM/bin/../lib/gcc/arm-none-eabi/15.2.0/../../../../arm-none-eabi/lib/thumb\libg.a(libc_a-strstr.o)
 .text.strstr   0x0200e3d0      0x1ac C:/devkitPro/devkitARM/bin/../lib/gcc/arm-none-eabi/15.2.0/../../../../arm-none-eabi/lib/thumb\libg.a(libc_a-strstr.o)
                0x0200e3d0                strstr
 .text.memset   0x0200e57c       0x8c C:/devkitPro/devkitARM/bin/../lib/gcc/arm-none-eabi/15.2.0/../../../../arm-none-eabi/lib/thumb\libg.a(libc_a-memset.o)
                0x0200e57c                memset
 .text.__malloc_lock
                0x0200e608       0x14 C:/devkitPro/devkitARM/bin/../lib/gcc/arm-none-eabi/15.2.0/../../../../arm-none-eabi/lib/thumb\libg.a(libc_a-mlock.o)
                0x0200e608                __malloc_lock
 .text.__malloc_unlock
                0x0200e61c       0x14 C:/devkitPro/devkitARM/bin/../lib/gcc/arm-none-eabi/15.2.0/../../../../arm-none-eabi/lib/thumb\libg.a(libc_a-mlock.o)
                0x0200e61c                __malloc_unlock
 .text.__call_exitprocs
                0x0200e630        0xc C:/devkitPro/devkitARM/bin/../lib/gcc/arm-none-eabi/15.2.0/../../../../arm-none-eabi/lib/thumb\libg.a(libc_a-exit.o)
                0x0200e630                __call_exitprocs
 .text.setvbuf  0x0200e63c      0x1ac C:/devkitPro/devkitARM/bin/../lib/gcc/arm-none-eabi/15.2.0/../../../../arm-none-eabi/lib/thumb\libg.a(libc_a-setvbuf.o)
                0x0200e63c                setvbuf
 .text.__strtok_r
                0x0200e7e8       0x70 C:/devkitPro/devkitARM/bin/../lib/gcc/arm-none-eabi/15.2.0/../../../../arm-none-eabi/lib/thumb\libg.a(libc_a-strtok_r.o)
                0x0200e7e8                __strtok_r
 .text.close    0x0200e858       0x14 C:/devkitPro/devkitARM/bin/../lib/gcc/arm-none-eabi/15.2.0/../../../../arm-none-eabi/lib/thumb\libg.a(libc_a-sysclose.o)
                0x0200e858                close
 .text.strncpy  0x0200e86c       0x68 C:/devkitPro/devkitARM/bin/../lib/gcc/arm-none-eabi/15.2.0/../../../../arm-none-eabi/lib/thumb\libg.a(libc_a-strncpy.o)
                0x0200e86c                strncpy
 .text.memcpy   0x0200e8d4       0xb0 C:/devkitPro/devkitARM/bin/../lib/gcc/arm-none-eabi/15.2.0/../../../../arm-none-eabi/lib/thumb\libg.a(libc_a-memcpy-stub.o)
                0x0200e8d4                memcpy
 .text._wcsrtombs_r
                0x0200e984       0x20 C:/devkitPro/devkitARM/bin/../lib/gcc/arm-none-eabi/15.2.0/../../../../arm-none-eabi/lib/thumb\libg.a(libc_a-wcsrtombs.o)
                0x0200e984                _wcsrtombs_r
 .text.sscanf   0x0200e9a4       0x50 C:/devkitPro/devkitARM/bin/../lib/gcc/arm-none-eabi/15.2.0/../../../../arm-none-eabi/lib/thumb\libg.a(libc_a-sscanf.o)
                0x0200e9a4                sscanf
 .text.iprintf  0x0200e9f4       0x28 C:/devkitPro/devkitARM/bin/../lib/gcc/arm-none-eabi/15.2.0/../../../../arm-none-eabi/lib/thumb\libg.a(libc_a-iprintf.o)
                0x0200e9f4                iprintf
 .text.frexp    0x0200ea1c       0x74 C:/devkitPro/devkitARM/bin/../lib/gcc/arm-none-eabi/15.2.0/../../../../arm-none-eabi/lib/thumb\libg.a(libm_a-s_frexp.o)
                0x0200ea1c                frexp
 .text.__sread  0x0200ea90       0x34 C:/devkitPro/devkitARM/bin/../lib/gcc/arm-none-eabi/15.2.0/../../../../arm-none-eabi/lib/thumb\libg.a(libc_a-stdio.o)
                0x0200ea90                __sread
 .text.__seofread
                0x0200eac4        0x4 C:/devkitPro/devkitARM/bin/../lib/gcc/arm-none-eabi/15.2.0/../../../../arm-none-eabi/lib/thumb\libg.a(libc_a-stdio.o)
                0x0200eac4                __seofread
 .text.__swrite
                0x0200eac8       0x4c C:/devkitPro/devkitARM/bin/../lib/gcc/arm-none-eabi/15.2.0/../../../../arm-none-eabi/lib/thumb\libg.a(libc_a-stdio.o)
                0x0200eac8                __swrite
 .text.__sseek  0x0200eb14       0x3c C:/devkitPro/devkitARM/bin/../lib/gcc/arm-none-eabi/15.2.0/../../../../arm-none-eabi/lib/thumb\libg.a(libc_a-stdio.o)
                0x0200eb14                __sseek
 .text.__sclose
                0x0200eb50       0x10 C:/devkitPro/devkitARM/bin/../lib/gcc/arm-none-eabi/15.2.0/../../../../arm-none-eabi/lib/thumb\libg.a(libc_a-stdio.o)
                0x0200eb50                __sclose
 .text.__locale_mb_cur_max
                0x0200eb60       0x20 C:/devkitPro/devkitARM/bin/../lib/gcc/arm-none-eabi/15.2.0/../../../../arm-none-eabi/lib/thumb\libg.a(libc_a-locale.o)
                0x0200eb60                __locale_mb_cur_max
 .text.__ssprint_r
                0x0200eb80       0x60 C:/devkitPro/devkitARM/bin/../lib/gcc/arm-none-eabi/15.2.0/../../../../arm-none-eabi/lib/thumb\libg.a(libc_a-ssprint_r.o)
                0x0200eb80                __ssprint_r
 .text.get_arg  0x0200ebe0      0x404 C:/devkitPro/devkitARM/bin/../lib/gcc/arm-none-eabi/15.2.0/../../../../arm-none-eabi/lib/thumb\libg.a(libc_a-vfiprintf.o)
 .text._vfiprintf_r
                0x0200efe4     0x16d0 C:/devkitPro/devkitARM/bin/../lib/gcc/arm-none-eabi/15.2.0/../../../../arm-none-eabi/lib/thumb\libg.a(libc_a-vfiprintf.o)
                0x0200efe4                _vfiprintf_r
 .text.__sbprintf
                0x020106b4       0x7c C:/devkitPro/devkitARM/bin/../lib/gcc/arm-none-eabi/15.2.0/../../../../arm-none-eabi/lib/thumb\libg.a(libc_a-vfiprintf.o)
 .text._memalign_r
                0x02010730      0x118 C:/devkitPro/devkitARM/bin/../lib/gcc/arm-none-eabi/15.2.0/../../../../arm-none-eabi/lib/thumb\libg.a(libc_a-malignr.o)
                0x02010730                _memalign_r
 .text._wcsnrtombs_l
                0x02010848      0x11c C:/devkitPro/devkitARM/bin/../lib/gcc/arm-none-eabi/15.2.0/../../../../arm-none-eabi/lib/thumb\libg.a(libc_a-wcsnrtombs.o)
                0x02010848                _wcsnrtombs_l
 .text._wcsnrtombs_r
                0x02010964       0x40 C:/devkitPro/devkitARM/bin/../lib/gcc/arm-none-eabi/15.2.0/../../../../arm-none-eabi/lib/thumb\libg.a(libc_a-wcsnrtombs.o)
                0x02010964                _wcsnrtombs_r
 .text.get_arg  0x020109a4       0x3e C:/devkitPro/devkitARM/bin/../lib/gcc/arm-none-eabi/15.2.0/../../../../arm-none-eabi/lib/thumb\libg.a(libc_a-svfiscanf.o)
 .text._sungetc_r
                0x020109e2       0x7e C:/devkitPro/devkitARM/bin/../lib/gcc/arm-none-eabi/15.2.0/../../../../arm-none-eabi/lib/thumb\libg.a(libc_a-svfiscanf.o)
                0x020109e2                _sungetc_r
 .text.__ssrefill_r
                0x02010a60       0x42 C:/devkitPro/devkitARM/bin/../lib/gcc/arm-none-eabi/15.2.0/../../../../arm-none-eabi/lib/thumb\libg.a(libc_a-svfiscanf.o)
                0x02010a60                __ssrefill_r
 .text._sfread_r
                0x02010aa2       0x88 C:/devkitPro/devkitARM/bin/../lib/gcc/arm-none-eabi/15.2.0/../../../../arm-none-eabi/lib/thumb\libg.a(libc_a-svfiscanf.o)
                0x02010aa2                _sfread_r
 *fill*         0x02010b2a        0x2 ff
 .text.__ssvfiscanf_r
                0x02010b2c     0x1984 C:/devkitPro/devkitARM/bin/../lib/gcc/arm-none-eabi/15.2.0/../../../../arm-none-eabi/lib/thumb\libg.a(libc_a-svfiscanf.o)
                0x02010b2c                __ssvfiscanf_r
 .text.memcmp   0x020124b0       0x48 C:/devkitPro/devkitARM/bin/../lib/gcc/arm-none-eabi/15.2.0/../../../../arm-none-eabi/lib/thumb\libg.a(libc_a-memcmp.o)
                0x020124b0                memcmp
 .text.stdio_exit_handler
                0x020124f8       0x20 C:/devkitPro/devkitARM/bin/../lib/gcc/arm-none-eabi/15.2.0/../../../../arm-none-eabi/lib/thumb\libg.a(libc_a-findfp.o)
 .text.cleanup_stdio
                0x02012518       0x40 C:/devkitPro/devkitARM/bin/../lib/gcc/arm-none-eabi/15.2.0/../../../../arm-none-eabi/lib/thumb\libg.a(libc_a-findfp.o)
 .text.global_stdio_init.part.0
                0x02012558      0x120 C:/devkitPro/devkitARM/bin/../lib/gcc/arm-none-eabi/15.2.0/../../../../arm-none-eabi/lib/thumb\libg.a(libc_a-findfp.o)
 .text.__sinit  0x02012678       0x3c C:/devkitPro/devkitARM/bin/../lib/gcc/arm-none-eabi/15.2.0/../../../../arm-none-eabi/lib/thumb\libg.a(libc_a-findfp.o)
                0x02012678                __sinit
 .text.__sfp_lock_acquire
                0x020126b4       0x14 C:/devkitPro/devkitARM/bin/../lib/gcc/arm-none-eabi/15.2.0/../../../../arm-none-eabi/lib/thumb\libg.a(libc_a-findfp.o)
                0x020126b4                __sfp_lock_acquire
 .text.__sfp_lock_release
                0x020126c8       0x14 C:/devkitPro/devkitARM/bin/../lib/gcc/arm-none-eabi/15.2.0/../../../../arm-none-eabi/lib/thumb\libg.a(libc_a-findfp.o)
                0x020126c8                __sfp_lock_release
 .text._strtoul_l.isra.0
                0x020126dc      0x150 C:/devkitPro/devkitARM/bin/../lib/gcc/arm-none-eabi/15.2.0/../../../../arm-none-eabi/lib/thumb\libg.a(libc_a-strtoul.o)
 .text._strtoul_r
                0x0201282c       0x20 C:/devkitPro/devkitARM/bin/../lib/gcc/arm-none-eabi/15.2.0/../../../../arm-none-eabi/lib/thumb\libg.a(libc_a-strtoul.o)
                0x0201282c                _strtoul_r
 .text.__utf8_mbtowc
                0x0201284c      0x24c C:/devkitPro/devkitARM/bin/../lib/gcc/arm-none-eabi/15.2.0/../../../../arm-none-eabi/lib/thumb\libg.a(libc_a-mbtowc_r.o)
                0x0201284c                __utf8_mbtowc
 .text._fwalk_sglue
                0x02012a98       0x4c C:/devkitPro/devkitARM/bin/../lib/gcc/arm-none-eabi/15.2.0/../../../../arm-none-eabi/lib/thumb\libg.a(libc_a-fwalk.o)
                0x02012a98                _fwalk_sglue
 .text.__sprint_r
                0x02012ae4       0x24 C:/devkitPro/devkitARM/bin/../lib/gcc/arm-none-eabi/15.2.0/../../../../arm-none-eabi/lib/thumb\libg.a(libc_a-sprint_r.o)
                0x02012ae4                __sprint_r
 .text.iswspace
                0x02012b08       0x10 C:/devkitPro/devkitARM/bin/../lib/gcc/arm-none-eabi/15.2.0/../../../../arm-none-eabi/lib/thumb\libg.a(libc_a-iswspace.o)
                0x02012b08                iswspace
 .text._localeconv_r
                0x02012b18       0x1c C:/devkitPro/devkitARM/bin/../lib/gcc/arm-none-eabi/15.2.0/../../../../arm-none-eabi/lib/thumb\libg.a(libc_a-localeconv.o)
                0x02012b18                _localeconv_r
 .text.realloc  0x02012b34       0x18 C:/devkitPro/devkitARM/bin/../lib/gcc/arm-none-eabi/15.2.0/../../../../arm-none-eabi/lib/thumb\libg.a(libc_a-realloc.o)
                0x02012b34                realloc
 .text.memchr   0x02012b4c       0x74 C:/devkitPro/devkitARM/bin/../lib/gcc/arm-none-eabi/15.2.0/../../../../arm-none-eabi/lib/thumb\libg.a(libc_a-memchr-stub.o)
                0x02012b4c                memchr
 .text.quorem   0x02012bc0      0x160 C:/devkitPro/devkitARM/bin/../lib/gcc/arm-none-eabi/15.2.0/../../../../arm-none-eabi/lib/thumb\libg.a(libc_a-dtoa.o)
 .text._dtoa_r  0x02012d20     0x10a0 C:/devkitPro/devkitARM/bin/../lib/gcc/arm-none-eabi/15.2.0/../../../../arm-none-eabi/lib/thumb\libg.a(libc_a-dtoa.o)
                0x02012d20                _dtoa_r
 .text._wcrtomb_r
                0x02013dc0       0x84 C:/devkitPro/devkitARM/bin/../lib/gcc/arm-none-eabi/15.2.0/../../../../arm-none-eabi/lib/thumb\libg.a(libc_a-wcrtomb.o)
                0x02013dc0                _wcrtomb_r
 .text._strtol_l.part.0
                0x02013e44      0x25c C:/devkitPro/devkitARM/bin/../lib/gcc/arm-none-eabi/15.2.0/../../../../arm-none-eabi/lib/thumb\libg.a(libc_a-strtol.o)
 .text._strtol_r
                0x020140a0       0x34 C:/devkitPro/devkitARM/bin/../lib/gcc/arm-none-eabi/15.2.0/../../../../arm-none-eabi/lib/thumb\libg.a(libc_a-strtol.o)
                0x020140a0                _strtol_r
 .text.__libc_fini_array
                0x020140d4       0x30 C:/devkitPro/devkitARM/bin/../lib/gcc/arm-none-eabi/15.2.0/../../../../arm-none-eabi/lib/thumb\libg.a(libc_a-fini.o)
                0x020140d4                __libc_fini_array
 .text.__sccl   0x02014104       0xb0 C:/devkitPro/devkitARM/bin/../lib/gcc/arm-none-eabi/15.2.0/../../../../arm-none-eabi/lib/thumb\libg.a(libc_a-sccl.o)
                0x02014104                __sccl
 .text.__sflush_r
                0x020141b4      0x180 C:/devkitPro/devkitARM/bin/../lib/gcc/arm-none-eabi/15.2.0/../../../../arm-none-eabi/lib/thumb\libg.a(libc_a-fflush.o)
                0x020141b4                __sflush_r
 .text._fflush_r
                0x02014334       0x70 C:/devkitPro/devkitARM/bin/../lib/gcc/arm-none-eabi/15.2.0/../../../../arm-none-eabi/lib/thumb\libg.a(libc_a-fflush.o)
                0x02014334                _fflush_r
 .text.__smakebuf_r
                0x020143a4       0xe0 C:/devkitPro/devkitARM/bin/../lib/gcc/arm-none-eabi/15.2.0/../../../../arm-none-eabi/lib/thumb\libg.a(libc_a-makebuf.o)
                0x020143a4                __smakebuf_r
 .text.__swhatbuf_r
                0x02014484       0x5c C:/devkitPro/devkitARM/bin/../lib/gcc/arm-none-eabi/15.2.0/../../../../arm-none-eabi/lib/thumb\libg.a(libc_a-makebuf.o)
                0x02014484                __swhatbuf_r
 .text._realloc_r
                0x020144e0      0x344 C:/devkitPro/devkitARM/bin/../lib/gcc/arm-none-eabi/15.2.0/../../../../arm-none-eabi/lib/thumb\libg.a(libc_a-reallocr.o)
                0x020144e0                _realloc_r
 .text.__ssputs_r
                0x02014824       0xd4 C:/devkitPro/devkitARM/bin/../lib/gcc/arm-none-eabi/15.2.0/../../../../arm-none-eabi/lib/thumb\libg.a(libc_a-ssputs_r.o)
                0x02014824                __ssputs_r
 .text.get_arg  0x020148f8       0x3e C:/devkitPro/devkitARM/bin/../lib/gcc/arm-none-eabi/15.2.0/../../../../arm-none-eabi/lib/thumb\libg.a(libc_a-svfscanf.o)
 *fill*         0x02014936        0x2 ff
 .text.__ssvfscanf_r
                0x02014938     0x1fc8 C:/devkitPro/devkitARM/bin/../lib/gcc/arm-none-eabi/15.2.0/../../../../arm-none-eabi/lib/thumb\libg.a(libc_a-svfscanf.o)
                0x02014938                __ssvfscanf_r
 .text.__utf8_wctomb
                0x02016900       0xbc C:/devkitPro/devkitARM/bin/../lib/gcc/arm-none-eabi/15.2.0/../../../../arm-none-eabi/lib/thumb\libg.a(libc_a-wctomb_r.o)
                0x02016900                __utf8_wctomb
 .text._strtoull_l.isra.0
                0x020169bc      0x1c0 C:/devkitPro/devkitARM/bin/../lib/gcc/arm-none-eabi/15.2.0/../../../../arm-none-eabi/lib/thumb\libg.a(libc_a-strtoull.o)
 .text._strtoull_r
                0x02016b7c       0x20 C:/devkitPro/devkitARM/bin/../lib/gcc/arm-none-eabi/15.2.0/../../../../arm-none-eabi/lib/thumb\libg.a(libc_a-strtoull.o)
                0x02016b7c                _strtoull_r
 .text._mbrtowc_r
                0x02016b9c       0x98 C:/devkitPro/devkitARM/bin/../lib/gcc/arm-none-eabi/15.2.0/../../../../arm-none-eabi/lib/thumb\libg.a(libc_a-mbrtowc.o)
                0x02016b9c                _mbrtowc_r
 .text.__swsetup_r
                0x02016c34       0xd4 C:/devkitPro/devkitARM/bin/../lib/gcc/arm-none-eabi/15.2.0/../../../../arm-none-eabi/lib/thumb\libg.a(libc_a-wsetup.o)
                0x02016c34                __swsetup_r
 .text.nanf     0x02016d08        0x8 C:/devkitPro/devkitARM/bin/../lib/gcc/arm-none-eabi/15.2.0/../../../../arm-none-eabi/lib/thumb\libg.a(libm_a-sf_nan.o)
                0x02016d08                nanf
 .text.strncmp  0x02016d10       0x70 C:/devkitPro/devkitARM/bin/../lib/gcc/arm-none-eabi/15.2.0/../../../../arm-none-eabi/lib/thumb\libg.a(libc_a-strncmp.o)
                0x02016d10                strncmp
 .text.__sfvwrite_r
                0x02016d80      0x31c C:/devkitPro/devkitARM/bin/../lib/gcc/arm-none-eabi/15.2.0/../../../../arm-none-eabi/lib/thumb\libg.a(libc_a-fvwrite.o)
                0x02016d80                __sfvwrite_r
 .text.__assert_func
                0x0201709c       0x40 C:/devkitPro/devkitARM/bin/../lib/gcc/arm-none-eabi/15.2.0/../../../../arm-none-eabi/lib/thumb\libg.a(libc_a-assert.o)
                0x0201709c                __assert_func
 .text.iswspace_l
                0x020170dc       0x28 C:/devkitPro/devkitARM/bin/../lib/gcc/arm-none-eabi/15.2.0/../../../../arm-none-eabi/lib/thumb\libg.a(libc_a-iswspace_l.o)
                0x020170dc                iswspace_l
 .text._Balloc  0x02017104       0x5c C:/devkitPro/devkitARM/bin/../lib/gcc/arm-none-eabi/15.2.0/../../../../arm-none-eabi/lib/thumb\libg.a(libc_a-mprec.o)
                0x02017104                _Balloc
 .text._Bfree   0x02017160       0x14 C:/devkitPro/devkitARM/bin/../lib/gcc/arm-none-eabi/15.2.0/../../../../arm-none-eabi/lib/thumb\libg.a(libc_a-mprec.o)
                0x02017160                _Bfree
 .text.__multadd
                0x02017174       0xa8 C:/devkitPro/devkitARM/bin/../lib/gcc/arm-none-eabi/15.2.0/../../../../arm-none-eabi/lib/thumb\libg.a(libc_a-mprec.o)
                0x02017174                __multadd
 .text.__s2b    0x0201721c       0xb4 C:/devkitPro/devkitARM/bin/../lib/gcc/arm-none-eabi/15.2.0/../../../../arm-none-eabi/lib/thumb\libg.a(libc_a-mprec.o)
                0x0201721c                __s2b
 .text.__hi0bits
                0x020172d0       0x60 C:/devkitPro/devkitARM/bin/../lib/gcc/arm-none-eabi/15.2.0/../../../../arm-none-eabi/lib/thumb\libg.a(libc_a-mprec.o)
                0x020172d0                __hi0bits
 .text.__lo0bits
                0x02017330       0x8c C:/devkitPro/devkitARM/bin/../lib/gcc/arm-none-eabi/15.2.0/../../../../arm-none-eabi/lib/thumb\libg.a(libc_a-mprec.o)
                0x02017330                __lo0bits
 .text.__i2b    0x020173bc       0x64 C:/devkitPro/devkitARM/bin/../lib/gcc/arm-none-eabi/15.2.0/../../../../arm-none-eabi/lib/thumb\libg.a(libc_a-mprec.o)
                0x020173bc                __i2b
 .text.__multiply
                0x02017420      0x1b4 C:/devkitPro/devkitARM/bin/../lib/gcc/arm-none-eabi/15.2.0/../../../../arm-none-eabi/lib/thumb\libg.a(libc_a-mprec.o)
                0x02017420                __multiply
 .text.__pow5mult
                0x020175d4       0xd8 C:/devkitPro/devkitARM/bin/../lib/gcc/arm-none-eabi/15.2.0/../../../../arm-none-eabi/lib/thumb\libg.a(libc_a-mprec.o)
                0x020175d4                __pow5mult
 .text.__lshift
                0x020176ac       0xf8 C:/devkitPro/devkitARM/bin/../lib/gcc/arm-none-eabi/15.2.0/../../../../arm-none-eabi/lib/thumb\libg.a(libc_a-mprec.o)
                0x020176ac                __lshift
 .text.__mcmp   0x020177a4       0x50 C:/devkitPro/devkitARM/bin/../lib/gcc/arm-none-eabi/15.2.0/../../../../arm-none-eabi/lib/thumb\libg.a(libc_a-mprec.o)
                0x020177a4                __mcmp
 .text.__mdiff  0x020177f4      0x1a4 C:/devkitPro/devkitARM/bin/../lib/gcc/arm-none-eabi/15.2.0/../../../../arm-none-eabi/lib/thumb\libg.a(libc_a-mprec.o)
                0x020177f4                __mdiff
 .text.__ulp    0x02017998       0x40 C:/devkitPro/devkitARM/bin/../lib/gcc/arm-none-eabi/15.2.0/../../../../arm-none-eabi/lib/thumb\libg.a(libc_a-mprec.o)
                0x02017998                __ulp
 .text.__b2d    0x020179d8       0xc8 C:/devkitPro/devkitARM/bin/../lib/gcc/arm-none-eabi/15.2.0/../../../../arm-none-eabi/lib/thumb\libg.a(libc_a-mprec.o)
                0x020179d8                __b2d
 .text.__d2b    0x02017aa0       0xd4 C:/devkitPro/devkitARM/bin/../lib/gcc/arm-none-eabi/15.2.0/../../../../arm-none-eabi/lib/thumb\libg.a(libc_a-mprec.o)
                0x02017aa0                __d2b
 .text.__ratio  0x02017b74       0x60 C:/devkitPro/devkitARM/bin/../lib/gcc/arm-none-eabi/15.2.0/../../../../arm-none-eabi/lib/thumb\libg.a(libc_a-mprec.o)
                0x02017b74                __ratio
 .text.__copybits
                0x02017bd4       0x48 C:/devkitPro/devkitARM/bin/../lib/gcc/arm-none-eabi/15.2.0/../../../../arm-none-eabi/lib/thumb\libg.a(libc_a-mprec.o)
                0x02017bd4                __copybits
 .text.__any_on
                0x02017c1c       0x54 C:/devkitPro/devkitARM/bin/../lib/gcc/arm-none-eabi/15.2.0/../../../../arm-none-eabi/lib/thumb\libg.a(libc_a-mprec.o)
                0x02017c1c                __any_on
 .text._fclose_r
                0x02017c70       0xdc C:/devkitPro/devkitARM/bin/../lib/gcc/arm-none-eabi/15.2.0/../../../../arm-none-eabi/lib/thumb\libg.a(libc_a-fclose.o)
                0x02017c70                _fclose_r
 .text._strtoll_l.isra.0
                0x02017d4c      0x300 C:/devkitPro/devkitARM/bin/../lib/gcc/arm-none-eabi/15.2.0/../../../../arm-none-eabi/lib/thumb\libg.a(libc_a-strtoll.o)
 .text._strtoll_r
                0x0201804c       0x20 C:/devkitPro/devkitARM/bin/../lib/gcc/arm-none-eabi/15.2.0/../../../../arm-none-eabi/lib/thumb\libg.a(libc_a-strtoll.o)
                0x0201804c                _strtoll_r
 .text.__submore
                0x0201806c       0x7c C:/devkitPro/devkitARM/bin/../lib/gcc/arm-none-eabi/15.2.0/../../../../arm-none-eabi/lib/thumb\libg.a(libc_a-ungetc.o)
                0x0201806c                __submore
 .text.sulp     0x020180e8       0x34 C:/devkitPro/devkitARM/bin/../lib/gcc/arm-none-eabi/15.2.0/../../../../arm-none-eabi/lib/thumb\libg.a(libc_a-strtod.o)
 .text._strtod_l
                0x0201811c      0xf7c C:/devkitPro/devkitARM/bin/../lib/gcc/arm-none-eabi/15.2.0/../../../../arm-none-eabi/lib/thumb\libg.a(libc_a-strtod.o)
                0x0201811c                _strtod_l
 .text._strtod_r
                0x02019098       0x2c C:/devkitPro/devkitARM/bin/../lib/gcc/arm-none-eabi/15.2.0/../../../../arm-none-eabi/lib/thumb\libg.a(libc_a-strtod.o)
                0x02019098                _strtod_r
 .text.fiprintf
                0x020190c4       0x28 C:/devkitPro/devkitARM/bin/../lib/gcc/arm-none-eabi/15.2.0/../../../../arm-none-eabi/lib/thumb\libg.a(libc_a-fiprintf.o)
                0x020190c4                fiprintf
 .text.rshift   0x020190ec       0xac C:/devkitPro/devkitARM/bin/../lib/gcc/arm-none-eabi/15.2.0/../../../../arm-none-eabi/lib/thumb\libg.a(libc_a-gdtoa-gethex.o)
 .text.__gethex
                0x02019198      0x60c C:/devkitPro/devkitARM/bin/../lib/gcc/arm-none-eabi/15.2.0/../../../../arm-none-eabi/lib/thumb\libg.a(libc_a-gdtoa-gethex.o)
                0x02019198                __gethex
 .text.abort    0x020197a4       0x10 C:/devkitPro/devkitARM/bin/../lib/gcc/arm-none-eabi/15.2.0/../../../../arm-none-eabi/lib/thumb\libg.a(libc_a-abort.o)
                0x020197a4                abort
 .text._calloc_r
                0x020197b4       0xcc C:/devkitPro/devkitARM/bin/../lib/gcc/arm-none-eabi/15.2.0/../../../../arm-none-eabi/lib/thumb\libg.a(libc_a-callocr.o)
                0x020197b4                _calloc_r
 .text.category
                0x02019880       0x5c C:/devkitPro/devkitARM/bin/../lib/gcc/arm-none-eabi/15.2.0/../../../../arm-none-eabi/lib/thumb\libg.a(libc_a-categories.o)
                0x02019880                category
 .text.stpncpy  0x020198dc       0x74 C:/devkitPro/devkitARM/bin/../lib/gcc/arm-none-eabi/15.2.0/../../../../arm-none-eabi/lib/thumb\libg.a(libc_a-stpncpy.o)
                0x020198dc                stpncpy
 .text.__match  0x02019950       0x38 C:/devkitPro/devkitARM/bin/../lib/gcc/arm-none-eabi/15.2.0/../../../../arm-none-eabi/lib/thumb\libg.a(libc_a-gdtoa-hexnan.o)
                0x02019950                __match
 .text.__hexnan
                0x02019988      0x1e8 C:/devkitPro/devkitARM/bin/../lib/gcc/arm-none-eabi/15.2.0/../../../../arm-none-eabi/lib/thumb\libg.a(libc_a-gdtoa-hexnan.o)
                0x02019988                __hexnan
 .text.nan      0x02019b70        0xc C:/devkitPro/devkitARM/bin/../lib/gcc/arm-none-eabi/15.2.0/../../../../arm-none-eabi/lib/thumb\libg.a(libm_a-s_nan.o)
                0x02019b70                nan
 .text._raise_r
                0x02019b7c       0x60 C:/devkitPro/devkitARM/bin/../lib/gcc/arm-none-eabi/15.2.0/../../../../arm-none-eabi/lib/thumb\libg.a(libc_a-signal.o)
                0x02019b7c                _raise_r
 .text.raise    0x02019bdc       0x14 C:/devkitPro/devkitARM/bin/../lib/gcc/arm-none-eabi/15.2.0/../../../../arm-none-eabi/lib/thumb\libg.a(libc_a-signal.o)
                0x02019bdc                raise
 .text._exit    0x02019bf0       0x14 C:/devkitPro/devkitARM/bin/../lib/gcc/arm-none-eabi/15.2.0/../../../../arm-none-eabi/lib/thumb\libsysbase.a(libsysbase_libsysbase_a-_exit.o)
                0x02019bf0                _exit
 .text._fstat_r
                0x02019c04       0x5c C:/devkitPro/devkitARM/bin/../lib/gcc/arm-none-eabi/15.2.0/../../../../arm-none-eabi/lib/thumb\libsysbase.a(libsysbase_libsysbase_a-fstat.o)
                0x02019c04                _fstat_r
 .text._getpid_r
                0x02019c60        0xc C:/devkitPro/devkitARM/bin/../lib/gcc/arm-none-eabi/15.2.0/../../../../arm-none-eabi/lib/thumb\libsysbase.a(libsysbase_libsysbase_a-getpid.o)
                0x02019c60                _getpid_r
 .text.__getreent
                0x02019c6c       0x20 C:/devkitPro/devkitARM/bin/../lib/gcc/arm-none-eabi/15.2.0/../../../../arm-none-eabi/lib/thumb\libsysbase.a(libsysbase_libsysbase_a-getreent.o)
                0x02019c6c                __getreent
 .text.__get_handle
                0x02019c8c       0x34 C:/devkitPro/devkitARM/bin/../lib/gcc/arm-none-eabi/15.2.0/../../../../arm-none-eabi/lib/thumb\libsysbase.a(libsysbase_libsysbase_a-handle_manager.o)
                0x02019c8c                __get_handle
 .text._close_r
                0x02019cc0       0xb0 C:/devkitPro/devkitARM/bin/../lib/gcc/arm-none-eabi/15.2.0/../../../../arm-none-eabi/lib/thumb\libsysbase.a(libsysbase_libsysbase_a-handle_manager.o)
                0x02019cc0                _close_r
 .text.null_write
                0x02019d70        0x4 C:/devkitPro/devkitARM/bin/../lib/gcc/arm-none-eabi/15.2.0/../../../../arm-none-eabi/lib/thumb\libsysbase.a(libsysbase_libsysbase_a-iosupport.o)
 .text._isatty_r
                0x02019d74        0x4 C:/devkitPro/devkitARM/bin/../lib/gcc/arm-none-eabi/15.2.0/../../../../arm-none-eabi/lib/thumb\libsysbase.a(libsysbase_libsysbase_a-isatty.o)
                0x02019d74                _isatty_r
 .text._kill_r  0x02019d78        0xc C:/devkitPro/devkitARM/bin/../lib/gcc/arm-none-eabi/15.2.0/../../../../arm-none-eabi/lib/thumb\libsysbase.a(libsysbase_libsysbase_a-kill.o)
                0x02019d78                _kill_r
 .text._lseek_r
                0x02019d84       0x64 C:/devkitPro/devkitARM/bin/../lib/gcc/arm-none-eabi/15.2.0/../../../../arm-none-eabi/lib/thumb\libsysbase.a(libsysbase_libsysbase_a-lseek.o)
                0x02019d84                _lseek_r
 .text._read_r  0x02019de8       0x5c C:/devkitPro/devkitARM/bin/../lib/gcc/arm-none-eabi/15.2.0/../../../../arm-none-eabi/lib/thumb\libsysbase.a(libsysbase_libsysbase_a-read.o)
                0x02019de8                _read_r
 .text._sbrk_r  0x02019e44       0x50 C:/devkitPro/devkitARM/bin/../lib/gcc/arm-none-eabi/15.2.0/../../../../arm-none-eabi/lib/thumb\libsysbase.a(libsysbase_libsysbase_a-sbrk.o)
                0x02019e44                _sbrk_r
 .text.__libc_lock_acquire
                0x02019e94       0x18 C:/devkitPro/devkitARM/bin/../lib/gcc/arm-none-eabi/15.2.0/../../../../arm-none-eabi/lib/thumb\libsysbase.a(libsysbase_libsysbase_a-syscall_support.o)
                0x02019e94                __libc_lock_acquire
 .text.__libc_lock_release
                0x02019eac       0x18 C:/devkitPro/devkitARM/bin/../lib/gcc/arm-none-eabi/15.2.0/../../../../arm-none-eabi/lib/thumb\libsysbase.a(libsysbase_libsysbase_a-syscall_support.o)
                0x02019eac                __libc_lock_release
 .text.__libc_lock_acquire_recursive
                0x02019ec4       0x18 C:/devkitPro/devkitARM/bin/../lib/gcc/arm-none-eabi/15.2.0/../../../../arm-none-eabi/lib/thumb\libsysbase.a(libsysbase_libsysbase_a-syscall_support.o)
                0x02019ec4                __libc_lock_acquire_recursive
 .text.__libc_lock_release_recursive
                0x02019edc       0x18 C:/devkitPro/devkitARM/bin/../lib/gcc/arm-none-eabi/15.2.0/../../../../arm-none-eabi/lib/thumb\libsysbase.a(libsysbase_libsysbase_a-syscall_support.o)
                0x02019edc                __libc_lock_release_recursive
 .text._write_r
                0x02019ef4       0x5c C:/devkitPro/devkitARM/bin/../lib/gcc/arm-none-eabi/15.2.0/../../../../arm-none-eabi/lib/thumb\libsysbase.a(libsysbase_libsysbase_a-write.o)
                0x02019ef4                _write_r
 .text          0x02019f50       0x14 C:/devkitPro/devkitARM/bin/../lib/gcc/arm-none-eabi/15.2.0/thumb\libgcc.a(_thumb1_case_uqi.o)
                0x02019f50                __gnu_thumb1_case_uqi
 .text          0x02019f64       0x14 C:/devkitPro/devkitARM/bin/../lib/gcc/arm-none-eabi/15.2.0/thumb\libgcc.a(_thumb1_case_uhi.o)
                0x02019f64                __gnu_thumb1_case_uhi
 .text          0x02019f78      0x11c C:/devkitPro/devkitARM/bin/../lib/gcc/arm-none-eabi/15.2.0/thumb\libgcc.a(_udivsi3.o)
                0x02019f78                __aeabi_uidiv
                0x02019f78                __udivsi3
                0x0201a074                __aeabi_uidivmod
 .text          0x0201a094      0x424 C:/devkitPro/devkitARM/bin/../lib/gcc/arm-none-eabi/15.2.0/thumb\libgcc.a(_arm_addsubdf3.o)
                0x0201a094                __aeabi_drsub
                0x0201a09c                __aeabi_dsub
                0x0201a09c                __subdf3
                0x0201a0a0                __aeabi_dadd
                0x0201a0a0                __adddf3
                0x0201a3b0                __floatunsidf
                0x0201a3b0                __aeabi_ui2d
                0x0201a3d4                __floatsidf
                0x0201a3d4                __aeabi_i2d
                0x0201a3fc                __aeabi_f2d
                0x0201a3fc                __extendsfdf2
                0x0201a444                __floatundidf
                0x0201a444                __aeabi_ul2d
                0x0201a458                __floatdidf
                0x0201a458                __aeabi_l2d
 .text          0x0201a4b8      0x49c C:/devkitPro/devkitARM/bin/../lib/gcc/arm-none-eabi/15.2.0/thumb\libgcc.a(_arm_muldivdf3.o)
                0x0201a4b8                __aeabi_dmul
                0x0201a4b8                __muldf3
                0x0201a748                __divdf3
                0x0201a748                __aeabi_ddiv
 .text          0x0201a954      0x144 C:/devkitPro/devkitARM/bin/../lib/gcc/arm-none-eabi/15.2.0/thumb\libgcc.a(_arm_cmpdf2.o)
                0x0201a954                __gtdf2
                0x0201a954                __gedf2
                0x0201a95c                __ltdf2
                0x0201a95c                __ledf2
                0x0201a964                __nedf2
                0x0201a964                __eqdf2
                0x0201a964                __cmpdf2
                0x0201a9ec                __aeabi_cdrcmple
                0x0201aa08                __aeabi_cdcmpeq
                0x0201aa08                __aeabi_cdcmple
                0x0201aa20                __aeabi_dcmpeq
                0x0201aa38                __aeabi_dcmplt
                0x0201aa50                __aeabi_dcmple
                0x0201aa68                __aeabi_dcmpge
                0x0201aa80                __aeabi_dcmpgt
 .text          0x0201aa98       0x38 C:/devkitPro/devkitARM/bin/../lib/gcc/arm-none-eabi/15.2.0/thumb\libgcc.a(_arm_unorddf2.o)
                0x0201aa98                __unorddf2
                0x0201aa98                __aeabi_dcmpun
 .text          0x0201aad0       0x5c C:/devkitPro/devkitARM/bin/../lib/gcc/arm-none-eabi/15.2.0/thumb\libgcc.a(_arm_fixdfsi.o)
                0x0201aad0                __aeabi_d2iz
                0x0201aad0                __fixdfsi
 .text          0x0201ab2c       0x54 C:/devkitPro/devkitARM/bin/../lib/gcc/arm-none-eabi/15.2.0/thumb\libgcc.a(_arm_fixunsdfsi.o)
                0x0201ab2c                __aeabi_d2uiz
                0x0201ab2c                __fixunsdfsi
 .text          0x0201ab80       0xa0 C:/devkitPro/devkitARM/bin/../lib/gcc/arm-none-eabi/15.2.0/thumb\libgcc.a(_arm_truncdfsf2.o)
                0x0201ab80                __truncdfsf2
                0x0201ab80                __aeabi_d2f
 .text.__muldi3
                0x0201ac20       0x58 C:/devkitPro/devkitARM/bin/../lib/gcc/arm-none-eabi/15.2.0/thumb\libgcc.a(_muldi3.o)
                0x0201ac20                __muldi3
                0x0201ac20                __aeabi_lmul
 .text.__fixdfdi
                0x0201ac78       0x3c C:/devkitPro/devkitARM/bin/../lib/gcc/arm-none-eabi/15.2.0/thumb\libgcc.a(_fixdfdi.o)
                0x0201ac78                __fixdfdi
                0x0201ac78                __aeabi_d2lz
 .text.__fixunsdfdi
                0x0201acb4       0x40 C:/devkitPro/devkitARM/bin/../lib/gcc/arm-none-eabi/15.2.0/thumb\libgcc.a(_fixunsdfdi.o)
                0x0201acb4                __fixunsdfdi
                0x0201acb4                __aeabi_d2ulz
 EXCLUDE_FILE(*.twl.*) *(.glue_7t .glue_7 .vfp11_veneer .v4_bx)
 .glue_7        0x0201acf4        0x0 linker stubs
 .glue_7t       0x0201acf4        0x0 linker stubs
 .vfp11_veneer  0x0201acf4        0x0 linker stubs
 .v4_bx         0x0201acf4        0x0 linker stubs
 *(SORT_NONE(.fini))
 .fini          0x0201acf4        0x4 C:/devkitPro/devkitARM/bin/../lib/gcc/arm-none-eabi/15.2.0/thumb/crti.o
                0x0201acf4                _fini
 .fini          0x0201acf8        0x8 C:/devkitPro/devkitARM/bin/../lib/gcc/arm-none-eabi/15.2.0/thumb/crtn.o
 .fini.__stub   0x0201ad00       0x20 linker stubs
 EXCLUDE_FILE(*.twl.*) *(.rodata .rodata.* .gnu.linkonce.r.*)
 .rodata.str1.4
                0x0201ad20      0x69c main.o
                                0x411 (size before relaxing)
 .rodata.sgIP_DHCP_Init.str1.4
                0x0201b3bc        0x0 C:/devkitPro/libnds/lib\libdswifi9.a(sgIP_DHCP.o)
                                  0xb (size before relaxing)
 .rodata.sgIP_DHCP_BeginDgram.str1.4
                0x0201b3bc        0x0 C:/devkitPro/libnds/lib\libdswifi9.a(sgIP_DHCP.o)
                                  0x9 (size before relaxing)
 .rodata.sgIP_DHCP_Update
                0x0201b3bc        0x7 C:/devkitPro/libnds/lib\libdswifi9.a(sgIP_DHCP.o)
 .rodata.sgIP_DNS_isipaddress
                0x0201b3c3       0x2f C:/devkitPro/libnds/lib\libdswifi9.a(sgIP_DNS.o)
 .rodata.connect
                0x0201b3f2        0xd C:/devkitPro/libnds/lib\libdswifi9.a(sgIP_sockets.o)
 .rodata._wfcOnEvent.part.0.str1.4
                0x0201b3ff        0x0 C:/devkitPro/libnds/lib\libdswifi9.a(wfc.o)
                                  0x7 (size before relaxing)
 .rodata.sgIP_TCP_Timer
                0x0201b3ff        0x9 C:/devkitPro/libnds/lib\libdswifi9.a(sgIP_TCP.o)
 .rodata.sgIP_TCP_ReceivePacket
                0x0201b408       0x1a C:/devkitPro/libnds/lib\libdswifi9.a(sgIP_TCP.o)
 .rodata.con_write.str1.4
                0x0201b422        0x0 C:/devkitPro/libnds/lib\libnds9.a(console.o)
                                 0x30 (size before relaxing)
 *fill*         0x0201b422        0x2 ff
 .rodata.con_write
                0x0201b424       0xd4 C:/devkitPro/libnds/lib\libnds9.a(console.o)
 .rodata.consoleClear.str1.4
                0x0201b4f8        0x0 C:/devkitPro/libnds/lib\libnds9.a(console.o)
                                  0x5 (size before relaxing)
 .rodata.str1.4
                0x0201b4f8        0x0 C:/devkitPro/libnds/lib\libnds9.a(console.o)
                                 0x14 (size before relaxing)
 .rodata.dotab_stdout
                0x0201b4f8       0x80 C:/devkitPro/libnds/lib\libnds9.a(console.o)
 .rodata.default_font_bin
                0x0201b578      0x800 C:/devkitPro/libnds/lib\libnds9.a(default_font.bin.o)
                0x0201b578                default_font_bin
                0x0201bd78                default_font_bin_end
 .rodata.SIN_LUT
                0x0201bd78      0x102 C:/devkitPro/libnds/lib\libnds9.a(trig.o)
                0x0201bd78                SIN_LUT
 *fill*         0x0201be7a        0x2 ff
 .rodata.s_netbufListSizes
                0x0201be7c        0xa C:/devkitPro/calico/lib\libcalico_ds9.a(netbuf.o)
 .rodata._wlmgrThreadMain
                0x0201be86        0x4 C:/devkitPro/calico/lib\libcalico_ds9.a(wlmgr.o)
 *fill*         0x0201be8a        0x2 ff
 .rodata.g_wlmgrDefaultConfig
                0x0201be8c        0xc C:/devkitPro/calico/lib\libcalico_ds9.a(wlmgr.o)
                0x0201be8c                g_wlmgrDefaultConfig
 .rodata        0x0201be98       0x16 C:/devkitPro/calico/lib\libcalico_ds9.a(wlmgr.o)
 .rodata._svfprintf_r.str1.1
                0x0201beae       0x40 C:/devkitPro/devkitARM/bin/../lib/gcc/arm-none-eabi/15.2.0/../../../../arm-none-eabi/lib/thumb\libg.a(libc_a-svfprintf.o)
                                 0x3b (size before relaxing)
 *fill*         0x0201beee        0x2 ff
 .rodata.zeroes.0
                0x0201bef0       0x10 C:/devkitPro/devkitARM/bin/../lib/gcc/arm-none-eabi/15.2.0/../../../../arm-none-eabi/lib/thumb\libg.a(libc_a-svfprintf.o)
 .rodata.blanks.1
                0x0201bf00       0x10 C:/devkitPro/devkitARM/bin/../lib/gcc/arm-none-eabi/15.2.0/../../../../arm-none-eabi/lib/thumb\libg.a(libc_a-svfprintf.o)
 .rodata.__action_table
                0x0201bf10       0x6c C:/devkitPro/devkitARM/bin/../lib/gcc/arm-none-eabi/15.2.0/../../../../arm-none-eabi/lib/thumb\libg.a(libc_a-svfiprintf.o)
                0x0201bf10                __action_table
 .rodata.__state_table
                0x0201bf7c       0x6c C:/devkitPro/devkitARM/bin/../lib/gcc/arm-none-eabi/15.2.0/../../../../arm-none-eabi/lib/thumb\libg.a(libc_a-svfiprintf.o)
                0x0201bf7c                __state_table
 .rodata.__chclass
                0x0201bfe8      0x100 C:/devkitPro/devkitARM/bin/../lib/gcc/arm-none-eabi/15.2.0/../../../../arm-none-eabi/lib/thumb\libg.a(libc_a-svfiprintf.o)
                0x0201bfe8                __chclass
 .rodata.str1.4
                0x0201c0e8        0x0 C:/devkitPro/devkitARM/bin/../lib/gcc/arm-none-eabi/15.2.0/../../../../arm-none-eabi/lib/thumb\libg.a(libc_a-locale.o)
                                 0x4c (size before relaxing)
 .rodata._vfiprintf_r.str1.1
                0x0201c0e8        0x0 C:/devkitPro/devkitARM/bin/../lib/gcc/arm-none-eabi/15.2.0/../../../../arm-none-eabi/lib/thumb\libg.a(libc_a-vfiprintf.o)
                                 0x29 (size before relaxing)
 .rodata.zeroes.0
                0x0201c0e8       0x10 C:/devkitPro/devkitARM/bin/../lib/gcc/arm-none-eabi/15.2.0/../../../../arm-none-eabi/lib/thumb\libg.a(libc_a-vfiprintf.o)
 .rodata.blanks.1
                0x0201c0f8       0x10 C:/devkitPro/devkitARM/bin/../lib/gcc/arm-none-eabi/15.2.0/../../../../arm-none-eabi/lib/thumb\libg.a(libc_a-vfiprintf.o)
 .rodata.basefix.0
                0x0201c108       0x22 C:/devkitPro/devkitARM/bin/../lib/gcc/arm-none-eabi/15.2.0/../../../../arm-none-eabi/lib/thumb\libg.a(libc_a-svfiscanf.o)
 .rodata._dtoa_r.str1.4
                0x0201c12a        0x0 C:/devkitPro/devkitARM/bin/../lib/gcc/arm-none-eabi/15.2.0/../../../../arm-none-eabi/lib/thumb\libg.a(libc_a-dtoa.o)
                                 0x9c (size before relaxing)
 *fill*         0x0201c12a        0x2 ff
 .rodata._ctype_
                0x0201c12c      0x101 C:/devkitPro/devkitARM/bin/../lib/gcc/arm-none-eabi/15.2.0/../../../../arm-none-eabi/lib/thumb\libg.a(libc_a-ctype_.o)
                0x0201c12c                _ctype_
 .rodata.__ssvfscanf_r.str1.1
                0x0201c22d        0x0 C:/devkitPro/devkitARM/bin/../lib/gcc/arm-none-eabi/15.2.0/../../../../arm-none-eabi/lib/thumb\libg.a(libc_a-svfscanf.o)
                                  0x6 (size before relaxing)
 *fill*         0x0201c22d        0x3 ff
 .rodata.basefix.0
                0x0201c230       0x22 C:/devkitPro/devkitARM/bin/../lib/gcc/arm-none-eabi/15.2.0/../../../../arm-none-eabi/lib/thumb\libg.a(libc_a-svfscanf.o)
 .rodata._mbrtowc_r.str1.4
                0x0201c252        0x0 C:/devkitPro/devkitARM/bin/../lib/gcc/arm-none-eabi/15.2.0/../../../../arm-none-eabi/lib/thumb\libg.a(libc_a-mbrtowc.o)
                                  0x1 (size before relaxing)
 .rodata.__assert_func.str1.4
                0x0201c252        0x0 C:/devkitPro/devkitARM/bin/../lib/gcc/arm-none-eabi/15.2.0/../../../../arm-none-eabi/lib/thumb\libg.a(libc_a-assert.o)
                                 0x43 (size before relaxing)
 .rodata.__multadd.str1.4
                0x0201c252        0x0 C:/devkitPro/devkitARM/bin/../lib/gcc/arm-none-eabi/15.2.0/../../../../arm-none-eabi/lib/thumb\libg.a(libc_a-mprec.o)
                                 0x89 (size before relaxing)
 *fill*         0x0201c252        0x2 ff
 .rodata.p05.0  0x0201c254        0xc C:/devkitPro/devkitARM/bin/../lib/gcc/arm-none-eabi/15.2.0/../../../../arm-none-eabi/lib/thumb\libg.a(libc_a-mprec.o)
 .rodata.__mprec_bigtens
                0x0201c260       0x28 C:/devkitPro/devkitARM/bin/../lib/gcc/arm-none-eabi/15.2.0/../../../../arm-none-eabi/lib/thumb\libg.a(libc_a-mprec.o)
                0x0201c260                __mprec_bigtens
 .rodata.__mprec_tens
                0x0201c288       0xc8 C:/devkitPro/devkitARM/bin/../lib/gcc/arm-none-eabi/15.2.0/../../../../arm-none-eabi/lib/thumb\libg.a(libc_a-mprec.o)
                0x0201c288                __mprec_tens
 .rodata._strtod_l.str1.4
                0x0201c350        0x0 C:/devkitPro/devkitARM/bin/../lib/gcc/arm-none-eabi/15.2.0/../../../../arm-none-eabi/lib/thumb\libg.a(libc_a-strtod.o)
                                 0x15 (size before relaxing)
 .rodata._strtod_l
                0x0201c350       0xd0 C:/devkitPro/devkitARM/bin/../lib/gcc/arm-none-eabi/15.2.0/../../../../arm-none-eabi/lib/thumb\libg.a(libc_a-strtod.o)
 .rodata.fpinan.0
                0x0201c420       0x14 C:/devkitPro/devkitARM/bin/../lib/gcc/arm-none-eabi/15.2.0/../../../../arm-none-eabi/lib/thumb\libg.a(libc_a-strtod.o)
 .rodata.fpi.1  0x0201c434       0x14 C:/devkitPro/devkitARM/bin/../lib/gcc/arm-none-eabi/15.2.0/../../../../arm-none-eabi/lib/thumb\libg.a(libc_a-strtod.o)
 .rodata.tinytens
                0x0201c448       0x28 C:/devkitPro/devkitARM/bin/../lib/gcc/arm-none-eabi/15.2.0/../../../../arm-none-eabi/lib/thumb\libg.a(libc_a-strtod.o)
 .rodata.__gethex.str1.4
                0x0201c470        0x0 C:/devkitPro/devkitARM/bin/../lib/gcc/arm-none-eabi/15.2.0/../../../../arm-none-eabi/lib/thumb\libg.a(libc_a-gdtoa-gethex.o)
                                 0x94 (size before relaxing)
 .rodata.__hexdig
                0x0201c470      0x100 C:/devkitPro/devkitARM/bin/../lib/gcc/arm-none-eabi/15.2.0/../../../../arm-none-eabi/lib/thumb\libg.a(libc_a-gdtoa-gethex.o)
                0x0201c470                __hexdig
 .rodata.categories
                0x0201c570     0x35dc C:/devkitPro/devkitARM/bin/../lib/gcc/arm-none-eabi/15.2.0/../../../../arm-none-eabi/lib/thumb\libg.a(libc_a-categories.o)
 .rodata.AddDevice.str1.4
                0x0201fb4c        0x0 C:/devkitPro/devkitARM/bin/../lib/gcc/arm-none-eabi/15.2.0/../../../../arm-none-eabi/lib/thumb\libsysbase.a(libsysbase_libsysbase_a-iosupport.o)
                                  0x8 (size before relaxing)
 .rodata.dotab_stdnull
                0x0201fb4c       0x80 C:/devkitPro/devkitARM/bin/../lib/gcc/arm-none-eabi/15.2.0/../../../../arm-none-eabi/lib/thumb\libsysbase.a(libsysbase_libsysbase_a-iosupport.o)
                0x0201fb4c                dotab_stdnull
 EXCLUDE_FILE(*.twl.*) *(.rodata1)
                0x0201fbcc                        . = ALIGN (0x4)

.main.rw        0x0201fbd0     0x1848 load address 0x02023e44
 EXCLUDE_FILE(*.twl.*) *(.data .data.* .gnu.linkonce.d.*)
 .data.firstConsoleInit.0
                0x0201fbd0        0x1 C:/devkitPro/libnds/lib\libnds9.a(console.o)
 *fill*         0x0201fbd1        0x3 ff
 .data.currentConsole
                0x0201fbd4        0x4 C:/devkitPro/libnds/lib\libnds9.a(console.o)
                0x0201fbd4                currentConsole
 .data.defaultConsole
                0x0201fbd8       0x5c C:/devkitPro/libnds/lib\libnds9.a(console.o)
                0x0201fbd8                defaultConsole
 .data.count    0x0201fc34        0x1 C:/devkitPro/libnds/lib\libnds9.a(keys.o)
 .data.repeat   0x0201fc35        0x1 C:/devkitPro/libnds/lib\libnds9.a(keys.o)
 .data.delay    0x0201fc36        0x1 C:/devkitPro/libnds/lib\libnds9.a(keys.o)
 *fill*         0x0201fc37        0x1 ff
 .data.bgTransform
                0x0201fc38       0x20 C:/devkitPro/libnds/lib\libnds9.a(background.o)
                0x0201fc38                bgTransform
 .data.bgScrollTable
                0x0201fc58       0x20 C:/devkitPro/libnds/lib\libnds9.a(background.o)
                0x0201fc58                bgScrollTable
 .data.bgControl
                0x0201fc78       0x20 C:/devkitPro/libnds/lib\libnds9.a(background.o)
                0x0201fc78                bgControl
 .data.__malloc_sbrk_base
                0x0201fc98        0x4 C:/devkitPro/devkitARM/bin/../lib/gcc/arm-none-eabi/15.2.0/../../../../arm-none-eabi/lib/thumb\libg.a(libc_a-mallocr.o)
                0x0201fc98                __malloc_sbrk_base
 .data.__malloc_trim_threshold
                0x0201fc9c        0x4 C:/devkitPro/devkitARM/bin/../lib/gcc/arm-none-eabi/15.2.0/../../../../arm-none-eabi/lib/thumb\libg.a(libc_a-mallocr.o)
                0x0201fc9c                __malloc_trim_threshold
 .data.__malloc_av_
                0x0201fca0      0x408 C:/devkitPro/devkitARM/bin/../lib/gcc/arm-none-eabi/15.2.0/../../../../arm-none-eabi/lib/thumb\libg.a(libc_a-mallocr.o)
                0x0201fca0                __malloc_av_
 .data.__global_locale
                0x020200a8      0x16c C:/devkitPro/devkitARM/bin/../lib/gcc/arm-none-eabi/15.2.0/../../../../arm-none-eabi/lib/thumb\libg.a(libc_a-locale.o)
                0x020200a8                __global_locale