Archive member included to satisfy reference by file (symbol)

C:/devkitPro/libnds/lib\libdswifi9.a(dswifi9.o)
                              main.o (Wifi_InitDefault)
C:/devkitPro/libnds/lib\libdswifi9.a(sgIP_DHCP.o)
                              C:/devkitPro/libnds/lib\libdswifi9.a(dswifi9.o) (gethostid)
C:/devkitPro/libnds/lib\libdswifi9.a(sgIP_DNS.o)
                              C:/devkitPro/libnds/lib\libdswifi9.a(sgIP_DHCP.o) (sgIP_DNS_FindDNSRecord)
C:/devkitPro/libnds/lib\libdswifi9.a(sgIP_sockets.o)
                              main.o (socket)
C:/devkitPro/libnds/lib\libdswifi9.a(wfc.o)
                              C:/devkitPro/libnds/lib\libdswifi9.a(sgIP_DHCP.o) (sgIP_malloc)
C:/devkitPro/libnds/lib\libdswifi9.a(wpa.twl.o)
                              C:/devkitPro/libnds/lib\libdswifi9.a(wfc.o) (_wpaDerivePmk)
C:/devkitPro/libnds/lib\libdswifi9.a(sgIP.o)
                              C:/devkitPro/libnds/lib\libdswifi9.a(wfc.o) (sgIP_Init)
C:/devkitPro/libnds/lib\libdswifi9.a(sgIP_memblock.o)
                              C:/devkitPro/libnds/lib\libdswifi9.a(sgIP.o) (sgIP_memblock_Init)
C:/devkitPro/libnds/lib\libdswifi9.a(sgIP_Hub.o)
                              C:/devkitPro/libnds/lib\libdswifi9.a(sgIP.o) (sgIP_Hub_Init)
C:/devkitPro/libnds/lib\libdswifi9.a(sgIP_IP.o)
                              C:/devkitPro/libnds/lib\libdswifi9.a(sgIP.o) (sgIP_IP_ReceivePacket)
C:/devkitPro/libnds/lib\libdswifi9.a(sgIP_ARP.o)
                              C:/devkitPro/libnds/lib\libdswifi9.a(sgIP.o) (sgIP_ARP_Init)
C:/devkitPro/libnds/lib\libdswifi9.a(sgIP_ICMP.o)
                              C:/devkitPro/libnds/lib\libdswifi9.a(sgIP_IP.o) (sgIP_ICMP_ReceivePacket)
C:/devkitPro/libnds/lib\libdswifi9.a(sgIP_TCP.o)
                              C:/devkitPro/libnds/lib\libdswifi9.a(sgIP.o) (sgIP_TCP_Init)
C:/devkitPro/libnds/lib\libdswifi9.a(sgIP_UDP.o)
                              C:/devkitPro/libnds/lib\libdswifi9.a(sgIP.o) (sgIP_UDP_Init)
C:/devkitPro/libnds/lib\libnds9.a(console.o)
                              main.o (consoleDemoInit)
C:/devkitPro/libnds/lib\libnds9.a(keys.o)
                              main.o (scanKeys)
C:/devkitPro/libnds/lib\libnds9.a(default_font.bin.o)
                              C:/devkitPro/libnds/lib\libnds9.a(console.o) (default_font_bin)
C:/devkitPro/libnds/lib\libnds9.a(background.o)
                              C:/devkitPro/libnds/lib\libnds9.a(console.o) (bgState)
C:/devkitPro/libnds/lib\libnds9.a(trig.o)
                              C:/devkitPro/libnds/lib\libnds9.a(background.o) (sinLerp)
C:/devkitPro/calico/lib\libcalico_ds9.a(irq.o)
                              main.o (irqSet)
C:/devkitPro/calico/lib\libcalico_ds9.a(tick.o)
                              C:/devkitPro/libnds/lib\libdswifi9.a(wfc.o) (tickTaskStart)
C:/devkitPro/calico/lib\libcalico_ds9.a(thread_cold.o)
                              C:/devkitPro/libnds/lib\libdswifi9.a(wfc.o) (threadPrepare)
C:/devkitPro/calico/lib\libcalico_ds9.a(thread_hot.32.o)
                              C:/devkitPro/libnds/lib\libdswifi9.a(sgIP_DNS.o) (__sched_state)
C:/devkitPro/calico/lib\libcalico_ds9.a(mutex.o)
                              C:/devkitPro/libnds/lib\libdswifi9.a(sgIP_DNS.o) (mutexLock)
C:/devkitPro/calico/lib\libcalico_ds9.a(mailbox.o)
                              C:/devkitPro/libnds/lib\libdswifi9.a(wfc.o) (mailboxTrySend)
C:/devkitPro/calico/lib\libcalico_ds9.a(newlib_syscalls.o)
                              C:/devkitPro/libnds/lib\libdswifi9.a(sgIP_DHCP.o) (__errno)
C:/devkitPro/calico/lib\libcalico_ds9.a(arm-copy-fill.32.o)
                              C:/devkitPro/calico/lib\libcalico_ds9.a(thread_cold.o) (armCopyMem32)
C:/devkitPro/calico/lib\libcalico_ds9.a(arm-context.32.o)
                              C:/devkitPro/calico/lib\libcalico_ds9.a(thread_cold.o) (armContextSave)
C:/devkitPro/calico/lib\libcalico_ds9.a(arm-shims.32.o)
                              C:/devkitPro/calico/lib\libcalico_ds9.a(thread_cold.o) (armWaitForIrq)
C:/devkitPro/calico/lib\libcalico_ds9.a(startup.crt0.o)
                              C:/devkitPro/libnds/lib\libdswifi9.a(wfc.o) (g_isTwlMode)
C:/devkitPro/calico/lib\libcalico_ds9.a(utils.crt0.o)
                              C:/devkitPro/calico/lib\libcalico_ds9.a(startup.crt0.o) (crt0CopyMem32)
C:/devkitPro/calico/lib\libcalico_ds9.a(bios.o)
                              main.o (svcWaitByLoop)
C:/devkitPro/calico/lib\libcalico_ds9.a(bios.twl.o)
                              C:/devkitPro/libnds/lib\libdswifi9.a(wpa.twl.o) (svcSha1InitTWL)
C:/devkitPro/calico/lib\libcalico_ds9.a(pxi.o)
                              C:/devkitPro/calico/lib\libcalico_ds9.a(startup.crt0.o) (_pxiInit)
C:/devkitPro/calico/lib\libcalico_ds9.a(keypad.o)
                              C:/devkitPro/libnds/lib\libnds9.a(keys.o) (keypadGetState)
C:/devkitPro/calico/lib\libcalico_ds9.a(netbuf.o)
                              C:/devkitPro/libnds/lib\libdswifi9.a(wfc.o) (netbufAlloc)
[...]
Memory Configuration

Name             Origin             Length             Attributes
lma9             0x02004000         0x0027c000
lma9i            0x02400000         0x00280000
vectors          0x00000000         0x00000020
itcm             0x01ff8020         0x00007fe0
main             0x02001000         0x00f7f000
dtcm             0x02ff0000         0x00003e80
dldi             0x0380b000         0x00004000
stub             0x0e000000         0x00004000
tls              0x00000000         0x00000400
*default*        0x00000000         0xffffffff

Linker script and memory map

                0x00000000                        __sync_synchronize = __sync_synchronize_none
LOAD C:/devkitPro/devkitARM/bin/../lib/gcc/arm-none-eabi/15.2.0/thumb/crti.o
LOAD C:/devkitPro/devkitARM/bin/../lib/gcc/arm-none-eabi/15.2.0/thumb/crtbegin.o
LOAD main.o
LOAD C:/devkitPro/libnds/lib\libdswifi9.a
LOAD C:/devkitPro/libnds/lib\libnds9.a
LOAD C:/devkitPro/calico/lib\libcalico_ds9.a
START GROUP
LOAD C:/devkitPro/devkitARM/bin/../lib/gcc/arm-none-eabi/15.2.0/thumb\libgcc.a
LOAD C:/devkitPro/devkitARM/bin/../lib/gcc/arm-none-eabi/15.2.0/../../../../arm-none-eabi/lib/thumb\libg.a
LOAD C:/devkitPro/devkitARM/bin/../lib/gcc/arm-none-eabi/15.2.0/../../../../arm-none-eabi/lib/thumb\libc.a
LOAD C:/devkitPro/devkitARM/bin/../lib/gcc/arm-none-eabi/15.2.0/../../../../arm-none-eabi/lib/thumb\libsysbase.a
END GROUP
LOAD C:/devkitPro/devkitARM/bin/../lib/gcc/arm-none-eabi/15.2.0/thumb/crtend.o
LOAD C:/devkitPro/devkitARM/bin/../lib/gcc/arm-none-eabi/15.2.0/thumb/crtn.o
                0x02ff3e80                        PROVIDE (__sp_usr = (ORIGIN (dtcm) + LENGTH (dtcm)))
                0x02ff3f80                        PROVIDE (__sp_irq = (__sp_usr + 0x100))
                0x02ff3fc0                        PROVIDE (__sp_svc = (__sp_irq + 0x40))
                0x02ff3ff8                        PROVIDE (__irq_flags = (__sp_svc + 0x38))
                [!provide]                        PROVIDE (__irq_vector = (__sp_svc + 0x3c))
                [!provide]                        PROVIDE (__arm_excpt_rst = 0xffff0000)
                [!provide]                        PROVIDE (__arm_excpt_und = 0xffff0004)
                0xffff0008                        PROVIDE (__arm_excpt_svc = 0xffff0008)
                [!provide]                        PROVIDE (__arm_excpt_pabt = 0xffff000c)
                [!provide]                        PROVIDE (__arm_excpt_dabt = 0xffff0010)
                [!provide]                        PROVIDE (__arm_excpt_irq = 0xffff0018)
                [!provide]                        PROVIDE (__arm_excpt_fiq = 0xffff001c)
                0x00000000                        PROVIDE (__end__ = 0x0)

.secure         0x0e000000      0x800 load address 0x02004000
                0x0e0007fc                        . = (. + 0x7fc)
 *fill*         0x0e000000      0x7fc 00000000
                0x0e0007fc        0x4 LONG 0x0

.bootstub       0x0e000800      0x198 load address 0x02004800
 *(.bootstub .bootstub.*)
 .bootstub.__ds9_bootstub
                0x0e000800      0x198 C:/devkitPro/calico/lib\libcalico_ds9.a(bootstub_arm9.o)
                0x0e000800                __ds9_bootstub
                0x0e000998                        . = ALIGN (0x4)

.crt0           0x02001000      0x3c0 load address 0x02004998
 *(.crt0 .crt0.*)
 .crt0.__ds9_bootstub_trampoline
                0x02001000       0x60 C:/devkitPro/calico/lib\libcalico_ds9.a(bootstub_arm9.o)
 *.crt0.*(.text .stub .text.* .gnu.linkonce.t.*)
 .text.crt0ProcessLoadList
                0x02001060       0x74 C:/devkitPro/calico/lib\libcalico_ds9.a(startup.crt0.o)
                0x02001060                crt0ProcessLoadList
 .text.crt0Startup
                0x020010d4      0x180 C:/devkitPro/calico/lib\libcalico_ds9.a(startup.crt0.o)
                0x020010d4                crt0Startup
 .text.crt0CopyMem32
                0x02001254       0x4c C:/devkitPro/calico/lib\libcalico_ds9.a(utils.crt0.o)
                0x02001254                crt0CopyMem32
 .text.crt0FillMem32
                0x020012a0       0x58 C:/devkitPro/calico/lib\libcalico_ds9.a(utils.crt0.o)
                0x020012a0                crt0FillMem32
 .text.crt0SetupMPU
                0x020012f8       0xb4 C:/devkitPro/calico/lib\libcalico_ds9.a(mpu_setup.crt0.o)
                0x020012f8                crt0SetupMPU
 *.crt0.*(.glue_7t .glue_7 .vfp11_veneer .v4_bx)
 *.crt0.*(.rodata .rodata.* .gnu.linkonce.r.*)
 *.crt0.*(.rodata1)
                0x020013c0                        . = ALIGN (0x20)
 *fill*         0x020013ac       0x14 ff
                0x02004998                        PROVIDE (__crt0_lma = LOADADDR (.crt0))
                0x02001000                        PROVIDE (__crt0_start = ADDR (.crt0))
                0x020013c0                        PROVIDE (__crt0_end = (ADDR (.crt0) + SIZEOF (.crt0)))
                0x00000001                        ASSERT (((__crt0_end <= LOADADDR (.bootstub)) || (__crt0_start >= (LOADADDR (.bootstub) + SIZEOF (.bootstub)))), Error: crt0 section overlaps initial bootstrap)

.dldi           0x0380b000        0x0 load address 0x02004d58
 *(.dldi)
                0x00000000                        PROVIDE (__dldi_lma = SIZEOF (.dldi)?LOADADDR (.dldi):0x0)

.vectors        0x00000000       0x20 load address 0x02004d58
 *(.vectors)
 .vectors       0x00000000       0x20 C:/devkitPro/calico/lib\libcalico_ds9.a(bootstub_arm9.o)

.itcm           0x01ff8020      0x8bc load address 0x02004d78
 *(.itcm .itcm.*)
 .itcm          0x01ff8020       0x30 C:/devkitPro/calico/lib\libcalico_ds9.a(bootstub_arm9.o)
                0x01ff8038                __excpt_vectors
 *.itcm.*(.text .stub .text.* .gnu.linkonce.t.*)
 *.32.o(.text .stub .text.* .gnu.linkonce.t.*)
 .text.threadReschedule
                0x01ff8050       0x88 C:/devkitPro/calico/lib\libcalico_ds9.a(thread_hot.32.o)
 .text.threadBlock
                0x01ff80d8       0xd8 C:/devkitPro/calico/lib\libcalico_ds9.a(thread_hot.32.o)
                0x01ff80d8                threadBlock
 .text.threadUnblockOneByValue
                0x01ff81b0       0xc0 C:/devkitPro/calico/lib\libcalico_ds9.a(thread_hot.32.o)
                0x01ff81b0                threadUnblockOneByValue
 .text.threadUnblockAllByValue
                0x01ff8270      0x130 C:/devkitPro/calico/lib\libcalico_ds9.a(thread_hot.32.o)
                0x01ff8270                threadUnblockAllByValue
 .text.threadUnblockAllByMask
                0x01ff83a0      0x134 C:/devkitPro/calico/lib\libcalico_ds9.a(thread_hot.32.o)
                0x01ff83a0                threadUnblockAllByMask
 .text.armCopyMem32
                0x01ff84d4       0x4c C:/devkitPro/calico/lib\libcalico_ds9.a(arm-copy-fill.32.o)
                0x01ff84d4                armCopyMem32
 .text.armFillMem32
                0x01ff8520       0x58 C:/devkitPro/calico/lib\libcalico_ds9.a(arm-copy-fill.32.o)
                0x01ff8520                armFillMem32
 .text.armContextSave
                0x01ff8578       0x2c C:/devkitPro/calico/lib\libcalico_ds9.a(arm-context.32.o)
                0x01ff8578                armContextSave
 .text.armContextLoad
                0x01ff85a4       0x20 C:/devkitPro/calico/lib\libcalico_ds9.a(arm-context.32.o)
                0x01ff85a4                armContextLoad
                0x01ff85a8                armContextLoadFromSvc
 .text.armWaitForIrq
                0x01ff85c4        0x8 C:/devkitPro/calico/lib\libcalico_ds9.a(arm-shims.32.o)
                0x01ff85c4                armWaitForIrq
 .text.__excpt_entry
                0x01ff85cc       0x50 C:/devkitPro/calico/lib\libcalico_ds9.a(excpt_handler.32.o)
                0x01ff85cc                __arm_excpt_rst
                0x01ff85d0                __arm_excpt_pabt
                0x01ff85d4                __arm_excpt_und
                0x01ff85e0                __arm_excpt_dabt
 .text.armDrainWriteBuffer
                0x01ff861c        0xc C:/devkitPro/calico/lib\libcalico_ds9.a(arm-cache.32.o)
                0x01ff861c                armDrainWriteBuffer
 .text.armDCacheFlushAll
                0x01ff8628       0x28 C:/devkitPro/calico/lib\libcalico_ds9.a(arm-cache.32.o)
                0x01ff8628                armDCacheFlushAll
 .text.armDCacheFlush
                0x01ff8650       0x1c C:/devkitPro/calico/lib\libcalico_ds9.a(arm-cache.32.o)
                0x01ff8650                armDCacheFlush
 .text.armDCacheInvalidate
                0x01ff866c       0x1c C:/devkitPro/calico/lib\libcalico_ds9.a(arm-cache.32.o)
                0x01ff866c                armDCacheInvalidate
 .text.armICacheInvalidateAll
                0x01ff8688        0xc C:/devkitPro/calico/lib\libcalico_ds9.a(arm-cache.32.o)
                0x01ff8688                armICacheInvalidateAll
 .text.__arm_excpt_irq
                0x01ff8694       0xe4 C:/devkitPro/calico/lib\libcalico_ds9.a(irq_handler.32.o)
                0x01ff8694                __arm_excpt_irq
 .text.smutexLock
                0x01ff8778       0xbc C:/devkitPro/calico/lib\libcalico_ds9.a(smutex.32.o)
                0x01ff8778                smutexLock
 .text.smutexUnlock
                0x01ff8834       0xa8 C:/devkitPro/calico/lib\libcalico_ds9.a(smutex.32.o)
                0x01ff8834                smutexUnlock
 *.itcm.*(.glue_7t .glue_7 .vfp11_veneer .v4_bx)
 *.32.o(.glue_7t .glue_7 .vfp11_veneer .v4_bx)
 *.itcm.*(.rodata .rodata.* .gnu.linkonce.r.*)
 *.32.o(.rodata .rodata.* .gnu.linkonce.r.*)
 *.itcm.*(.rodata1)
 *.32.o(.rodata1)
                0x01ff88dc                        . = ALIGN (0x4)
                0x02004d58                        PROVIDE (__itcm_lma = LOADADDR (.vectors))
                0x01ff8000                        PROVIDE (__itcm_start = (ADDR (.itcm) - SIZEOF (.vectors)))
                0x01ff88dc                        PROVIDE (__itcm_end = (ADDR (.itcm) + SIZEOF (.itcm)))
                0x00000001                        ASSERT (((__itcm_lma + SIZEOF (.vectors)) == LOADADDR (.itcm)), Error: gap between vectors and itcm)

.dtcm           0x02ff0000        0x0 load address 0x02005634
 *(.dtcm .dtcm.*)
 *.32.o(.data .data.* .gnu.linkonce.d.*)
 *.32.o(.data1)
                0x02ff0000                        . = ALIGN (0x4)
                [!provide]                        PROVIDE (__dtcm_lma = LOADADDR (.dtcm))
                0x02ff0000                        PROVIDE (__dtcm_start = ADDR (.dtcm))
                0x02ff0000                        PROVIDE (__dtcm_end = (ADDR (.dtcm) + SIZEOF (.dtcm)))

.dtcm.bss       0x02ff0000       0xa0 load address 0x02005634
 *(.sbss .sbss.*)
 *.32.o(.dynbss)
 *.32.o(.bss .bss.* .gnu.linkonce.b.*)
 .bss.__irq_table
                0x02ff0000       0x80 C:/devkitPro/calico/lib\libcalico_ds9.a(thread_hot.32.o)
                0x02ff0000                __irq_table
 .bss.__sched_state
                0x02ff0080       0x18 C:/devkitPro/calico/lib\libcalico_ds9.a(thread_hot.32.o)
                0x02ff0080                __sched_state
 .bss.s_smutexWaitList
                0x02ff0098        0x8 C:/devkitPro/calico/lib\libcalico_ds9.a(smutex.32.o)
 *.32.o(COMMON)
                0x02ff00a0                        . = ALIGN (0x4)
                [!provide]                        PROVIDE (__dtcm_bss_start = ADDR (.dtcm.bss))
                0x02ff00a0                        PROVIDE (__dtcm_bss_end = (ADDR (.dtcm.bss) + SIZEOF (.dtcm.bss)))

.main           0x020013c0    0x1e8b4 load address 0x02005634
 *(SORT_NONE(.init))
 .init          0x020013c0        0x4 C:/devkitPro/devkitARM/bin/../lib/gcc/arm-none-eabi/15.2.0/thumb/crti.o
                0x020013c0                _init
 .init          0x020013c4        0x8 C:/devkitPro/devkitARM/bin/../lib/gcc/arm-none-eabi/15.2.0/thumb/crtn.o
 EXCLUDE_FILE(*.twl.*) *(.text.unlikely .text.*_unlikely .text.unlikely.*)
 EXCLUDE_FILE(*.twl.*) *(.text.exit .text.exit.*)
 .text.exit     0x020013cc       0x24 C:/devkitPro/devkitARM/bin/../lib/gcc/arm-none-eabi/15.2.0/../../../../arm-none-eabi/lib/thumb\libg.a(libc_a-exit.o)
                0x020013cc                exit
 EXCLUDE_FILE(*.twl.*) *(.text.startup .text.startup.*)
 .text.startup  0x020013f0      0x27c main.o
                0x020013f0                main
 EXCLUDE_FILE(*.twl.*) *(.text.hot .text.hot.*)
 EXCLUDE_FILE(*.twl.*) *(.text .iplt .stub .text.* .gnu.linkonce.t.*)
 .text.__do_global_dtors_aux
                0x0200166c       0x2c C:/devkitPro/devkitARM/bin/../lib/gcc/arm-none-eabi/15.2.0/thumb/crtbegin.o
 .text.frame_dummy
                0x02001698       0x24 C:/devkitPro/devkitARM/bin/../lib/gcc/arm-none-eabi/15.2.0/thumb/crtbegin.o
 .iplt          0x020016bc        0x0 C:/devkitPro/devkitARM/bin/../lib/gcc/arm-none-eabi/15.2.0/thumb/crtbegin.o
 .text          0x020016bc      0x398 main.o
                0x020016bc                vblankHandler
                0x020016cc                connectWifi
                0x02001730                httpGet
                0x020018e4                extractHttpBody
                0x02001910                displayTemperatures
 .text.Wifi_InitDefault
                0x02001a54       0x70 C:/devkitPro/libnds/lib\libdswifi9.a(dswifi9.o)
                0x02001a54                Wifi_InitDefault
 .text.Wifi_AutoConnect
                0x02001ac4       0x10 C:/devkitPro/libnds/lib\libdswifi9.a(dswifi9.o)
                0x02001ac4                Wifi_AutoConnect
 .text.Wifi_AssocStatus
                0x02001ad4        0xc C:/devkitPro/libnds/lib\libdswifi9.a(dswifi9.o)
                0x02001ad4                Wifi_AssocStatus
 .text.Wifi_GetIPInfo
                0x02001ae0        0x4 C:/devkitPro/libnds/lib\libdswifi9.a(dswifi9.o)
                0x02001ae0                Wifi_GetIPInfo
 .text.sgIP_DHCP_Init
                0x02001ae4       0x6c C:/devkitPro/libnds/lib\libdswifi9.a(sgIP_DHCP.o)
                0x02001ae4                sgIP_DHCP_Init
 .text.sgIP_DHCP_SendDgram
                0x02001b50       0xa0 C:/devkitPro/libnds/lib\libdswifi9.a(sgIP_DHCP.o)
                0x02001b50                sgIP_DHCP_SendDgram
 .text.sgIP_DHCP_BeginDgram
                0x02001bf0      0x28c C:/devkitPro/libnds/lib\libdswifi9.a(sgIP_DHCP.o)
                0x02001bf0                sgIP_DHCP_BeginDgram
 .text.sgIP_DHCP_Start
                0x02001e7c      0x15c C:/devkitPro/libnds/lib\libdswifi9.a(sgIP_DHCP.o)
                0x02001e7c                sgIP_DHCP_Start
 .text.sgIP_DHCP_Update
                0x02001fd8      0x550 C:/devkitPro/libnds/lib\libdswifi9.a(sgIP_DHCP.o)
                0x02001fd8                sgIP_DHCP_Update
 .text.sgIP_ntoa
                0x02002528       0xbc C:/devkitPro/libnds/lib\libdswifi9.a(sgIP_DNS.o)
 .text.sgIP_DNS_Init
                0x020025e4       0x44 C:/devkitPro/libnds/lib\libdswifi9.a(sgIP_DNS.o)
                0x020025e4                sgIP_DNS_Init
 .text.sgIP_DNS_Timer1000ms
                0x02002628       0x5c C:/devkitPro/libnds/lib\libdswifi9.a(sgIP_DNS.o)
                0x02002628                sgIP_DNS_Timer1000ms
 .text.sgIP_DNS_isipaddress
                0x02002684      0x2b4 C:/devkitPro/libnds/lib\libdswifi9.a(sgIP_DNS.o)
                0x02002684                sgIP_DNS_isipaddress
 .text.inet_aton
                0x02002938       0x28 C:/devkitPro/libnds/lib\libdswifi9.a(sgIP_DNS.o)
                0x02002938                inet_aton
 .text.inet_ntoa
                0x02002960       0x14 C:/devkitPro/libnds/lib\libdswifi9.a(sgIP_DNS.o)
                0x02002960                inet_ntoa
 .text.sgIP_sockets_Init
                0x02002974       0x24 C:/devkitPro/libnds/lib\libdswifi9.a(sgIP_sockets.o)
                0x02002974                sgIP_sockets_Init
 .text.socket   0x02002998      0x140 C:/devkitPro/libnds/lib\libdswifi9.a(sgIP_sockets.o)
                0x02002998                socket
 .text.forceclosesocket
                0x02002ad8      0x100 C:/devkitPro/libnds/lib\libdswifi9.a(sgIP_sockets.o)
                0x02002ad8                forceclosesocket
 .text.sgIP_sockets_Timer1000ms
                0x02002bd8       0xd8 C:/devkitPro/libnds/lib\libdswifi9.a(sgIP_sockets.o)
                0x02002bd8                sgIP_sockets_Timer1000ms
 .text.bind     0x02002cb0      0x100 C:/devkitPro/libnds/lib\libdswifi9.a(sgIP_sockets.o)
                0x02002cb0                bind
 .text.connect  0x02002db0      0x1a8 C:/devkitPro/libnds/lib\libdswifi9.a(sgIP_sockets.o)
                0x02002db0                connect
 .text.send     0x02002f58      0x190 C:/devkitPro/libnds/lib\libdswifi9.a(sgIP_sockets.o)
                0x02002f58                send
 .text.recv     0x020030e8      0x190 C:/devkitPro/libnds/lib\libdswifi9.a(sgIP_sockets.o)
                0x020030e8                recv
 .text.sendto   0x02003278      0x134 C:/devkitPro/libnds/lib\libdswifi9.a(sgIP_sockets.o)
                0x02003278                sendto
 .text.recvfrom
                0x020033ac      0x1b4 C:/devkitPro/libnds/lib\libdswifi9.a(sgIP_sockets.o)
                0x020033ac                recvfrom
 .text.shutdown
                0x02003560       0xe8 C:/devkitPro/libnds/lib\libdswifi9.a(sgIP_sockets.o)
                0x02003560                shutdown
 .text.closesocket
                0x02003648      0x158 C:/devkitPro/libnds/lib\libdswifi9.a(sgIP_sockets.o)
                0x02003648                closesocket
 .text.ioctl    0x020037a0      0x1a0 C:/devkitPro/libnds/lib\libdswifi9.a(sgIP_sockets.o)
                0x020037a0                ioctl
 .text.setsockopt
                0x02003940        0x8 C:/devkitPro/libnds/lib\libdswifi9.a(sgIP_sockets.o)
                0x02003940                setsockopt
 .text._wfcRecv
                0x02003948       0xc0 C:/devkitPro/libnds/lib\libdswifi9.a(wfc.o)
 .text._wfcIPThreadMain
                0x02003a08      0x114 C:/devkitPro/libnds/lib\libdswifi9.a(wfc.o)
 .text._wfcSend
                0x02003b1c       0x80 C:/devkitPro/libnds/lib\libdswifi9.a(wfc.o)
 .text._wfcIPTimerTask
                0x02003b9c       0x20 C:/devkitPro/libnds/lib\libdswifi9.a(wfc.o)
 .text._wfcOnEvent.part.0
                0x02003bbc      0x478 C:/devkitPro/libnds/lib\libdswifi9.a(wfc.o)
 .text._wfcOnEvent
                0x02004034       0x4c C:/devkitPro/libnds/lib\libdswifi9.a(wfc.o)
 .text.sgIP_malloc
                0x02004080        0xc C:/devkitPro/libnds/lib\libdswifi9.a(wfc.o)
                0x02004080                sgIP_malloc
 .text.sgIP_free
                0x0200408c        0x4 C:/devkitPro/libnds/lib\libdswifi9.a(wfc.o)
                0x0200408c                sgIP_free
 .text.sgIP_IntrWaitEvent
                0x02004090       0x10 C:/devkitPro/libnds/lib\libdswifi9.a(wfc.o)
                0x02004090                sgIP_IntrWaitEvent
 .text.wfcInit  0x020040a0       0x98 C:/devkitPro/libnds/lib\libdswifi9.a(wfc.o)
                0x020040a0                wfcInit
 .text.wfcLoadSlotEx
                0x02004138       0x64 C:/devkitPro/libnds/lib\libdswifi9.a(wfc.o)
                0x02004138                wfcLoadSlotEx
 .text.wfcLoadFromNvram
                0x0200419c      0x194 C:/devkitPro/libnds/lib\libdswifi9.a(wfc.o)
                0x0200419c                wfcLoadFromNvram
 .text.wfcBeginAutoConnect
                0x02004330       0x60 C:/devkitPro/libnds/lib\libdswifi9.a(wfc.o)
                0x02004330                wfcBeginAutoConnect
 .text.wfcGetStatus
                0x02004390       0x54 C:/devkitPro/libnds/lib\libdswifi9.a(wfc.o)
                0x02004390                wfcGetStatus
 .text.wfcGetIPConfig
                0x020043e4       0x78 C:/devkitPro/libnds/lib\libdswifi9.a(wfc.o)
                0x020043e4                wfcGetIPConfig
 .text.sgIP_Init
                0x0200445c       0x4c C:/devkitPro/libnds/lib\libdswifi9.a(sgIP.o)
                0x0200445c                sgIP_Init
 .text.sgIP_Timer
                0x020044a8       0x88 C:/devkitPro/libnds/lib\libdswifi9.a(sgIP.o)
                0x020044a8                sgIP_Timer
 .text.sgIP_memblock_Init
                0x02004530        0x4 C:/devkitPro/libnds/lib\libdswifi9.a(sgIP_memblock.o)
                0x02004530                sgIP_memblock_Init
 .text.sgIP_memblock_alloc
                0x02004534       0x34 C:/devkitPro/libnds/lib\libdswifi9.a(sgIP_memblock.o)
                0x02004534                sgIP_memblock_alloc
 .text.sgIP_memblock_free
                0x02004568       0xa0 C:/devkitPro/libnds/lib\libdswifi9.a(sgIP_memblock.o)
                0x02004568                sgIP_memblock_free
 .text.sgIP_memblock_exposeheader
                0x02004608       0x48 C:/devkitPro/libnds/lib\libdswifi9.a(sgIP_memblock.o)
                0x02004608                sgIP_memblock_exposeheader
 .text.sgIP_memblock_trimsize
                0x02004650       0x5c C:/devkitPro/libnds/lib\libdswifi9.a(sgIP_memblock.o)
                0x02004650                sgIP_memblock_trimsize
 .text.sgIP_memblock_IPChecksum
                0x020046ac      0x170 C:/devkitPro/libnds/lib\libdswifi9.a(sgIP_memblock.o)
                0x020046ac                sgIP_memblock_IPChecksum
 .text.sgIP_memblock_CopyToLinear
                0x0200481c       0xa8 C:/devkitPro/libnds/lib\libdswifi9.a(sgIP_memblock.o)
                0x0200481c                sgIP_memblock_CopyToLinear
 .text.sgIP_memblock_CopyFromLinear
                0x020048c4       0xa8 C:/devkitPro/libnds/lib\libdswifi9.a(sgIP_memblock.o)
                0x020048c4                sgIP_memblock_CopyFromLinear
 .text.sgIP_Hub_Init
                0x0200496c       0x20 C:/devkitPro/libnds/lib\libdswifi9.a(sgIP_Hub.o)
                0x0200496c                sgIP_Hub_Init
 .text.sgIP_Hub_AddProtocolInterface
                0x0200498c       0x6c C:/devkitPro/libnds/lib\libdswifi9.a(sgIP_Hub.o)
                0x0200498c                sgIP_Hub_AddProtocolInterface
 .text.sgIP_Hub_AddHardwareInterface
                0x020049f8       0x68 C:/devkitPro/libnds/lib\libdswifi9.a(sgIP_Hub.o)
                0x020049f8                sgIP_Hub_AddHardwareInterface
 .text.sgIP_Hub_ReceiveHardwarePacket
                0x02004a60       0x94 C:/devkitPro/libnds/lib\libdswifi9.a(sgIP_Hub.o)
                0x02004a60                sgIP_Hub_ReceiveHardwarePacket
 .text.sgIP_Hub_SendProtocolPacket
                0x02004af4       0x78 C:/devkitPro/libnds/lib\libdswifi9.a(sgIP_Hub.o)
                0x02004af4                sgIP_Hub_SendProtocolPacket
 .text.sgIP_Hub_SendRawPacket
                0x02004b6c       0x3c C:/devkitPro/libnds/lib\libdswifi9.a(sgIP_Hub.o)
                0x02004b6c                sgIP_Hub_SendRawPacket
 .text.sgIP_Hub_IPMaxMessageSize
                0x02004ba8        0xc C:/devkitPro/libnds/lib\libdswifi9.a(sgIP_Hub.o)
                0x02004ba8                sgIP_Hub_IPMaxMessageSize
 .text.sgIP_Hub_GetCompatibleIP
                0x02004bb4       0x18 C:/devkitPro/libnds/lib\libdswifi9.a(sgIP_Hub.o)
                0x02004bb4                sgIP_Hub_GetCompatibleIP
 .text.sgIP_IP_ReceivePacket
                0x02004bcc       0xfc C:/devkitPro/libnds/lib\libdswifi9.a(sgIP_IP.o)
                0x02004bcc                sgIP_IP_ReceivePacket
 .text.sgIP_IP_MaxContentsSize
                0x02004cc8       0x10 C:/devkitPro/libnds/lib\libdswifi9.a(sgIP_IP.o)
                0x02004cc8                sgIP_IP_MaxContentsSize
 .text.sgIP_IP_RequiredHeaderSize
                0x02004cd8        0x8 C:/devkitPro/libnds/lib\libdswifi9.a(sgIP_IP.o)
                0x02004cd8                sgIP_IP_RequiredHeaderSize
 .text.sgIP_IP_SendViaIP
                0x02004ce0       0xc8 C:/devkitPro/libnds/lib\libdswifi9.a(sgIP_IP.o)
                0x02004ce0                sgIP_IP_SendViaIP
 .text.sgIP_IP_GetLocalBindAddr
                0x02004da8       0x10 C:/devkitPro/libnds/lib\libdswifi9.a(sgIP_IP.o)
                0x02004da8                sgIP_IP_GetLocalBindAddr
 .text.sgIP_GetArpSlot
                0x02004db8       0x7c C:/devkitPro/libnds/lib\libdswifi9.a(sgIP_ARP.o)
                0x02004db8                sgIP_GetArpSlot
 .text.sgIP_ARP_Init
                0x02004e34       0x2c C:/devkitPro/libnds/lib\libdswifi9.a(sgIP_ARP.o)
                0x02004e34                sgIP_ARP_Init
 .text.sgIP_ARP_SendARPResponse
                0x02004e60      0x15c C:/devkitPro/libnds/lib\libdswifi9.a(sgIP_ARP.o)
                0x02004e60                sgIP_ARP_SendARPResponse
 .text.sgIP_ARP_SendGratARP
                0x02004fbc      0x158 C:/devkitPro/libnds/lib\libdswifi9.a(sgIP_ARP.o)
                0x02004fbc                sgIP_ARP_SendGratARP
 .text.sgIP_ARP_SendARPRequest
                0x02005114      0x14c C:/devkitPro/libnds/lib\libdswifi9.a(sgIP_ARP.o)
                0x02005114                sgIP_ARP_SendARPRequest
 .text.sgIP_ARP_Timer100ms
                0x02005260       0x98 C:/devkitPro/libnds/lib\libdswifi9.a(sgIP_ARP.o)
                0x02005260                sgIP_ARP_Timer100ms
 .text.sgIP_ARP_SendProtocolFrame
                0x020052f8      0x19c C:/devkitPro/libnds/lib\libdswifi9.a(sgIP_ARP.o)
                0x020052f8                sgIP_ARP_SendProtocolFrame
 .text.sgIP_ARP_ProcessARPFrame
                0x02005494      0x174 C:/devkitPro/libnds/lib\libdswifi9.a(sgIP_ARP.o)
                0x02005494                sgIP_ARP_ProcessARPFrame
 .text.sgIP_ICMP_ReceivePacket
                0x02005608       0x98 C:/devkitPro/libnds/lib\libdswifi9.a(sgIP_ICMP.o)
                0x02005608                sgIP_ICMP_ReceivePacket
 .text.sgIP_TCP_FixChecksum.part.0
                0x020056a0       0x8c C:/devkitPro/libnds/lib\libdswifi9.a(sgIP_TCP.o)
 .text.sgIP_TCP_Init
                0x0200572c       0x4c C:/devkitPro/libnds/lib\libdswifi9.a(sgIP_TCP.o)
                0x0200572c                sgIP_TCP_Init
 .text.sgIP_TCP_GetUnusedOutgoingPort
                0x02005778       0xa8 C:/devkitPro/libnds/lib\libdswifi9.a(sgIP_TCP.o)
                0x02005778                sgIP_TCP_GetUnusedOutgoingPort
 .text.sgIP_TCP_CalcChecksum
                0x02005820       0x88 C:/devkitPro/libnds/lib\libdswifi9.a(sgIP_TCP.o)
                0x02005820                sgIP_TCP_CalcChecksum
 .text.sgIP_TCP_GenHeader
                0x020058a8      0x130 C:/devkitPro/libnds/lib\libdswifi9.a(sgIP_TCP.o)
                0x020058a8                sgIP_TCP_GenHeader
 .text.sgIP_TCP_SendPacket
                0x020059d8      0x158 C:/devkitPro/libnds/lib\libdswifi9.a(sgIP_TCP.o)
                0x020059d8                sgIP_TCP_SendPacket
 .text.sgIP_TCP_SendSynReply
                0x02005b30      0x148 C:/devkitPro/libnds/lib\libdswifi9.a(sgIP_TCP.o)
                0x02005b30                sgIP_TCP_SendSynReply
 .text.sgIP_TCP_Timer
                0x02005c78      0x32c C:/devkitPro/libnds/lib\libdswifi9.a(sgIP_TCP.o)
                0x02005c78                sgIP_TCP_Timer
 .text.sgIP_TCP_AllocRecord
                0x02005fa4       0xd0 C:/devkitPro/libnds/lib\libdswifi9.a(sgIP_TCP.o)
                0x02005fa4                sgIP_TCP_AllocRecord
 .text.sgIP_TCP_ReceivePacket
                0x02006074      0x8e0 C:/devkitPro/libnds/lib\libdswifi9.a(sgIP_TCP.o)
                0x02006074                sgIP_TCP_ReceivePacket
 .text.sgIP_TCP_FreeRecord
                0x02006954      0x194 C:/devkitPro/libnds/lib\libdswifi9.a(sgIP_TCP.o)
                0x02006954                sgIP_TCP_FreeRecord
 .text.sgIP_TCP_Bind
                0x02006ae8       0xac C:/devkitPro/libnds/lib\libdswifi9.a(sgIP_TCP.o)
                0x02006ae8                sgIP_TCP_Bind
 .text.sgIP_TCP_Close
                0x02006b94       0xa8 C:/devkitPro/libnds/lib\libdswifi9.a(sgIP_TCP.o)
                0x02006b94                sgIP_TCP_Close
 .text.sgIP_TCP_Connect
                0x02006c3c      0x1bc C:/devkitPro/libnds/lib\libdswifi9.a(sgIP_TCP.o)
                0x02006c3c                sgIP_TCP_Connect
 .text.sgIP_TCP_Send
                0x02006df8      0x20c C:/devkitPro/libnds/lib\libdswifi9.a(sgIP_TCP.o)
                0x02006df8                sgIP_TCP_Send
 .text.sgIP_TCP_Recv
                0x02007004      0x1bc C:/devkitPro/libnds/lib\libdswifi9.a(sgIP_TCP.o)
                0x02007004                sgIP_TCP_Recv
 .text.sgIP_UDP_Init
                0x020071c0       0x24 C:/devkitPro/libnds/lib\libdswifi9.a(sgIP_UDP.o)
                0x020071c0                sgIP_UDP_Init
 .text.sgIP_UDP_GetUnusedOutgoingPort
                0x020071e4       0x98 C:/devkitPro/libnds/lib\libdswifi9.a(sgIP_UDP.o)
                0x020071e4                sgIP_UDP_GetUnusedOutgoingPort
 .text.sgIP_UDP_CalcChecksum
                0x0200727c       0x90 C:/devkitPro/libnds/lib\libdswifi9.a(sgIP_UDP.o)
                0x0200727c                sgIP_UDP_CalcChecksum
 .text.sgIP_UDP_ReceivePacket
                0x0200730c      0x160 C:/devkitPro/libnds/lib\libdswifi9.a(sgIP_UDP.o)
                0x0200730c                sgIP_UDP_ReceivePacket
 .text.sgIP_UDP_SendPacket
                0x0200746c      0x1a8 C:/devkitPro/libnds/lib\libdswifi9.a(sgIP_UDP.o)
                0x0200746c                sgIP_UDP_SendPacket
 .text.sgIP_UDP_AllocRecord
                0x02007614       0xac C:/devkitPro/libnds/lib\libdswifi9.a(sgIP_UDP.o)
                0x02007614                sgIP_UDP_AllocRecord
 .text.sgIP_UDP_FreeRecord
                0x020076c0       0xd0 C:/devkitPro/libnds/lib\libdswifi9.a(sgIP_UDP.o)
                0x020076c0                sgIP_UDP_FreeRecord
 .text.sgIP_UDP_Bind
                0x02007790       0xe8 C:/devkitPro/libnds/lib\libdswifi9.a(sgIP_UDP.o)
                0x02007790                sgIP_UDP_Bind
 .text.sgIP_UDP_RecvFrom
                0x02007878      0x1f8 C:/devkitPro/libnds/lib\libdswifi9.a(sgIP_UDP.o)
                0x02007878                sgIP_UDP_RecvFrom
 .text.sgIP_UDP_SendTo
                0x02007a70        0xc C:/devkitPro/libnds/lib\libdswifi9.a(sgIP_UDP.o)
                0x02007a70                sgIP_UDP_SendTo
 .text.newRow   0x02007a7c       0xe0 C:/devkitPro/libnds/lib\libnds9.a(console.o)
 .text.consolePrintChar
                0x02007b5c       0xe0 C:/devkitPro/libnds/lib\libnds9.a(console.o)
                0x02007b5c                consolePrintChar
 .text.con_write
                0x02007c3c      0x344 C:/devkitPro/libnds/lib\libnds9.a(console.o)
                0x02007c3c                con_write
 .text.consoleLoadFont
                0x02007f80      0x2e8 C:/devkitPro/libnds/lib\libnds9.a(console.o)
                0x02007f80                consoleLoadFont
 .text.consoleInit
                0x02008268      0x170 C:/devkitPro/libnds/lib\libnds9.a(console.o)
                0x02008268                consoleInit
 .text.consoleDemoInit
                0x020083d8       0x40 C:/devkitPro/libnds/lib\libnds9.a(console.o)
                0x020083d8                consoleDemoInit
 .text.consoleClear
                0x02008418       0x10 C:/devkitPro/libnds/lib\libnds9.a(console.o)
                0x02008418                consoleClear
 .text.scanKeys
                0x02008428       0x6c C:/devkitPro/libnds/lib\libnds9.a(keys.o)
                0x02008428                scanKeys
 .text.keysDown
                0x02008494       0x10 C:/devkitPro/libnds/lib\libnds9.a(keys.o)
                0x02008494                keysDown
 .text.checkIfText
                0x020084a4       0x6c C:/devkitPro/libnds/lib\libnds9.a(background.o)
                0x020084a4                checkIfText
 .text.bgUpdate
                0x02008510       0xe8 C:/devkitPro/libnds/lib\libnds9.a(background.o)
                0x02008510                bgUpdate
 .text.bgInit_call
                0x020085f8       0xa8 C:/devkitPro/libnds/lib\libnds9.a(background.o)
                0x020085f8                bgInit_call
 .text.bgInitSub_call
                0x020086a0       0xb0 C:/devkitPro/libnds/lib\libnds9.a(background.o)
                0x020086a0                bgInitSub_call
 .text.sinLutLookup
                0x02008750       0x4c C:/devkitPro/libnds/lib\libnds9.a(trig.o)
                0x02008750                sinLutLookup
 .text.sinLerp  0x0200879c       0x38 C:/devkitPro/libnds/lib\libnds9.a(trig.o)
                0x0200879c                sinLerp
 .text.cosLerp  0x020087d4       0x44 C:/devkitPro/libnds/lib\libnds9.a(trig.o)
                0x020087d4                cosLerp
 .text.irqSet   0x02008818       0x64 C:/devkitPro/calico/lib\libcalico_ds9.a(irq.o)
                0x02008818                irqSet
 .text._tickCountIsr
                0x0200887c       0x1c C:/devkitPro/calico/lib\libcalico_ds9.a(tick.o)
 .text._tickTaskSchedule.part.0.isra.0
                0x02008898       0x84 C:/devkitPro/calico/lib\libcalico_ds9.a(tick.o)
 .text.tickInit
                0x0200891c       0xa0 C:/devkitPro/calico/lib\libcalico_ds9.a(tick.o)
                0x0200891c                tickInit
 .text.tickGetCount
                0x020089bc       0x5c C:/devkitPro/calico/lib\libcalico_ds9.a(tick.o)
                0x020089bc                tickGetCount
 .text._tickTaskIsr
                0x02008a18      0x110 C:/devkitPro/calico/lib\libcalico_ds9.a(tick.o)
 .text.tickTaskStart
                0x02008b28      0x144 C:/devkitPro/calico/lib\libcalico_ds9.a(tick.o)
                0x02008b28                tickTaskStart
 .text.tickTaskStop
                0x02008c6c       0xc0 C:/devkitPro/calico/lib\libcalico_ds9.a(tick.o)
                0x02008c6c                tickTaskStop
 .text.threadExit
                0x02008d2c       0x9c C:/devkitPro/calico/lib\libcalico_ds9.a(thread_cold.o)
                0x02008d2c                threadExit
 .text._threadTickTask
                0x02008dc8       0x10 C:/devkitPro/calico/lib\libcalico_ds9.a(thread_cold.o)
 .text._threadInit
                0x02008dd8       0x98 C:/devkitPro/calico/lib\libcalico_ds9.a(thread_cold.o)
                0x02008dd8                _threadInit
 .text.threadPrepare
                0x02008e70       0xa4 C:/devkitPro/calico/lib\libcalico_ds9.a(thread_cold.o)
                0x02008e70                threadPrepare
 .text.threadAttachLocalStorage
                0x02008f14      0x120 C:/devkitPro/calico/lib\libcalico_ds9.a(thread_cold.o)
                0x02008f14                threadAttachLocalStorage
 .text.threadStart
                0x02009034       0xc8 C:/devkitPro/calico/lib\libcalico_ds9.a(thread_cold.o)
                0x02009034                threadStart
 .text.threadJoin
                0x020090fc       0x58 C:/devkitPro/calico/lib\libcalico_ds9.a(thread_cold.o)
                0x020090fc                threadJoin
 .text.threadIrqWait
                0x02009154       0xa0 C:/devkitPro/calico/lib\libcalico_ds9.a(thread_cold.o)
                0x02009154                threadIrqWait
 .text.threadSleepTicks
                0x020091f4       0x58 C:/devkitPro/calico/lib\libcalico_ds9.a(thread_cold.o)
                0x020091f4                threadSleepTicks
 .text.threadUpdateDynamicPrio
                0x0200924c      0x1cc C:/devkitPro/calico/lib\libcalico_ds9.a(mutex.o)
 .text.threadRemoveWaiter
                0x02009418      0x1c8 C:/devkitPro/calico/lib\libcalico_ds9.a(mutex.o)
 .text.mutexLock
                0x020095e0      0x150 C:/devkitPro/calico/lib\libcalico_ds9.a(mutex.o)
                0x020095e0                mutexLock
 .text.mutexUnlock
                0x02009730       0xd0 C:/devkitPro/calico/lib\libcalico_ds9.a(mutex.o)
                0x02009730                mutexUnlock
 .text.mailboxTrySend
                0x02009800       0x98 C:/devkitPro/calico/lib\libcalico_ds9.a(mailbox.o)
                0x02009800                mailboxTrySend
 .text.mailboxRecv
                0x02009898       0x98 C:/devkitPro/calico/lib\libcalico_ds9.a(mailbox.o)
                0x02009898                mailboxRecv
 .text.__syscall_getreent
                0x02009930       0x14 C:/devkitPro/calico/lib\libcalico_ds9.a(newlib_syscalls.o)
                0x02009930                __syscall_getreent
 .text.__errno  0x02009944       0x24 C:/devkitPro/calico/lib\libcalico_ds9.a(newlib_syscalls.o)
                0x02009944                __errno
 .text.__syscall_lock_acquire
                0x02009968        0x4 C:/devkitPro/calico/lib\libcalico_ds9.a(newlib_syscalls.o)
                0x02009968                __syscall_lock_acquire
 .text.__syscall_lock_release
                0x0200996c        0x4 C:/devkitPro/calico/lib\libcalico_ds9.a(newlib_syscalls.o)
                0x0200996c                __syscall_lock_release
 .text.__syscall_lock_acquire_recursive
                0x02009970       0x4c C:/devkitPro/calico/lib\libcalico_ds9.a(newlib_syscalls.o)
                0x02009970                __syscall_lock_acquire_recursive
 .text.__syscall_lock_release_recursive
                0x020099bc       0x18 C:/devkitPro/calico/lib\libcalico_ds9.a(newlib_syscalls.o)
                0x020099bc                __syscall_lock_release_recursive
 .text.svcWaitByLoop
                0x020099d4        0x4 C:/devkitPro/calico/lib\libcalico_ds9.a(bios.o)
                0x020099d4                svcWaitByLoop
 .text.svcGetCRC16
                0x020099d8        0x4 C:/devkitPro/calico/lib\libcalico_ds9.a(bios.o)
                0x020099d8                svcGetCRC16
 .text._pxiMailboxHandler
                0x020099dc        0x4 C:/devkitPro/calico/lib\libcalico_ds9.a(pxi.o)
 .text._pxiRecvUnhandled
                0x020099e0        0x4 C:/devkitPro/calico/lib\libcalico_ds9.a(pxi.o)
                0x020099e0                _pxiRecvUnhandled
 .text._pxiRecvIrqHandler
                0x020099e4      0x154 C:/devkitPro/calico/lib\libcalico_ds9.a(pxi.o)
 .text._pxiInit
                0x02009b38       0x58 C:/devkitPro/calico/lib\libcalico_ds9.a(pxi.o)
                0x02009b38                _pxiInit
 .text.pxiWaitForPing
                0x02009b90        0xc C:/devkitPro/calico/lib\libcalico_ds9.a(pxi.o)
                0x02009b90                pxiWaitForPing
 .text.pxiSetHandler
                0x02009b9c       0x74 C:/devkitPro/calico/lib\libcalico_ds9.a(pxi.o)
                0x02009b9c                pxiSetHandler
 .text.pxiSetMailbox
                0x02009c10       0x68 C:/devkitPro/calico/lib\libcalico_ds9.a(pxi.o)
                0x02009c10                pxiSetMailbox
 .text.pxiWaitRemote
                0x02009c78       0x38 C:/devkitPro/calico/lib\libcalico_ds9.a(pxi.o)
                0x02009c78                pxiWaitRemote
 .text.pxiSendPacket
                0x02009cb0       0x50 C:/devkitPro/calico/lib\libcalico_ds9.a(pxi.o)
                0x02009cb0                pxiSendPacket
 .text.pxiSendExtPacket
                0x02009d00       0x98 C:/devkitPro/calico/lib\libcalico_ds9.a(pxi.o)
                0x02009d00                pxiSendExtPacket
 .text.pxiBeginReceive
                0x02009d98       0x2c C:/devkitPro/calico/lib\libcalico_ds9.a(pxi.o)
                0x02009d98                pxiBeginReceive
 .text.pxiEndReceive
                0x02009dc4       0xac C:/devkitPro/calico/lib\libcalico_ds9.a(pxi.o)
                0x02009dc4                pxiEndReceive
 .text.keypadGetState
                0x02009e70       0x28 C:/devkitPro/calico/lib\libcalico_ds9.a(keypad.o)
                0x02009e70                keypadGetState
 .text._netbufPoolInit
                0x02009e98       0xf8 C:/devkitPro/calico/lib\libcalico_ds9.a(netbuf.o)
 .text._netbufPrvInitPools
                0x02009f90       0x68 C:/devkitPro/calico/lib\libcalico_ds9.a(netbuf.o)
                0x02009f90                _netbufPrvInitPools
 .text.netbufAlloc
                0x02009ff8       0xd8 C:/devkitPro/calico/lib\libcalico_ds9.a(netbuf.o)
                0x02009ff8                netbufAlloc
 .text.netbufFlush
                0x0200a0d0        0xc C:/devkitPro/calico/lib\libcalico_ds9.a(netbuf.o)
                0x0200a0d0                netbufFlush
 .text.netbufFree
                0x0200a0dc       0xa4 C:/devkitPro/calico/lib\libcalico_ds9.a(netbuf.o)
                0x0200a0dc                netbufFree
 .text.systemUserStartup
                0x0200a180        0x4 C:/devkitPro/calico/lib\libcalico_ds9.a(sys_startup.o)
                0x0200a180                systemUserStartup
 .text.systemStartup
                0x0200a184      0x104 C:/devkitPro/calico/lib\libcalico_ds9.a(sys_startup.o)
                0x0200a184                systemStartup
 .text.pmReadNvram
                0x0200a288       0x4c C:/devkitPro/calico/lib\libcalico_ds9.a(pm_arm9.o)
                0x0200a288                pmReadNvram
 .text.touchRead
                0x0200a2d4       0x58 C:/devkitPro/calico/lib\libcalico_ds9.a(touch.o)
                0x0200a2d4                touchRead
 .text._wlmgrThreadMain
                0x0200a32c      0x124 C:/devkitPro/calico/lib\libcalico_ds9.a(wlmgr.o)
 .text._wlmgrRxPxiHandler
                0x0200a450       0x44 C:/devkitPro/calico/lib\libcalico_ds9.a(wlmgr.o)
 .text.wlmgrInit
                0x0200a494      0x178 C:/devkitPro/calico/lib\libcalico_ds9.a(wlmgr.o)
                0x0200a494                wlmgrInit
 .text.wlmgrSetEventHandler
                0x0200a60c       0x28 C:/devkitPro/calico/lib\libcalico_ds9.a(wlmgr.o)
                0x0200a60c                wlmgrSetEventHandler
 .text.wlmgrGetState
                0x0200a634       0x10 C:/devkitPro/calico/lib\libcalico_ds9.a(wlmgr.o)
                0x0200a634                wlmgrGetState
 .text.wlmgrStart
                0x0200a644       0x1c C:/devkitPro/calico/lib\libcalico_ds9.a(wlmgr.o)
                0x0200a644                wlmgrStart
 .text.wlmgrStartScan
                0x0200a660       0x54 C:/devkitPro/calico/lib\libcalico_ds9.a(wlmgr.o)
                0x0200a660                wlmgrStartScan
 .text.wlmgrAssociate
                0x0200a6b4       0x68 C:/devkitPro/calico/lib\libcalico_ds9.a(wlmgr.o)
                0x0200a6b4                wlmgrAssociate
 .text.wlmgrDisassociate
                0x0200a71c       0x1c C:/devkitPro/calico/lib\libcalico_ds9.a(wlmgr.o)
                0x0200a71c                wlmgrDisassociate
 .text.wlmgrSetRawRxHandler
                0x0200a738       0x28 C:/devkitPro/calico/lib\libcalico_ds9.a(wlmgr.o)
                0x0200a738                wlmgrSetRawRxHandler
 .text.wlmgrRawTx
                0x0200a760       0x30 C:/devkitPro/calico/lib\libcalico_ds9.a(wlmgr.o)
                0x0200a760                wlmgrRawTx
 .text._pmCallEventHandlers
                0x0200a790       0x40 C:/devkitPro/calico/lib\libcalico_ds9.a(pm.o)
 .text._pmPxiThreadMain
                0x0200a7d0       0xa0 C:/devkitPro/calico/lib\libcalico_ds9.a(pm.o)
 .text._pmResetPxiHandler
                0x0200a870       0x28 C:/devkitPro/calico/lib\libcalico_ds9.a(pm.o)
 .text.systemUserExit
                0x0200a898        0x4 C:/devkitPro/calico/lib\libcalico_ds9.a(pm.o)
                0x0200a898                systemUserExit
 .text.systemErrorExit
                0x0200a89c        0x4 C:/devkitPro/calico/lib\libcalico_ds9.a(pm.o)
                0x0200a89c                systemErrorExit
 .text.__syscall_exit
                0x0200a8a0      0x138 C:/devkitPro/calico/lib\libcalico_ds9.a(pm.o)
                0x0200a8a0                __syscall_exit
 .text.pmInit   0x0200a9d8       0x58 C:/devkitPro/calico/lib\libcalico_ds9.a(pm.o)
                0x0200a9d8                pmInit
 .text          0x0200aa30      0x150 C:/devkitPro/devkitARM/bin/../lib/gcc/arm-none-eabi/15.2.0/thumb\libgcc.a(_divsi3.o)
                0x0200aa30                __divsi3
                0x0200aa30                __aeabi_idiv
                0x0200ab60                __aeabi_idivmod
 .text          0x0200ab80        0x4 C:/devkitPro/devkitARM/bin/../lib/gcc/arm-none-eabi/15.2.0/thumb\libgcc.a(_dvmd_tls.o)
                0x0200ab80                __aeabi_idiv0
                0x0200ab80                __aeabi_ldiv0
 .text          0x0200ab84      0x424 C:/devkitPro/devkitARM/bin/../lib/gcc/arm-none-eabi/15.2.0/thumb\libgcc.a(_arm_addsubdf3.o)
                0x0200ab84                __aeabi_drsub
                0x0200ab8c                __aeabi_dsub
                0x0200ab8c                __subdf3
                0x0200ab90                __aeabi_dadd
                0x0200ab90                __adddf3
                0x0200aea0                __floatunsidf
                0x0200aea0                __aeabi_ui2d
                0x0200aec4                __floatsidf
                0x0200aec4                __aeabi_i2d
                0x0200aeec                __aeabi_f2d
                0x0200aeec                __extendsfdf2
                0x0200af34                __floatundidf
                0x0200af34                __aeabi_ul2d
                0x0200af48                __floatdidf
                0x0200af48                __aeabi_l2d
 .text          0x0200afa8      0x114 C:/devkitPro/devkitARM/bin/../lib/gcc/arm-none-eabi/15.2.0/thumb\libgcc.a(_arm_cmpsf2.o)
                0x0200afa8                __gesf2
                0x0200afa8                __gtsf2
                0x0200afb0                __lesf2
                0x0200afb0                __ltsf2
                0x0200afb8                __nesf2
                0x0200afb8                __eqsf2
                0x0200afb8                __cmpsf2
                0x0200b01c                __aeabi_cfrcmple
                0x0200b02c                __aeabi_cfcmpeq
                0x0200b02c                __aeabi_cfcmple
                0x0200b044                __aeabi_fcmpeq
                0x0200b05c                __aeabi_fcmplt
                0x0200b074                __aeabi_fcmple
                0x0200b08c                __aeabi_fcmpge
                0x0200b0a4                __aeabi_fcmpgt
 .text          0x0200b0bc       0x3c C:/devkitPro/devkitARM/bin/../lib/gcc/arm-none-eabi/15.2.0/thumb\libgcc.a(_aeabi_uldivmod.o)
                0x0200b0bc                __aeabi_uldivmod
 .text.__udivmoddi4
                0x0200b0f8      0x194 C:/devkitPro/devkitARM/bin/../lib/gcc/arm-none-eabi/15.2.0/thumb\libgcc.a(_udivmoddi4.o)
                0x0200b0f8                __udivmoddi4
 .text          0x0200b28c       0x28 C:/devkitPro/devkitARM/bin/../lib/gcc/arm-none-eabi/15.2.0/thumb\libgcc.a(_clzdi2.o)
                0x0200b28c                __clzdi2
 .text          0x0200b2b4       0x48 C:/devkitPro/devkitARM/bin/../lib/gcc/arm-none-eabi/15.2.0/thumb\libgcc.a(_clzsi2.o)
                0x0200b2b4                __clzsi2
 .text.strchr   0x0200b2fc       0xbc C:/devkitPro/devkitARM/bin/../lib/gcc/arm-none-eabi/15.2.0/../../../../arm-none-eabi/lib/thumb\libg.a(libc_a-strchr.o)
                0x0200b2fc                strchr
 .text.memmove  0x0200b3b8       0xcc C:/devkitPro/devkitARM/bin/../lib/gcc/arm-none-eabi/15.2.0/../../../../arm-none-eabi/lib/thumb\libg.a(libc_a-memmove.o)
                0x0200b3b8                memmove
 .text.strlen   0x0200b484       0x60 C:/devkitPro/devkitARM/bin/../lib/gcc/arm-none-eabi/15.2.0/../../../../arm-none-eabi/lib/thumb\libg.a(libc_a-strlen.o)
                0x0200b484                strlen
 .text.sprintf  0x0200b4e4       0x44 C:/devkitPro/devkitARM/bin/../lib/gcc/arm-none-eabi/15.2.0/../../../../arm-none-eabi/lib/thumb\libg.a(libc_a-sprintf.o)
                0x0200b4e4                sprintf
 .text.__libc_init_array
                0x0200b528       0x54 C:/devkitPro/devkitARM/bin/../lib/gcc/arm-none-eabi/15.2.0/../../../../arm-none-eabi/lib/thumb\libg.a(libc_a-init.o)
                0x0200b528                __libc_init_array
 .text.siscanf  0x0200b57c       0x50 C:/devkitPro/devkitARM/bin/../lib/gcc/arm-none-eabi/15.2.0/../../../../arm-none-eabi/lib/thumb\libg.a(libc_a-siscanf.o)
                0x0200b57c                siscanf
 .text._malloc_r
                0x0200b5cc      0x550 C:/devkitPro/devkitARM/bin/../lib/gcc/arm-none-eabi/15.2.0/../../../../arm-none-eabi/lib/thumb\libg.a(libc_a-mallocr.o)
                0x0200b5cc                _malloc_r
 .text._malloc_trim_r
                0x0200bb1c       0xac C:/devkitPro/devkitARM/bin/../lib/gcc/arm-none-eabi/15.2.0/../../../../arm-none-eabi/lib/thumb\libg.a(libc_a-freer.o)
                0x0200bb1c                _malloc_trim_r
 .text._free_r  0x0200bbc8      0x1d8 C:/devkitPro/devkitARM/bin/../lib/gcc/arm-none-eabi/15.2.0/../../../../arm-none-eabi/lib/thumb\libg.a(libc_a-freer.o)
                0x0200bbc8                _free_r
 .text.strtok   0x0200bda0       0x20 C:/devkitPro/devkitARM/bin/../lib/gcc/arm-none-eabi/15.2.0/../../../../arm-none-eabi/lib/thumb\libg.a(libc_a-strtok.o)
                0x0200bda0                strtok
 .text.get_arg  0x0200bdc0      0x404 C:/devkitPro/devkitARM/bin/../lib/gcc/arm-none-eabi/15.2.0/../../../../arm-none-eabi/lib/thumb\libg.a(libc_a-svfprintf.o)
 .text._svfprintf_r
                0x0200c1c4     0x22d8 C:/devkitPro/devkitARM/bin/../lib/gcc/arm-none-eabi/15.2.0/../../../../arm-none-eabi/lib/thumb\libg.a(libc_a-svfprintf.o)
                0x0200c1c4                _svfprintf_r
 .text.strnlen  0x0200e49c       0x20 C:/devkitPro/devkitARM/bin/../lib/gcc/arm-none-eabi/15.2.0/../../../../arm-none-eabi/lib/thumb\libg.a(libc_a-strnlen.o)
                0x0200e49c                strnlen
 .text.malloc   0x0200e4bc       0x28 C:/devkitPro/devkitARM/bin/../lib/gcc/arm-none-eabi/15.2.0/../../../../arm-none-eabi/lib/thumb\libg.a(libc_a-malloc.o)
                0x0200e4bc                malloc
 .text.free     0x0200e4e4       0x14 C:/devkitPro/devkitARM/bin/../lib/gcc/arm-none-eabi/15.2.0/../../../../arm-none-eabi/lib/thumb\libg.a(libc_a-malloc.o)
                0x0200e4e4                free
 .text.critical_factorization
                0x0200e4f8       0xcc C:/devkitPro/devkitARM/bin/../lib/gcc/arm-none-eabi/15.2.0/../../../../arm-none-eabi/lib/thumb\libg.a(libc_a-strstr.o)
 .text.two_way_long_needle
                0x0200e5c4      0x204 C:/devkitPro/devkitARM/bin/../lib/gcc/arm-none-eabi/15.2.0/../../../../arm-none-eabi/lib/thumb\libg.a(libc_a-strstr.o)
 .text.strstr   0x0200e7c8      0x1ac C:/devkitPro/devkitARM/bin/../lib/gcc/arm-none-eabi/15.2.0/../../../../arm-none-eabi/lib/thumb\libg.a(libc_a-strstr.o)
                0x0200e7c8                strstr
 .text.memset   0x0200e974       0x8c C:/devkitPro/devkitARM/bin/../lib/gcc/arm-none-eabi/15.2.0/../../../../arm-none-eabi/lib/thumb\libg.a(libc_a-memset.o)
                0x0200e974                memset
 .text.__malloc_lock
                0x0200ea00       0x14 C:/devkitPro/devkitARM/bin/../lib/gcc/arm-none-eabi/15.2.0/../../../../arm-none-eabi/lib/thumb\libg.a(libc_a-mlock.o)
                0x0200ea00                __malloc_lock
 .text.__malloc_unlock
                0x0200ea14       0x14 C:/devkitPro/devkitARM/bin/../lib/gcc/arm-none-eabi/15.2.0/../../../../arm-none-eabi/lib/thumb\libg.a(libc_a-mlock.o)
                0x0200ea14                __malloc_unlock
 .text.__call_exitprocs
                0x0200ea28        0xc C:/devkitPro/devkitARM/bin/../lib/gcc/arm-none-eabi/15.2.0/../../../../arm-none-eabi/lib/thumb\libg.a(libc_a-exit.o)
                0x0200ea28                __call_exitprocs
 .text.setvbuf  0x0200ea34      0x1ac C:/devkitPro/devkitARM/bin/../lib/gcc/arm-none-eabi/15.2.0/../../../../arm-none-eabi/lib/thumb\libg.a(libc_a-setvbuf.o)
                0x0200ea34                setvbuf
 .text.__strtok_r
                0x0200ebe0       0x70 C:/devkitPro/devkitARM/bin/../lib/gcc/arm-none-eabi/15.2.0/../../../../arm-none-eabi/lib/thumb\libg.a(libc_a-strtok_r.o)
                0x0200ebe0                __strtok_r
 .text.close    0x0200ec50       0x14 C:/devkitPro/devkitARM/bin/../lib/gcc/arm-none-eabi/15.2.0/../../../../arm-none-eabi/lib/thumb\libg.a(libc_a-sysclose.o)
                0x0200ec50                close
 .text.strncpy  0x0200ec64       0x68 C:/devkitPro/devkitARM/bin/../lib/gcc/arm-none-eabi/15.2.0/../../../../arm-none-eabi/lib/thumb\libg.a(libc_a-strncpy.o)
                0x0200ec64                strncpy
 .text.memcpy   0x0200eccc       0xb0 C:/devkitPro/devkitARM/bin/../lib/gcc/arm-none-eabi/15.2.0/../../../../arm-none-eabi/lib/thumb\libg.a(libc_a-memcpy-stub.o)
                0x0200eccc                memcpy
 .text._wcsrtombs_r
                0x0200ed7c       0x20 C:/devkitPro/devkitARM/bin/../lib/gcc/arm-none-eabi/15.2.0/../../../../arm-none-eabi/lib/thumb\libg.a(libc_a-wcsrtombs.o)
                0x0200ed7c                _wcsrtombs_r
 .text.sscanf   0x0200ed9c       0x50 C:/devkitPro/devkitARM/bin/../lib/gcc/arm-none-eabi/15.2.0/../../../../arm-none-eabi/lib/thumb\libg.a(libc_a-sscanf.o)
                0x0200ed9c                sscanf
 .text.iprintf  0x0200edec       0x28 C:/devkitPro/devkitARM/bin/../lib/gcc/arm-none-eabi/15.2.0/../../../../arm-none-eabi/lib/thumb\libg.a(libc_a-iprintf.o)
                0x0200edec                iprintf
 .text.frexp    0x0200ee14       0x74 C:/devkitPro/devkitARM/bin/../lib/gcc/arm-none-eabi/15.2.0/../../../../arm-none-eabi/lib/thumb\libg.a(libm_a-s_frexp.o)
                0x0200ee14                frexp
 .text.__sread  0x0200ee88       0x34 C:/devkitPro/devkitARM/bin/../lib/gcc/arm-none-eabi/15.2.0/../../../../arm-none-eabi/lib/thumb\libg.a(libc_a-stdio.o)
                0x0200ee88                __sread
 .text.__seofread
                0x0200eebc        0x4 C:/devkitPro/devkitARM/bin/../lib/gcc/arm-none-eabi/15.2.0/../../../../arm-none-eabi/lib/thumb\libg.a(libc_a-stdio.o)
                0x0200eebc                __seofread
 .text.__swrite
                0x0200eec0       0x4c C:/devkitPro/devkitARM/bin/../lib/gcc/arm-none-eabi/15.2.0/../../../../arm-none-eabi/lib/thumb\libg.a(libc_a-stdio.o)
                0x0200eec0                __swrite
 .text.__sseek  0x0200ef0c       0x3c C:/devkitPro/devkitARM/bin/../lib/gcc/arm-none-eabi/15.2.0/../../../../arm-none-eabi/lib/thumb\libg.a(libc_a-stdio.o)
                0x0200ef0c                __sseek
 .text.__sclose
                0x0200ef48       0x10 C:/devkitPro/devkitARM/bin/../lib/gcc/arm-none-eabi/15.2.0/../../../../arm-none-eabi/lib/thumb\libg.a(libc_a-stdio.o)
                0x0200ef48                __sclose
 .text.__locale_mb_cur_max
                0x0200ef58       0x20 C:/devkitPro/devkitARM/bin/../lib/gcc/arm-none-eabi/15.2.0/../../../../arm-none-eabi/lib/thumb\libg.a(libc_a-locale.o)
                0x0200ef58                __locale_mb_cur_max
 .text.__ssprint_r
                0x0200ef78       0x60 C:/devkitPro/devkitARM/bin/../lib/gcc/arm-none-eabi/15.2.0/../../../../arm-none-eabi/lib/thumb\libg.a(libc_a-ssprint_r.o)
                0x0200ef78                __ssprint_r
 .text.get_arg  0x0200efd8      0x404 C:/devkitPro/devkitARM/bin/../lib/gcc/arm-none-eabi/15.2.0/../../../../arm-none-eabi/lib/thumb\libg.a(libc_a-vfiprintf.o)
 .text._vfiprintf_r
                0x0200f3dc     0x16d0 C:/devkitPro/devkitARM/bin/../lib/gcc/arm-none-eabi/15.2.0/../../../../arm-none-eabi/lib/thumb\libg.a(libc_a-vfiprintf.o)
                0x0200f3dc                _vfiprintf_r
 .text.__sbprintf
                0x02010aac       0x7c C:/devkitPro/devkitARM/bin/../lib/gcc/arm-none-eabi/15.2.0/../../../../arm-none-eabi/lib/thumb\libg.a(libc_a-vfiprintf.o)
 .text._memalign_r
                0x02010b28      0x118 C:/devkitPro/devkitARM/bin/../lib/gcc/arm-none-eabi/15.2.0/../../../../arm-none-eabi/lib/thumb\libg.a(libc_a-malignr.o)
                0x02010b28                _memalign_r
 .text._wcsnrtombs_l
                0x02010c40      0x11c C:/devkitPro/devkitARM/bin/../lib/gcc/arm-none-eabi/15.2.0/../../../../arm-none-eabi/lib/thumb\libg.a(libc_a-wcsnrtombs.o)
                0x02010c40                _wcsnrtombs_l
 .text._wcsnrtombs_r
                0x02010d5c       0x40 C:/devkitPro/devkitARM/bin/../lib/gcc/arm-none-eabi/15.2.0/../../../../arm-none-eabi/lib/thumb\libg.a(libc_a-wcsnrtombs.o)
                0x02010d5c                _wcsnrtombs_r
 .text.get_arg  0x02010d9c       0x3e C:/devkitPro/devkitARM/bin/../lib/gcc/arm-none-eabi/15.2.0/../../../../arm-none-eabi/lib/thumb\libg.a(libc_a-svfiscanf.o)
 .text._sungetc_r
                0x02010dda       0x7e C:/devkitPro/devkitARM/bin/../lib/gcc/arm-none-eabi/15.2.0/../../../../arm-none-eabi/lib/thumb\libg.a(libc_a-svfiscanf.o)
                0x02010dda                _sungetc_r
 .text.__ssrefill_r
                0x02010e58       0x42 C:/devkitPro/devkitARM/bin/../lib/gcc/arm-none-eabi/15.2.0/../../../../arm-none-eabi/lib/thumb\libg.a(libc_a-svfiscanf.o)
                0x02010e58                __ssrefill_r
 .text._sfread_r
                0x02010e9a       0x88 C:/devkitPro/devkitARM/bin/../lib/gcc/arm-none-eabi/15.2.0/../../../../arm-none-eabi/lib/thumb\libg.a(libc_a-svfiscanf.o)
                0x02010e9a                _sfread_r
 *fill*         0x02010f22        0x2 ff
 .text.__ssvfiscanf_r
                0x02010f24     0x1984 C:/devkitPro/devkitARM/bin/../lib/gcc/arm-none-eabi/15.2.0/../../../../arm-none-eabi/lib/thumb\libg.a(libc_a-svfiscanf.o)
                0x02010f24                __ssvfiscanf_r
 .text.memcmp   0x020128a8       0x48 C:/devkitPro/devkitARM/bin/../lib/gcc/arm-none-eabi/15.2.0/../../../../arm-none-eabi/lib/thumb\libg.a(libc_a-memcmp.o)
                0x020128a8                memcmp
 .text.stdio_exit_handler
                0x020128f0       0x20 C:/devkitPro/devkitARM/bin/../lib/gcc/arm-none-eabi/15.2.0/../../../../arm-none-eabi/lib/thumb\libg.a(libc_a-findfp.o)
 .text.cleanup_stdio
                0x02012910       0x40 C:/devkitPro/devkitARM/bin/../lib/gcc/arm-none-eabi/15.2.0/../../../../arm-none-eabi/lib/thumb\libg.a(libc_a-findfp.o)
 .text.global_stdio_init.part.0
                0x02012950      0x120 C:/devkitPro/devkitARM/bin/../lib/gcc/arm-none-eabi/15.2.0/../../../../arm-none-eabi/lib/thumb\libg.a(libc_a-findfp.o)
 .text.__sinit  0x02012a70       0x3c C:/devkitPro/devkitARM/bin/../lib/gcc/arm-none-eabi/15.2.0/../../../../arm-none-eabi/lib/thumb\libg.a(libc_a-findfp.o)
                0x02012a70                __sinit
 .text.__sfp_lock_acquire
                0x02012aac       0x14 C:/devkitPro/devkitARM/bin/../lib/gcc/arm-none-eabi/15.2.0/../../../../arm-none-eabi/lib/thumb\libg.a(libc_a-findfp.o)
                0x02012aac                __sfp_lock_acquire
 .text.__sfp_lock_release
                0x02012ac0       0x14 C:/devkitPro/devkitARM/bin/../lib/gcc/arm-none-eabi/15.2.0/../../../../arm-none-eabi/lib/thumb\libg.a(libc_a-findfp.o)
                0x02012ac0                __sfp_lock_release
 .text._strtoul_l.isra.0
                0x02012ad4      0x150 C:/devkitPro/devkitARM/bin/../lib/gcc/arm-none-eabi/15.2.0/../../../../arm-none-eabi/lib/thumb\libg.a(libc_a-strtoul.o)
 .text._strtoul_r
                0x02012c24       0x20 C:/devkitPro/devkitARM/bin/../lib/gcc/arm-none-eabi/15.2.0/../../../../arm-none-eabi/lib/thumb\libg.a(libc_a-strtoul.o)
                0x02012c24                _strtoul_r
 .text.__utf8_mbtowc
                0x02012c44      0x24c C:/devkitPro/devkitARM/bin/../lib/gcc/arm-none-eabi/15.2.0/../../../../arm-none-eabi/lib/thumb\libg.a(libc_a-mbtowc_r.o)
                0x02012c44                __utf8_mbtowc
 .text._fwalk_sglue
                0x02012e90       0x4c C:/devkitPro/devkitARM/bin/../lib/gcc/arm-none-eabi/15.2.0/../../../../arm-none-eabi/lib/thumb\libg.a(libc_a-fwalk.o)
                0x02012e90                _fwalk_sglue
 .text.__sprint_r
                0x02012edc       0x24 C:/devkitPro/devkitARM/bin/../lib/gcc/arm-none-eabi/15.2.0/../../../../arm-none-eabi/lib/thumb\libg.a(libc_a-sprint_r.o)
                0x02012edc                __sprint_r
 .text.iswspace
                0x02012f00       0x10 C:/devkitPro/devkitARM/bin/../lib/gcc/arm-none-eabi/15.2.0/../../../../arm-none-eabi/lib/thumb\libg.a(libc_a-iswspace.o)
                0x02012f00                iswspace
 .text._localeconv_r
                0x02012f10       0x1c C:/devkitPro/devkitARM/bin/../lib/gcc/arm-none-eabi/15.2.0/../../../../arm-none-eabi/lib/thumb\libg.a(libc_a-localeconv.o)
                0x02012f10                _localeconv_r
 .text.realloc  0x02012f2c       0x18 C:/devkitPro/devkitARM/bin/../lib/gcc/arm-none-eabi/15.2.0/../../../../arm-none-eabi/lib/thumb\libg.a(libc_a-realloc.o)
                0x02012f2c                realloc
 .text.memchr   0x02012f44       0x74 C:/devkitPro/devkitARM/bin/../lib/gcc/arm-none-eabi/15.2.0/../../../../arm-none-eabi/lib/thumb\libg.a(libc_a-memchr-stub.o)
                0x02012f44                memchr
 .text.quorem   0x02012fb8      0x160 C:/devkitPro/devkitARM/bin/../lib/gcc/arm-none-eabi/15.2.0/../../../../arm-none-eabi/lib/thumb\libg.a(libc_a-dtoa.o)
 .text._dtoa_r  0x02013118     0x10a0 C:/devkitPro/devkitARM/bin/../lib/gcc/arm-none-eabi/15.2.0/../../../../arm-none-eabi/lib/thumb\libg.a(libc_a-dtoa.o)
                0x02013118                _dtoa_r
 .text._wcrtomb_r
                0x020141b8       0x84 C:/devkitPro/devkitARM/bin/../lib/gcc/arm-none-eabi/15.2.0/../../../../arm-none-eabi/lib/thumb\libg.a(libc_a-wcrtomb.o)
                0x020141b8                _wcrtomb_r
 .text._strtol_l.part.0
                0x0201423c      0x25c C:/devkitPro/devkitARM/bin/../lib/gcc/arm-none-eabi/15.2.0/../../../../arm-none-eabi/lib/thumb\libg.a(libc_a-strtol.o)
 .text._strtol_r
                0x02014498       0x34 C:/devkitPro/devkitARM/bin/../lib/gcc/arm-none-eabi/15.2.0/../../../../arm-none-eabi/lib/thumb\libg.a(libc_a-strtol.o)
                0x02014498                _strtol_r
 .text.__libc_fini_array
                0x020144cc       0x30 C:/devkitPro/devkitARM/bin/../lib/gcc/arm-none-eabi/15.2.0/../../../../arm-none-eabi/lib/thumb\libg.a(libc_a-fini.o)
                0x020144cc                __libc_fini_array
 .text.__sccl   0x020144fc       0xb0 C:/devkitPro/devkitARM/bin/../lib/gcc/arm-none-eabi/15.2.0/../../../../arm-none-eabi/lib/thumb\libg.a(libc_a-sccl.o)
                0x020144fc                __sccl
 .text.__sflush_r
                0x020145ac      0x180 C:/devkitPro/devkitARM/bin/../lib/gcc/arm-none-eabi/15.2.0/../../../../arm-none-eabi/lib/thumb\libg.a(libc_a-fflush.o)
                0x020145ac                __sflush_r
 .text._fflush_r
                0x0201472c       0x70 C:/devkitPro/devkitARM/bin/../lib/gcc/arm-none-eabi/15.2.0/../../../../arm-none-eabi/lib/thumb\libg.a(libc_a-fflush.o)
                0x0201472c                _fflush_r
 .text.__smakebuf_r
                0x0201479c       0xe0 C:/devkitPro/devkitARM/bin/../lib/gcc/arm-none-eabi/15.2.0/../../../../arm-none-eabi/lib/thumb\libg.a(libc_a-makebuf.o)
                0x0201479c                __smakebuf_r
 .text.__swhatbuf_r
                0x0201487c       0x5c C:/devkitPro/devkitARM/bin/../lib/gcc/arm-none-eabi/15.2.0/../../../../arm-none-eabi/lib/thumb\libg.a(libc_a-makebuf.o)
                0x0201487c                __swhatbuf_r
 .text._realloc_r
                0x020148d8      0x344 C:/devkitPro/devkitARM/bin/../lib/gcc/arm-none-eabi/15.2.0/../../../../arm-none-eabi/lib/thumb\libg.a(libc_a-reallocr.o)
                0x020148d8                _realloc_r
 .text.__ssputs_r
                0x02014c1c       0xd4 C:/devkitPro/devkitARM/bin/../lib/gcc/arm-none-eabi/15.2.0/../../../../arm-none-eabi/lib/thumb\libg.a(libc_a-ssputs_r.o)
                0x02014c1c                __ssputs_r
 .text.get_arg  0x02014cf0       0x3e C:/devkitPro/devkitARM/bin/../lib/gcc/arm-none-eabi/15.2.0/../../../../arm-none-eabi/lib/thumb\libg.a(libc_a-svfscanf.o)
 *fill*         0x02014d2e        0x2 ff
 .text.__ssvfscanf_r
                0x02014d30     0x1fc8 C:/devkitPro/devkitARM/bin/../lib/gcc/arm-none-eabi/15.2.0/../../../../arm-none-eabi/lib/thumb\libg.a(libc_a-svfscanf.o)
                0x02014d30                __ssvfscanf_r
 .text.__utf8_wctomb
                0x02016cf8       0xbc C:/devkitPro/devkitARM/bin/../lib/gcc/arm-none-eabi/15.2.0/../../../../arm-none-eabi/lib/thumb\libg.a(libc_a-wctomb_r.o)
                0x02016cf8                __utf8_wctomb
 .text._strtoull_l.isra.0
                0x02016db4      0x1c0 C:/devkitPro/devkitARM/bin/../lib/gcc/arm-none-eabi/15.2.0/../../../../arm-none-eabi/lib/thumb\libg.a(libc_a-strtoull.o)
 .text._strtoull_r
                0x02016f74       0x20 C:/devkitPro/devkitARM/bin/../lib/gcc/arm-none-eabi/15.2.0/../../../../arm-none-eabi/lib/thumb\libg.a(libc_a-strtoull.o)
                0x02016f74                _strtoull_r
 .text._mbrtowc_r
                0x02016f94       0x98 C:/devkitPro/devkitARM/bin/../lib/gcc/arm-none-eabi/15.2.0/../../../../arm-none-eabi/lib/thumb\libg.a(libc_a-mbrtowc.o)
                0x02016f94                _mbrtowc_r
 .text.__swsetup_r
                0x0201702c       0xd4 C:/devkitPro/devkitARM/bin/../lib/gcc/arm-none-eabi/15.2.0/../../../../arm-none-eabi/lib/thumb\libg.a(libc_a-wsetup.o)
                0x0201702c                __swsetup_r
 .text.nanf     0x02017100        0x8 C:/devkitPro/devkitARM/bin/../lib/gcc/arm-none-eabi/15.2.0/../../../../arm-none-eabi/lib/thumb\libg.a(libm_a-sf_nan.o)
                0x02017100                nanf
 .text.strncmp  0x02017108       0x70 C:/devkitPro/devkitARM/bin/../lib/gcc/arm-none-eabi/15.2.0/../../../../arm-none-eabi/lib/thumb\libg.a(libc_a-strncmp.o)
                0x02017108                strncmp
 .text.__sfvwrite_r
                0x02017178      0x31c C:/devkitPro/devkitARM/bin/../lib/gcc/arm-none-eabi/15.2.0/../../../../arm-none-eabi/lib/thumb\libg.a(libc_a-fvwrite.o)
                0x02017178                __sfvwrite_r
 .text.__assert_func
                0x02017494       0x40 C:/devkitPro/devkitARM/bin/../lib/gcc/arm-none-eabi/15.2.0/../../../../arm-none-eabi/lib/thumb\libg.a(libc_a-assert.o)
                0x02017494                __assert_func
 .text.iswspace_l
                0x020174d4       0x28 C:/devkitPro/devkitARM/bin/../lib/gcc/arm-none-eabi/15.2.0/../../../../arm-none-eabi/lib/thumb\libg.a(libc_a-iswspace_l.o)
                0x020174d4                iswspace_l
 .text._Balloc  0x020174fc       0x5c C:/devkitPro/devkitARM/bin/../lib/gcc/arm-none-eabi/15.2.0/../../../../arm-none-eabi/lib/thumb\libg.a(libc_a-mprec.o)
                0x020174fc                _Balloc
 .text._Bfree   0x02017558       0x14 C:/devkitPro/devkitARM/bin/../lib/gcc/arm-none-eabi/15.2.0/../../../../arm-none-eabi/lib/thumb\libg.a(libc_a-mprec.o)
                0x02017558                _Bfree
 .text.__multadd
                0x0201756c       0xa8 C:/devkitPro/devkitARM/bin/../lib/gcc/arm-none-eabi/15.2.0/../../../../arm-none-eabi/lib/thumb\libg.a(libc_a-mprec.o)
                0x0201756c                __multadd
 .text.__s2b    0x02017614       0xb4 C:/devkitPro/devkitARM/bin/../lib/gcc/arm-none-eabi/15.2.0/../../../../arm-none-eabi/lib/thumb\libg.a(libc_a-mprec.o)
                0x02017614                __s2b
 .text.__hi0bits
                0x020176c8       0x60 C:/devkitPro/devkitARM/bin/../lib/gcc/arm-none-eabi/15.2.0/../../../../arm-none-eabi/lib/thumb\libg.a(libc_a-mprec.o)
                0x020176c8                __hi0bits
 .text.__lo0bits
                0x02017728       0x8c C:/devkitPro/devkitARM/bin/../lib/gcc/arm-none-eabi/15.2.0/../../../../arm-none-eabi/lib/thumb\libg.a(libc_a-mprec.o)
                0x02017728                __lo0bits
 .text.__i2b    0x020177b4       0x64 C:/devkitPro/devkitARM/bin/../lib/gcc/arm-none-eabi/15.2.0/../../../../arm-none-eabi/lib/thumb\libg.a(libc_a-mprec.o)
                0x020177b4                __i2b
 .text.__multiply
                0x02017818      0x1b4 C:/devkitPro/devkitARM/bin/../lib/gcc/arm-none-eabi/15.2.0/../../../../arm-none-eabi/lib/thumb\libg.a(libc_a-mprec.o)
                0x02017818                __multiply
 .text.__pow5mult
                0x020179cc       0xd8 C:/devkitPro/devkitARM/bin/../lib/gcc/arm-none-eabi/15.2.0/../../../../arm-none-eabi/lib/thumb\libg.a(libc_a-mprec.o)
                0x020179cc                __pow5mult
 .text.__lshift
                0x02017aa4       0xf8 C:/devkitPro/devkitARM/bin/../lib/gcc/arm-none-eabi/15.2.0/../../../../arm-none-eabi/lib/thumb\libg.a(libc_a-mprec.o)
                0x02017aa4                __lshift
 .text.__mcmp   0x02017b9c       0x50 C:/devkitPro/devkitARM/bin/../lib/gcc/arm-none-eabi/15.2.0/../../../../arm-none-eabi/lib/thumb\libg.a(libc_a-mprec.o)
                0x02017b9c                __mcmp
 .text.__mdiff  0x02017bec      0x1a4 C:/devkitPro/devkitARM/bin/../lib/gcc/arm-none-eabi/15.2.0/../../../../arm-none-eabi/lib/thumb\libg.a(libc_a-mprec.o)
                0x02017bec                __mdiff
 .text.__ulp    0x02017d90       0x40 C:/devkitPro/devkitARM/bin/../lib/gcc/arm-none-eabi/15.2.0/../../../../arm-none-eabi/lib/thumb\libg.a(libc_a-mprec.o)
                0x02017d90                __ulp
 .text.__b2d    0x02017dd0       0xc8 C:/devkitPro/devkitARM/bin/../lib/gcc/arm-none-eabi/15.2.0/../../../../arm-none-eabi/lib/thumb\libg.a(libc_a-mprec.o)
                0x02017dd0                __b2d
 .text.__d2b    0x02017e98       0xd4 C:/devkitPro/devkitARM/bin/../lib/gcc/arm-none-eabi/15.2.0/../../../../arm-none-eabi/lib/thumb\libg.a(libc_a-mprec.o)
                0x02017e98                __d2b
 .text.__ratio  0x02017f6c       0x60 C:/devkitPro/devkitARM/bin/../lib/gcc/arm-none-eabi/15.2.0/../../../../arm-none-eabi/lib/thumb\libg.a(libc_a-mprec.o)
                0x02017f6c                __ratio
 .text.__copybits
                0x02017fcc       0x48 C:/devkitPro/devkitARM/bin/../lib/gcc/arm-none-eabi/15.2.0/../../../../arm-none-eabi/lib/thumb\libg.a(libc_a-mprec.o)
                0x02017fcc                __copybits
 .text.__any_on
                0x02018014       0x54 C:/devkitPro/devkitARM/bin/../lib/gcc/arm-none-eabi/15.2.0/../../../../arm-none-eabi/lib/thumb\libg.a(libc_a-mprec.o)
                0x02018014                __any_on
 .text._fclose_r
                0x02018068       0xdc C:/devkitPro/devkitARM/bin/../lib/gcc/arm-none-eabi/15.2.0/../../../../arm-none-eabi/lib/thumb\libg.a(libc_a-fclose.o)
                0x02018068                _fclose_r
 .text._strtoll_l.isra.0
                0x02018144      0x300 C:/devkitPro/devkitARM/bin/../lib/gcc/arm-none-eabi/15.2.0/../../../../arm-none-eabi/lib/thumb\libg.a(libc_a-strtoll.o)
 .text._strtoll_r
                0x02018444       0x20 C:/devkitPro/devkitARM/bin/../lib/gcc/arm-none-eabi/15.2.0/../../../../arm-none-eabi/lib/thumb\libg.a(libc_a-strtoll.o)
                0x02018444                _strtoll_r
 .text.__submore
                0x02018464       0x7c C:/devkitPro/devkitARM/bin/../lib/gcc/arm-none-eabi/15.2.0/../../../../arm-none-eabi/lib/thumb\libg.a(libc_a-ungetc.o)
                0x02018464                __submore
 .text.sulp     0x020184e0       0x34 C:/devkitPro/devkitARM/bin/../lib/gcc/arm-none-eabi/15.2.0/../../../../arm-none-eabi/lib/thumb\libg.a(libc_a-strtod.o)
 .text._strtod_l
                0x02018514      0xf7c C:/devkitPro/devkitARM/bin/../lib/gcc/arm-none-eabi/15.2.0/../../../../arm-none-eabi/lib/thumb\libg.a(libc_a-strtod.o)
                0x02018514                _strtod_l
 .text._strtod_r
                0x02019490       0x2c C:/devkitPro/devkitARM/bin/../lib/gcc/arm-none-eabi/15.2.0/../../../../arm-none-eabi/lib/thumb\libg.a(libc_a-strtod.o)
                0x02019490                _strtod_r
 .text.fiprintf
                0x020194bc       0x28 C:/devkitPro/devkitARM/bin/../lib/gcc/arm-none-eabi/15.2.0/../../../../arm-none-eabi/lib/thumb\libg.a(libc_a-fiprintf.o)
                0x020194bc                fiprintf
 .text.rshift   0x020194e4       0xac C:/devkitPro/devkitARM/bin/../lib/gcc/arm-none-eabi/15.2.0/../../../../arm-none-eabi/lib/thumb\libg.a(libc_a-gdtoa-gethex.o)
 .text.__gethex
                0x02019590      0x60c C:/devkitPro/devkitARM/bin/../lib/gcc/arm-none-eabi/15.2.0/../../../../arm-none-eabi/lib/thumb\libg.a(libc_a-gdtoa-gethex.o)
                0x02019590                __gethex
 .text.abort    0x02019b9c       0x10 C:/devkitPro/devkitARM/bin/../lib/gcc/arm-none-eabi/15.2.0/../../../../arm-none-eabi/lib/thumb\libg.a(libc_a-abort.o)
                0x02019b9c                abort
 .text._calloc_r
                0x02019bac       0xcc C:/devkitPro/devkitARM/bin/../lib/gcc/arm-none-eabi/15.2.0/../../../../arm-none-eabi/lib/thumb\libg.a(libc_a-callocr.o)
                0x02019bac                _calloc_r
 .text.category
                0x02019c78       0x5c C:/devkitPro/devkitARM/bin/../lib/gcc/arm-none-eabi/15.2.0/../../../../arm-none-eabi/lib/thumb\libg.a(libc_a-categories.o)
                0x02019c78                category
 .text.stpncpy  0x02019cd4       0x74 C:/devkitPro/devkitARM/bin/../lib/gcc/arm-none-eabi/15.2.0/../../../../arm-none-eabi/lib/thumb\libg.a(libc_a-stpncpy.o)
                0x02019cd4                stpncpy
 .text.__match  0x02019d48       0x38 C:/devkitPro/devkitARM/bin/../lib/gcc/arm-none-eabi/15.2.0/../../../../arm-none-eabi/lib/thumb\libg.a(libc_a-gdtoa-hexnan.o)
                0x02019d48                __match
 .text.__hexnan
                0x02019d80      0x1e8 C:/devkitPro/devkitARM/bin/../lib/gcc/arm-none-eabi/15.2.0/../../../../arm-none-eabi/lib/thumb\libg.a(libc_a-gdtoa-hexnan.o)
                0x02019d80                __hexnan
 .text.nan      0x02019f68        0xc C:/devkitPro/devkitARM/bin/../lib/gcc/arm-none-eabi/15.2.0/../../../../arm-none-eabi/lib/thumb\libg.a(libm_a-s_nan.o)
                0x02019f68                nan
 .text._raise_r
                0x02019f74       0x60 C:/devkitPro/devkitARM/bin/../lib/gcc/arm-none-eabi/15.2.0/../../../../arm-none-eabi/lib/thumb\libg.a(libc_a-signal.o)
                0x02019f74                _raise_r
 .text.raise    0x02019fd4       0x14 C:/devkitPro/devkitARM/bin/../lib/gcc/arm-none-eabi/15.2.0/../../../../arm-none-eabi/lib/thumb\libg.a(libc_a-signal.o)
                0x02019fd4                raise
 .text._exit    0x02019fe8       0x14 C:/devkitPro/devkitARM/bin/../lib/gcc/arm-none-eabi/15.2.0/../../../../arm-none-eabi/lib/thumb\libsysbase.a(libsysbase_libsysbase_a-_exit.o)
                0x02019fe8                _exit
 .text._fstat_r
                0x02019ffc       0x5c C:/devkitPro/devkitARM/bin/../lib/gcc/arm-none-eabi/15.2.0/../../../../arm-none-eabi/lib/thumb\libsysbase.a(libsysbase_libsysbase_a-fstat.o)
                0x02019ffc                _fstat_r
 .text._getpid_r
                0x0201a058        0xc C:/devkitPro/devkitARM/bin/../lib/gcc/arm-none-eabi/15.2.0/../../../../arm-none-eabi/lib/thumb\libsysbase.a(libsysbase_libsysbase_a-getpid.o)
                0x0201a058                _getpid_r
 .text.__getreent
                0x0201a064       0x20 C:/devkitPro/devkitARM/bin/../lib/gcc/arm-none-eabi/15.2.0/../../../../arm-none-eabi/lib/thumb\libsysbase.a(libsysbase_libsysbase_a-getreent.o)
                0x0201a064                __getreent
 .text.__get_handle
                0x0201a084       0x34 C:/devkitPro/devkitARM/bin/../lib/gcc/arm-none-eabi/15.2.0/../../../../arm-none-eabi/lib/thumb\libsysbase.a(libsysbase_libsysbase_a-handle_manager.o)
                0x0201a084                __get_handle
 .text._close_r
                0x0201a0b8       0xb0 C:/devkitPro/devkitARM/bin/../lib/gcc/arm-none-eabi/15.2.0/../../../../arm-none-eabi/lib/thumb\libsysbase.a(libsysbase_libsysbase_a-handle_manager.o)
                0x0201a0b8                _close_r
 .text.null_write
                0x0201a168        0x4 C:/devkitPro/devkitARM/bin/../lib/gcc/arm-none-eabi/15.2.0/../../../../arm-none-eabi/lib/thumb\libsysbase.a(libsysbase_libsysbase_a-iosupport.o)
 .text._isatty_r
                0x0201a16c        0x4 C:/devkitPro/devkitARM/bin/../lib/gcc/arm-none-eabi/15.2.0/../../../../arm-none-eabi/lib/thumb\libsysbase.a(libsysbase_libsysbase_a-isatty.o)
                0x0201a16c                _isatty_r
 .text._kill_r  0x0201a170        0xc C:/devkitPro/devkitARM/bin/../lib/gcc/arm-none-eabi/15.2.0/../../../../arm-none-eabi/lib/thumb\libsysbase.a(libsysbase_libsysbase_a-kill.o)
                0x0201a170                _kill_r
 .text._lseek_r
                0x0201a17c       0x64 C:/devkitPro/devkitARM/bin/../lib/gcc/arm-none-eabi/15.2.0/../../../../arm-none-eabi/lib/thumb\libsysbase.a(libsysbase_libsysbase_a-lseek.o)
                0x0201a17c                _lseek_r
 .text._read_r  0x0201a1e0       0x5c C:/devkitPro/devkitARM/bin/../lib/gcc/arm-none-eabi/15.2.0/../../../../arm-none-eabi/lib/thumb\libsysbase.a(libsysbase_libsysbase_a-read.o)
                0x0201a1e0                _read_r
 .text._sbrk_r  0x0201a23c       0x50 C:/devkitPro/devkitARM/bin/../lib/gcc/arm-none-eabi/15.2.0/../../../../arm-none-eabi/lib/thumb\libsysbase.a(libsysbase_libsysbase_a-sbrk.o)
                0x0201a23c                _sbrk_r
 .text.__libc_lock_acquire
                0x0201a28c       0x18 C:/devkitPro/devkitARM/bin/../lib/gcc/arm-none-eabi/15.2.0/../../../../arm-none-eabi/lib/thumb\libsysbase.a(libsysbase_libsysbase_a-syscall_support.o)
                0x0201a28c                __libc_lock_acquire
 .text.__libc_lock_release
                0x0201a2a4       0x18 C:/devkitPro/devkitARM/bin/../lib/gcc/arm-none-eabi/15.2.0/../../../../arm-none-eabi/lib/thumb\libsysbase.a(libsysbase_libsysbase_a-syscall_support.o)
                0x0201a2a4                __libc_lock_release
 .text.__libc_lock_acquire_recursive
                0x0201a2bc       0x18 C:/devkitPro/devkitARM/bin/../lib/gcc/arm-none-eabi/15.2.0/../../../../arm-none-eabi/lib/thumb\libsysbase.a(libsysbase_libsysbase_a-syscall_support.o)
                0x0201a2bc                __libc_lock_acquire_recursive
 .text.__libc_lock_release_recursive
                0x0201a2d4       0x18 C:/devkitPro/devkitARM/bin/../lib/gcc/arm-none-eabi/15.2.0/../../../../arm-none-eabi/lib/thumb\libsysbase.a(libsysbase_libsysbase_a-syscall_support.o)
                0x0201a2d4                __libc_lock_release_recursive
 .text._write_r
                0x0201a2ec       0x5c C:/devkitPro/devkitARM/bin/../lib/gcc/arm-none-eabi/15.2.0/../../../../arm-none-eabi/lib/thumb\libsysbase.a(libsysbase_libsysbase_a-write.o)
                0x0201a2ec                _write_r
 .text          0x0201a348       0x14 C:/devkitPro/devkitARM/bin/../lib/gcc/arm-none-eabi/15.2.0/thumb\libgcc.a(_thumb1_case_uqi.o)
                0x0201a348                __gnu_thumb1_case_uqi
 .text          0x0201a35c       0x14 C:/devkitPro/devkitARM/bin/../lib/gcc/arm-none-eabi/15.2.0/thumb\libgcc.a(_thumb1_case_uhi.o)
                0x0201a35c                __gnu_thumb1_case_uhi
 .text          0x0201a370      0x11c C:/devkitPro/devkitARM/bin/../lib/gcc/arm-none-eabi/15.2.0/thumb\libgcc.a(_udivsi3.o)
                0x0201a370                __aeabi_uidiv
                0x0201a370                __udivsi3
                0x0201a46c                __aeabi_uidivmod
 .text          0x0201a48c      0x49c C:/devkitPro/devkitARM/bin/../lib/gcc/arm-none-eabi/15.2.0/thumb\libgcc.a(_arm_muldivdf3.o)
                0x0201a48c                __aeabi_dmul
                0x0201a48c                __muldf3
                0x0201a71c                __divdf3
                0x0201a71c                __aeabi_ddiv
 .text          0x0201a928      0x144 C:/devkitPro/devkitARM/bin/../lib/gcc/arm-none-eabi/15.2.0/thumb\libgcc.a(_arm_cmpdf2.o)
                0x0201a928                __gtdf2
                0x0201a928                __gedf2
                0x0201a930                __ltdf2
                0x0201a930                __ledf2
                0x0201a938                __nedf2
                0x0201a938                __eqdf2
                0x0201a938                __cmpdf2
                0x0201a9c0                __aeabi_cdrcmple
                0x0201a9dc                __aeabi_cdcmpeq
                0x0201a9dc                __aeabi_cdcmple
                0x0201a9f4                __aeabi_dcmpeq
                0x0201aa0c                __aeabi_dcmplt
                0x0201aa24                __aeabi_dcmple
                0x0201aa3c                __aeabi_dcmpge
                0x0201aa54                __aeabi_dcmpgt
 .text          0x0201aa6c       0x38 C:/devkitPro/devkitARM/bin/../lib/gcc/arm-none-eabi/15.2.0/thumb\libgcc.a(_arm_unorddf2.o)
                0x0201aa6c                __unorddf2
                0x0201aa6c                __aeabi_dcmpun
 .text          0x0201aaa4       0x5c C:/devkitPro/devkitARM/bin/../lib/gcc/arm-none-eabi/15.2.0/thumb\libgcc.a(_arm_fixdfsi.o)
                0x0201aaa4                __aeabi_d2iz
                0x0201aaa4                __fixdfsi
 .text          0x0201ab00       0x54 C:/devkitPro/devkitARM/bin/../lib/gcc/arm-none-eabi/15.2.0/thumb\libgcc.a(_arm_fixunsdfsi.o)
                0x0201ab00                __aeabi_d2uiz
                0x0201ab00                __fixunsdfsi
 .text          0x0201ab54       0xa0 C:/devkitPro/devkitARM/bin/../lib/gcc/arm-none-eabi/15.2.0/thumb\libgcc.a(_arm_truncdfsf2.o)
                0x0201ab54                __truncdfsf2
                0x0201ab54                __aeabi_d2f
 .text.__muldi3
                0x0201abf4       0x58 C:/devkitPro/devkitARM/bin/../lib/gcc/arm-none-eabi/15.2.0/thumb\libgcc.a(_muldi3.o)
                0x0201abf4                __muldi3
                0x0201abf4                __aeabi_lmul
 .text.__fixdfdi
                0x0201ac4c       0x3c C:/devkitPro/devkitARM/bin/../lib/gcc/arm-none-eabi/15.2.0/thumb\libgcc.a(_fixdfdi.o)
                0x0201ac4c                __fixdfdi
                0x0201ac4c                __aeabi_d2lz
 .text.__fixunsdfdi
                0x0201ac88       0x40 C:/devkitPro/devkitARM/bin/../lib/gcc/arm-none-eabi/15.2.0/thumb\libgcc.a(_fixunsdfdi.o)
                0x0201ac88                __fixunsdfdi
                0x0201ac88                __aeabi_d2ulz
 EXCLUDE_FILE(*.twl.*) *(.glue_7t .glue_7 .vfp11_veneer .v4_bx)
 .glue_7        0x0201acc8        0x0 linker stubs
 .glue_7t       0x0201acc8        0x0 linker stubs
 .vfp11_veneer  0x0201acc8        0x0 linker stubs
 .v4_bx         0x0201acc8        0x0 linker stubs
 *(SORT_NONE(.fini))
 .fini          0x0201acc8        0x4 C:/devkitPro/devkitARM/bin/../lib/gcc/arm-none-eabi/15.2.0/thumb/crti.o
                0x0201acc8                _fini
 .fini          0x0201accc        0x8 C:/devkitPro/devkitARM/bin/../lib/gcc/arm-none-eabi/15.2.0/thumb/crtn.o
 *fill*         0x0201acd4        0x4 ff
 .fini.__stub   0x0201acd8       0x20 linker stubs
 EXCLUDE_FILE(*.twl.*) *(.rodata .rodata.* .gnu.linkonce.r.*)
 .rodata.str1.4
                0x0201acf8      0x768 main.o
                                0x4e1 (size before relaxing)
 .rodata.sgIP_DHCP_Init.str1.4
                0x0201b460        0x0 C:/devkitPro/libnds/lib\libdswifi9.a(sgIP_DHCP.o)
                                  0xb (size before relaxing)
 .rodata.sgIP_DHCP_BeginDgram.str1.4
                0x0201b460        0x0 C:/devkitPro/libnds/lib\libdswifi9.a(sgIP_DHCP.o)
                                  0x9 (size before relaxing)
 .rodata.sgIP_DHCP_Update
                0x0201b460        0x7 C:/devkitPro/libnds/lib\libdswifi9.a(sgIP_DHCP.o)
 .rodata.sgIP_DNS_isipaddress
                0x0201b467       0x2f C:/devkitPro/libnds/lib\libdswifi9.a(sgIP_DNS.o)
 .rodata.connect
                0x0201b496        0xd C:/devkitPro/libnds/lib\libdswifi9.a(sgIP_sockets.o)
 .rodata._wfcOnEvent.part.0.str1.4
                0x0201b4a3        0x0 C:/devkitPro/libnds/lib\libdswifi9.a(wfc.o)
                                  0x7 (size before relaxing)
 .rodata.sgIP_TCP_Timer
                0x0201b4a3        0x9 C:/devkitPro/libnds/lib\libdswifi9.a(sgIP_TCP.o)
 .rodata.sgIP_TCP_ReceivePacket
                0x0201b4ac       0x1a C:/devkitPro/libnds/lib\libdswifi9.a(sgIP_TCP.o)
 .rodata.con_write.str1.4
                0x0201b4c6        0x0 C:/devkitPro/libnds/lib\libnds9.a(console.o)
                                 0x30 (size before relaxing)
 *fill*         0x0201b4c6        0x2 ff
 .rodata.con_write
                0x0201b4c8       0xd4 C:/devkitPro/libnds/lib\libnds9.a(console.o)
 .rodata.consoleClear.str1.4
                0x0201b59c        0x0 C:/devkitPro/libnds/lib\libnds9.a(console.o)
                                  0x5 (size before relaxing)
 .rodata.str1.4
                0x0201b59c        0x0 C:/devkitPro/libnds/lib\libnds9.a(console.o)
                                 0x14 (size before relaxing)
 .rodata.dotab_stdout
                0x0201b59c       0x80 C:/devkitPro/libnds/lib\libnds9.a(console.o)
 .rodata.default_font_bin
                0x0201b61c      0x800 C:/devkitPro/libnds/lib\libnds9.a(default_font.bin.o)
                0x0201b61c                default_font_bin
                0x0201be1c                default_font_bin_end
 .rodata.SIN_LUT
                0x0201be1c      0x102 C:/devkitPro/libnds/lib\libnds9.a(trig.o)
                0x0201be1c                SIN_LUT
 *fill*         0x0201bf1e        0x2 ff
 .rodata.s_netbufListSizes
                0x0201bf20        0xa C:/devkitPro/calico/lib\libcalico_ds9.a(netbuf.o)
 .rodata._wlmgrThreadMain
                0x0201bf2a        0x4 C:/devkitPro/calico/lib\libcalico_ds9.a(wlmgr.o)
 *fill*         0x0201bf2e        0x2 ff
 .rodata.g_wlmgrDefaultConfig
                0x0201bf30        0xc C:/devkitPro/calico/lib\libcalico_ds9.a(wlmgr.o)
                0x0201bf30                g_wlmgrDefaultConfig
 .rodata        0x0201bf3c       0x16 C:/devkitPro/calico/lib\libcalico_ds9.a(wlmgr.o)
 .rodata._svfprintf_r.str1.1
                0x0201bf52       0x40 C:/devkitPro/devkitARM/bin/../lib/gcc/arm-none-eabi/15.2.0/../../../../arm-none-eabi/lib/thumb\libg.a(libc_a-svfprintf.o)
                                 0x3b (size before relaxing)
 *fill*         0x0201bf92        0x2 ff
 .rodata.zeroes.0
                0x0201bf94       0x10 C:/devkitPro/devkitARM/bin/../lib/gcc/arm-none-eabi/15.2.0/../../../../arm-none-eabi/lib/thumb\libg.a(libc_a-svfprintf.o)
 .rodata.blanks.1
                0x0201bfa4       0x10 C:/devkitPro/devkitARM/bin/../lib/gcc/arm-none-eabi/15.2.0/../../../../arm-none-eabi/lib/thumb\libg.a(libc_a-svfprintf.o)
 .rodata.__action_table
                0x0201bfb4       0x6c C:/devkitPro/devkitARM/bin/../lib/gcc/arm-none-eabi/15.2.0/../../../../arm-none-eabi/lib/thumb\libg.a(libc_a-svfiprintf.o)
                0x0201bfb4                __action_table
 .rodata.__state_table
                0x0201c020       0x6c C:/devkitPro/devkitARM/bin/../lib/gcc/arm-none-eabi/15.2.0/../../../../arm-none-eabi/lib/thumb\libg.a(libc_a-svfiprintf.o)
                0x0201c020                __state_table
 .rodata.__chclass
                0x0201c08c      0x100 C:/devkitPro/devkitARM/bin/../lib/gcc/arm-none-eabi/15.2.0/../../../../arm-none-eabi/lib/thumb\libg.a(libc_a-svfiprintf.o)
                0x0201c08c                __chclass
 .rodata.str1.4
                0x0201c18c        0x0 C:/devkitPro/devkitARM/bin/../lib/gcc/arm-none-eabi/15.2.0/../../../../arm-none-eabi/lib/thumb\libg.a(libc_a-locale.o)
                                 0x4c (size before relaxing)
 .rodata._vfiprintf_r.str1.1
                0x0201c18c        0x0 C:/devkitPro/devkitARM/bin/../lib/gcc/arm-none-eabi/15.2.0/../../../../arm-none-eabi/lib/thumb\libg.a(libc_a-vfiprintf.o)
                                 0x29 (size before relaxing)
 .rodata.zeroes.0
                0x0201c18c       0x10 C:/devkitPro/devkitARM/bin/../lib/gcc/arm-none-eabi/15.2.0/../../../../arm-none-eabi/lib/thumb\libg.a(libc_a-vfiprintf.o)
 .rodata.blanks.1
                0x0201c19c       0x10 C:/devkitPro/devkitARM/bin/../lib/gcc/arm-none-eabi/15.2.0/../../../../arm-none-eabi/lib/thumb\libg.a(libc_a-vfiprintf.o)
 .rodata.basefix.0
                0x0201c1ac       0x22 C:/devkitPro/devkitARM/bin/../lib/gcc/arm-none-eabi/15.2.0/../../../../arm-none-eabi/lib/thumb\libg.a(libc_a-svfiscanf.o)
 .rodata._dtoa_r.str1.4
                0x0201c1ce        0x0 C:/devkitPro/devkitARM/bin/../lib/gcc/arm-none-eabi/15.2.0/../../../../arm-none-eabi/lib/thumb\libg.a(libc_a-dtoa.o)
                                 0x9c (size before relaxing)
 *fill*         0x0201c1ce        0x2 ff
 .rodata._ctype_
                0x0201c1d0      0x101 C:/devkitPro/devkitARM/bin/../lib/gcc/arm-none-eabi/15.2.0/../../../../arm-none-eabi/lib/thumb\libg.a(libc_a-ctype_.o)
                0x0201c1d0                _ctype_
 .rodata.__ssvfscanf_r.str1.1
                0x0201c2d1        0x0 C:/devkitPro/devkitARM/bin/../lib/gcc/arm-none-eabi/15.2.0/../../../../arm-none-eabi/lib/thumb\libg.a(libc_a-svfscanf.o)
                                  0x6 (size before relaxing)
 *fill*         0x0201c2d1        0x3 ff
 .rodata.basefix.0
                0x0201c2d4       0x22 C:/devkitPro/devkitARM/bin/../lib/gcc/arm-none-eabi/15.2.0/../../../../arm-none-eabi/lib/thumb\libg.a(libc_a-svfscanf.o)
 .rodata._mbrtowc_r.str1.4
                0x0201c2f6        0x0 C:/devkitPro/devkitARM/bin/../lib/gcc/arm-none-eabi/15.2.0/../../../../arm-none-eabi/lib/thumb\libg.a(libc_a-mbrtowc.o)
                                  0x1 (size before relaxing)
 .rodata.__assert_func.str1.4
                0x0201c2f6        0x0 C:/devkitPro/devkitARM/bin/../lib/gcc/arm-none-eabi/15.2.0/../../../../arm-none-eabi/lib/thumb\libg.a(libc_a-assert.o)
                                 0x43 (size before relaxing)
 .rodata.__multadd.str1.4
                0x0201c2f6        0x0 C:/devkitPro/devkitARM/bin/../lib/gcc/arm-none-eabi/15.2.0/../../../../arm-none-eabi/lib/thumb\libg.a(libc_a-mprec.o)
                                 0x89 (size before relaxing)
 *fill*         0x0201c2f6        0x2 ff
 .rodata.p05.0  0x0201c2f8        0xc C:/devkitPro/devkitARM/bin/../lib/gcc/arm-none-eabi/15.2.0/../../../../arm-none-eabi/lib/thumb\libg.a(libc_a-mprec.o)
 *fill*         0x0201c304        0x4 ff
 .rodata.__mprec_bigtens
                0x0201c308       0x28 C:/devkitPro/devkitARM/bin/../lib/gcc/arm-none-eabi/15.2.0/../../../../arm-none-eabi/lib/thumb\libg.a(libc_a-mprec.o)
                0x0201c308                __mprec_bigtens
 .rodata.__mprec_tens
                0x0201c330       0xc8 C:/devkitPro/devkitARM/bin/../lib/gcc/arm-none-eabi/15.2.0/../../../../arm-none-eabi/lib/thumb\libg.a(libc_a-mprec.o)
                0x0201c330                __mprec_tens
 .rodata._strtod_l.str1.4
                0x0201c3f8        0x0 C:/devkitPro/devkitARM/bin/../lib/gcc/arm-none-eabi/15.2.0/../../../../arm-none-eabi/lib/thumb\libg.a(libc_a-strtod.o)
                                 0x15 (size before relaxing)
 .rodata._strtod_l
                0x0201c3f8       0xd0 C:/devkitPro/devkitARM/bin/../lib/gcc/arm-none-eabi/15.2.0/../../../../arm-none-eabi/lib/thumb\libg.a(libc_a-strtod.o)
 .rodata.fpinan.0
                0x0201c4c8       0x14 C:/devkitPro/devkitARM/bin/../lib/gcc/arm-none-eabi/15.2.0/../../../../arm-none-eabi/lib/thumb\libg.a(libc_a-strtod.o)
 .rodata.fpi.1  0x0201c4dc       0x14 C:/devkitPro/devkitARM/bin/../lib/gcc/arm-none-eabi/15.2.0/../../../../arm-none-eabi/lib/thumb\libg.a(libc_a-strtod.o)
 .rodata.tinytens
                0x0201c4f0       0x28 C:/devkitPro/devkitARM/bin/../lib/gcc/arm-none-eabi/15.2.0/../../../../arm-none-eabi/lib/thumb\libg.a(libc_a-strtod.o)
 .rodata.__gethex.str1.4
                0x0201c518        0x0 C:/devkitPro/devkitARM/bin/../lib/gcc/arm-none-eabi/15.2.0/../../../../arm-none-eabi/lib/thumb\libg.a(libc_a-gdtoa-gethex.o)
                                 0x94 (size before relaxing)
 .rodata.__hexdig
                0x0201c518      0x100 C:/devkitPro/devkitARM/bin/../lib/gcc/arm-none-eabi/15.2.0/../../../../arm-none-eabi/lib/thumb\libg.a(libc_a-gdtoa-gethex.o)
                0x0201c518                __hexdig
 .rodata.categories
                0x0201c618     0x35dc C:/devkitPro/devkitARM/bin/../lib/gcc/arm-none-eabi/15.2.0/../../../../arm-none-eabi/lib/thumb\libg.a(libc_a-categories.o)
 .rodata.AddDevice.str1.4
                0x0201fbf4        0x0 C:/devkitPro/devkitARM/bin/../lib/gcc/arm-none-eabi/15.2.0/../../../../arm-none-eabi/lib/thumb\libsysbase.a(libsysbase_libsysbase_a-iosupport.o)
                                  0x8 (size before relaxing)
 .rodata.dotab_stdnull
                0x0201fbf4       0x80 C:/devkitPro/devkitARM/bin/../lib/gcc/arm-none-eabi/15.2.0/../../../../arm-none-eabi/lib/thumb\libsysbase.a(libsysbase_libsysbase_a-iosupport.o)
                0x0201fbf4                dotab_stdnull
 EXCLUDE_FILE(*.twl.*) *(.rodata1)
                0x0201fc74                        . = ALIGN (0x4)

.main.rw        0x0201fc78     0x1848 load address 0x02023eec
 EXCLUDE_FILE(*.twl.*) *(.data .data.* .gnu.linkonce.d.*)
 .data.firstConsoleInit.0
                0x0201fc78        0x1 C:/devkitPro/libnds/lib\libnds9.a(console.o)
 *fill*         0x0201fc79        0x3 ff
 .data.currentConsole
                0x0201fc7c        0x4 C:/devkitPro/libnds/lib\libnds9.a(console.o)
                0x0201fc7c                currentConsole
 .data.defaultConsole
                0x0201fc80       0x5c C:/devkitPro/libnds/lib\libnds9.a(console.o)
                0x0201fc80                defaultConsole
 .data.count    0x0201fcdc        0x1 C:/devkitPro/libnds/lib\libnds9.a(keys.o)
 .data.repeat   0x0201fcdd        0x1 C:/devkitPro/libnds/lib\libnds9.a(keys.o)
 .data.delay    0x0201fcde        0x1 C:/devkitPro/libnds/lib\libnds9.a(keys.o)
 *fill*         0x0201fcdf        0x1 ff
 .data.bgTransform
                0x0201fce0       0x20 C:/devkitPro/libnds/lib\libnds9.a(background.o)
                0x0201fce0                bgTransform
 .data.bgScrollTable
                0x0201fd00       0x20 C:/devkitPro/libnds/lib\libnds9.a(background.o)
                0x0201fd00                bgScrollTable
 .data.bgControl
                0x0201fd20       0x20 C:/devkitPro/libnds/lib\libnds9.a(background.o)
                0x0201fd20                bgControl
 .data.__malloc_sbrk_base
                0x0201fd40        0x4 C:/devkitPro/devkitARM/bin/../lib/gcc/arm-none-eabi/15.2.0/../../../../arm-none-eabi/lib/thumb\libg.a(libc_a-mallocr.o)
                0x0201fd40                __malloc_sbrk_base
 .data.__malloc_trim_threshold
                0x0201fd44        0x4 C:/devkitPro/devkitARM/bin/../lib/gcc/arm-none-eabi/15.2.0/../../../../arm-none-eabi/lib/thumb\libg.a(libc_a-mallocr.o)
                0x0201fd44                __malloc_trim_threshold
 .data.__malloc_av_
                0x0201fd48      0x408 C:/devkitPro/devkitARM/bin/../lib/gcc/arm-none-eabi/15.2.0/../../../../arm-none-eabi/lib/thumb\libg.a(libc_a-mallocr.o)
                0x0201fd48                __malloc_av_
 .data.__global_locale
                0x02020150      0x16c C:/devkitPro/devkitARM/bin/../lib/gcc/arm-none-eabi/15.2.0/../../../../arm-none-eabi/lib/thumb\libg.a(libc_a-locale.o)